Component: ARM Compiler 5.06 update 7 (build 960) Tool: armlink [4d3601]

==============================================================================

Section Cross References

    startup_stm32f427xx.o(STACK) refers (Special) to heapauxi.o(.text) for __use_two_region_memory
    startup_stm32f427xx.o(HEAP) refers (Special) to heapauxi.o(.text) for __use_two_region_memory
    startup_stm32f427xx.o(RESET) refers (Special) to heapauxi.o(.text) for __use_two_region_memory
    startup_stm32f427xx.o(RESET) refers to startup_stm32f427xx.o(STACK) for __initial_sp
    startup_stm32f427xx.o(RESET) refers to startup_stm32f427xx.o(.text) for Reset_Handler
    startup_stm32f427xx.o(RESET) refers to stm32f4xx_it.o(i.NMI_Handler) for NMI_Handler
    startup_stm32f427xx.o(RESET) refers to stm32f4xx_it.o(i.HardFault_Handler) for HardFault_Handler
    startup_stm32f427xx.o(RESET) refers to stm32f4xx_it.o(i.MemManage_Handler) for MemManage_Handler
    startup_stm32f427xx.o(RESET) refers to stm32f4xx_it.o(i.BusFault_Handler) for BusFault_Handler
    startup_stm32f427xx.o(RESET) refers to stm32f4xx_it.o(i.UsageFault_Handler) for UsageFault_Handler
    startup_stm32f427xx.o(RESET) refers to stm32f4xx_it.o(i.SVC_Handler) for SVC_Handler
    startup_stm32f427xx.o(RESET) refers to stm32f4xx_it.o(i.DebugMon_Handler) for DebugMon_Handler
    startup_stm32f427xx.o(RESET) refers to stm32f4xx_it.o(i.PendSV_Handler) for PendSV_Handler
    startup_stm32f427xx.o(RESET) refers to stm32f4xx_it.o(i.SysTick_Handler) for SysTick_Handler
    startup_stm32f427xx.o(RESET) refers to stm32f4xx_it.o(i.DMA1_Stream5_IRQHandler) for DMA1_Stream5_IRQHandler
    startup_stm32f427xx.o(RESET) refers to stm32f4xx_it.o(i.DMA1_Stream6_IRQHandler) for DMA1_Stream6_IRQHandler
    startup_stm32f427xx.o(RESET) refers to stm32f4xx_it.o(i.CAN1_RX0_IRQHandler) for CAN1_RX0_IRQHandler
    startup_stm32f427xx.o(RESET) refers to stm32f4xx_it.o(i.CAN1_RX1_IRQHandler) for CAN1_RX1_IRQHandler
    startup_stm32f427xx.o(RESET) refers to stm32f4xx_it.o(i.USART2_IRQHandler) for USART2_IRQHandler
    startup_stm32f427xx.o(.text) refers (Special) to heapauxi.o(.text) for __use_two_region_memory
    startup_stm32f427xx.o(.text) refers to system_stm32f4xx.o(i.SystemInit) for SystemInit
    startup_stm32f427xx.o(.text) refers to __main.o(!!!main) for __main
    startup_stm32f427xx.o(.text) refers to startup_stm32f427xx.o(HEAP) for Heap_Mem
    startup_stm32f427xx.o(.text) refers to startup_stm32f427xx.o(STACK) for Stack_Mem
    main.o(i._Z18SystemClock_Configv) refers to rt_memclr_w.o(.text) for __aeabi_memclr4
    main.o(i._Z18SystemClock_Configv) refers to stm32f4xx_hal_rcc.o(i.HAL_RCC_OscConfig) for HAL_RCC_OscConfig
    main.o(i._Z18SystemClock_Configv) refers to main.o(i.Error_Handler) for Error_Handler
    main.o(i._Z18SystemClock_Configv) refers to stm32f4xx_hal_pwr_ex.o(i.HAL_PWREx_EnableOverDrive) for HAL_PWREx_EnableOverDrive
    main.o(i._Z18SystemClock_Configv) refers to stm32f4xx_hal_rcc.o(i.HAL_RCC_ClockConfig) for HAL_RCC_ClockConfig
    main.o(i._Z19CAN_Motor_Call_BackP20Struct_CAN_Rx_Buffer) refers to dvc_motor.o(i._ZN16Class_Motor_C62018CAN_RxCpltCallbackEPh) for Class_Motor_C620::CAN_RxCpltCallback(unsigned char*)
    main.o(i._Z19CAN_Motor_Call_BackP20Struct_CAN_Rx_Buffer) refers to dvc_motor.o(i._ZN16Class_Motor_C61018CAN_RxCpltCallbackEPh) for Class_Motor_C610::CAN_RxCpltCallback(unsigned char*)
    main.o(i._Z19CAN_Motor_Call_BackP20Struct_CAN_Rx_Buffer) refers to main.o(.bss) for motor3
    main.o(i._Z25Motor2006_Rotate_0_Degreev) refers to dvc_motor.o(i._ZN16Class_Motor_C61016Set_Target_AngleEf) for Class_Motor_C610::Set_Target_Angle(float)
    main.o(i._Z25Motor2006_Rotate_0_Degreev) refers to main.o(.bss) for motor1
    main.o(i._Z25Motor3508_Rotate_0_Degreev) refers to dvc_motor.o(i._ZN16Class_Motor_C62016Set_Target_AngleEf) for Class_Motor_C620::Set_Target_Angle(float)
    main.o(i._Z25Motor3508_Rotate_0_Degreev) refers to main.o(.bss) for motor3
    main.o(i._Z25UART_Serialplot_Call_BackPht) refers to dvc_serialplot.o(i._ZN16Class_Serialplot19UART_RxCpltCallbackEPh) for Class_Serialplot::UART_RxCpltCallback(unsigned char*)
    main.o(i._Z25UART_Serialplot_Call_BackPht) refers to dvc_serialplot.o(i._ZN16Class_Serialplot18Get_Variable_IndexEv) for Class_Serialplot::Get_Variable_Index()
    main.o(i._Z25UART_Serialplot_Call_BackPht) refers to dvc_serialplot.o(i._ZN16Class_Serialplot18Get_Variable_ValueEv) for Class_Serialplot::Get_Variable_Value()
    main.o(i._Z25UART_Serialplot_Call_BackPht) refers to d2f.o(x$fpl$d2f) for __aeabi_d2f
    main.o(i._Z25UART_Serialplot_Call_BackPht) refers to alg_pid.o(i._ZN9Class_PID7Set_K_PEf) for Class_PID::Set_K_P(float)
    main.o(i._Z25UART_Serialplot_Call_BackPht) refers to alg_pid.o(i._ZN9Class_PID7Set_K_IEf) for Class_PID::Set_K_I(float)
    main.o(i._Z25UART_Serialplot_Call_BackPht) refers to alg_pid.o(i._ZN9Class_PID7Set_K_DEf) for Class_PID::Set_K_D(float)
[...]
    [local to stm32f4xx_hal_uart_c]::UART_EndTransmit_IT(__UART_HandleTypeDef*) 0x08004549   Thumb Code    32  stm32f4xx_hal_uart.o(i._ZN42_INTERNAL_20_stm32f4xx_hal_uart_c_d497114f19UART_EndTransmit_ITEP20__UART_HandleTypeDef)
    i._ZN42_INTERNAL_20_stm32f4xx_hal_uart_c_d497114f20UART_DMAAbortOnErrorEP19__DMA_HandleTypeDef 0x08004568   Section        0  stm32f4xx_hal_uart.o(i._ZN42_INTERNAL_20_stm32f4xx_hal_uart_c_d497114f20UART_DMAAbortOnErrorEP19__DMA_HandleTypeDef)
    [local to stm32f4xx_hal_uart_c]::UART_DMAAbortOnError(__DMA_HandleTypeDef*) 0x08004569   Thumb Code    20  stm32f4xx_hal_uart.o(i._ZN42_INTERNAL_20_stm32f4xx_hal_uart_c_d497114f20UART_DMAAbortOnErrorEP19__DMA_HandleTypeDef)
    i._ZN42_INTERNAL_20_stm32f4xx_hal_uart_c_d497114f20UART_DMATransmitCpltEP19__DMA_HandleTypeDef 0x0800457c   Section        0  stm32f4xx_hal_uart.o(i._ZN42_INTERNAL_20_stm32f4xx_hal_uart_c_d497114f20UART_DMATransmitCpltEP19__DMA_HandleTypeDef)
    [local to stm32f4xx_hal_uart_c]::UART_DMATransmitCplt(__DMA_HandleTypeDef*) 0x0800457d   Thumb Code    88  stm32f4xx_hal_uart.o(i._ZN42_INTERNAL_20_stm32f4xx_hal_uart_c_d497114f20UART_DMATransmitCpltEP19__DMA_HandleTypeDef)
    i._ZN44_INTERNAL_22_stm32f4xx_hal_cortex_c_2992dbc018__NVIC_SetPriorityE9IRQn_Typej 0x080045d4   Section        0  stm32f4xx_hal_cortex.o(i._ZN44_INTERNAL_22_stm32f4xx_hal_cortex_c_2992dbc018__NVIC_SetPriorityE9IRQn_Typej)
    [local to stm32f4xx_hal_cortex_c]::__NVIC_SetPriority(IRQn_Type, unsigned) 0x080045d5   Thumb Code    32  stm32f4xx_hal_cortex.o(i._ZN44_INTERNAL_22_stm32f4xx_hal_cortex_c_2992dbc018__NVIC_SetPriorityE9IRQn_Typej)
    i._ZN44_INTERNAL_22_stm32f4xx_hal_cortex_c_2992dbc026__NVIC_GetPriorityGroupingEv 0x080045fc   Section        0  stm32f4xx_hal_cortex.o(i._ZN44_INTERNAL_22_stm32f4xx_hal_cortex_c_2992dbc026__NVIC_GetPriorityGroupingEv)
    [local to stm32f4xx_hal_cortex_c]::__NVIC_GetPriorityGrouping() 0x080045fd   Thumb Code    10  stm32f4xx_hal_cortex.o(i._ZN44_INTERNAL_22_stm32f4xx_hal_cortex_c_2992dbc026__NVIC_GetPriorityGroupingEv)
    i._ZN9Class_PID10Set_TargetEf            0x0800460c   Section        0  alg_pid.o(i._ZN9Class_PID10Set_TargetEf)
    i._ZN9Class_PID32TIM_Adjust_PeriodElapsedCallbackEv 0x08004614   Section        0  alg_pid.o(i._ZN9Class_PID32TIM_Adjust_PeriodElapsedCallbackEv)
    i._ZN9Class_PID4InitEfffffffffff16Enum_PID_D_First 0x08004888   Section        0  alg_pid.o(i._ZN9Class_PID4InitEfffffffffff16Enum_PID_D_First)
    i._ZN9Class_PID7Get_OutEv                0x080048b8   Section        0  alg_pid.o(i._ZN9Class_PID7Get_OutEv)
    i._ZN9Class_PID7Set_K_DEf                0x080048be   Section        0  alg_pid.o(i._ZN9Class_PID7Set_K_DEf)
    i._ZN9Class_PID7Set_K_IEf                0x080048c4   Section        0  alg_pid.o(i._ZN9Class_PID7Set_K_IEf)
    i._ZN9Class_PID7Set_K_PEf                0x080048ca   Section        0  alg_pid.o(i._ZN9Class_PID7Set_K_PEf)
    i._ZN9Class_PID7Set_NowEf                0x080048d0   Section        0  alg_pid.o(i._ZN9Class_PID7Set_NowEf)
    i._ZN9Class_PIDC1Ev                      0x080048d8   Section        0  main.o(i._ZN9Class_PIDC1Ev)
    i.__ARM_fpclassifyf                      0x08004968   Section        0  fpclassifyf.o(i.__ARM_fpclassifyf)
    i.__hardfp_powf                          0x08004990   Section        0  powf.o(i.__hardfp_powf)
    i.__mathlib_flt_divzero                  0x08004ff4   Section        0  funder.o(i.__mathlib_flt_divzero)
    i.__mathlib_flt_infnan2                  0x08005008   Section        0  funder.o(i.__mathlib_flt_infnan2)
    i.__mathlib_flt_invalid                  0x08005010   Section        0  funder.o(i.__mathlib_flt_invalid)
    i.__mathlib_flt_overflow                 0x08005020   Section        0  funder.o(i.__mathlib_flt_overflow)
    i.__mathlib_flt_underflow                0x08005030   Section        0  funder.o(i.__mathlib_flt_underflow)
    i.__sti___6_main_c_18ce1bfb              0x08005040   Section        0  main.o(i.__sti___6_main_c_18ce1bfb)
    __sti___6_main_c_18ce1bfb                0x08005041   Thumb Code    42  main.o(i.__sti___6_main_c_18ce1bfb)
    i.main                                   0x08005080   Section        0  main.o(i.main)
    t._Z14Math_ConstrainIfEvPT_S0_S0_        0x080053b0   Section        0  alg_pid.o(t._Z14Math_ConstrainIfEvPT_S0_S0_)
    t._Z8Math_AbsIfET_S0_                    0x080053d8   Section        0  alg_pid.o(t._Z8Math_AbsIfET_S0_)
    x$fpl$d2f                                0x080053f4   Section       98  d2f.o(x$fpl$d2f)
    $v0                                      0x080053f4   Number         0  d2f.o(x$fpl$d2f)
    x$fpl$dnaninf                            0x08005456   Section      156  dnaninf.o(x$fpl$dnaninf)
    $v0                                      0x08005456   Number         0  dnaninf.o(x$fpl$dnaninf)
    x$fpl$dretinf                            0x080054f2   Section       12  dretinf.o(x$fpl$dretinf)
    $v0                                      0x080054f2   Number         0  dretinf.o(x$fpl$dretinf)
    x$fpl$f2d                                0x08005500   Section       86  f2d.o(x$fpl$f2d)
    $v0                                      0x08005500   Number         0  f2d.o(x$fpl$f2d)
    x$fpl$fnaninf                            0x08005556   Section      140  fnaninf.o(x$fpl$fnaninf)
    $v0                                      0x08005556   Number         0  fnaninf.o(x$fpl$fnaninf)
    x$fpl$fpinit                             0x080055e2   Section       10  fpinit.o(x$fpl$fpinit)
    $v0                                      0x080055e2   Number         0  fpinit.o(x$fpl$fpinit)
    x$fpl$fretinf                            0x080055ec   Section       10  fretinf.o(x$fpl$fretinf)
    $v0                                      0x080055ec   Number         0  fretinf.o(x$fpl$fretinf)
    .constdata                               0x080055f6   Section        8  stm32f4xx_hal_dma.o(.constdata)
    x$fpl$usenofp                            0x080055f6   Section        0  usenofp.o(x$fpl$usenofp)
    [local to stm32f4xx_hal_dma_c]::DMA_CalcBaseAndBitshift(__DMA_HandleTypeDef*)::flagBitshiftOffset 0x080055f6   Data           8  stm32f4xx_hal_dma.o(.constdata)
    .constdata                               0x080055fe   Section       24  system_stm32f4xx.o(.constdata)
    .constdata                               0x08005618   Section      320  powf.o(.constdata)
    table                                    0x08005618   Data         128  powf.o(.constdata)
    powersof2to1over16top                    0x08005698   Data          64  powf.o(.constdata)
    powersof2to1over16bot                    0x080056d8   Data          64  powf.o(.constdata)
    powersof2to1over16all                    0x08005718   Data          64  powf.o(.constdata)
    .init_array                              0x08005778   Section        4  main.o(.init_array)
    .init_array                              0x0800577c   Section        0  init_aeabi.o(.init_array)
    .data                                    0x20000000   Section      932  main.o(.data)
    Variable_Assignment_List                 0x20000020   Data         900  main.o(.data)
    .data                                    0x200003a4   Section        4  can.o(.data)
    HAL_RCC_CAN1_CLK_ENABLED                 0x200003a4   Data           4  can.o(.data)
    .data                                    0x200003a8   Section        9  stm32f4xx_hal.o(.data)
    .data                                    0x200003b4   Section        4  system_stm32f4xx.o(.data)
    .data                                    0x200003b8   Section       60  drv_can.o(.data)
    TIM_CAN_PeriodElapsedCallback()::mod10   0x200003f0   Data           4  drv_can.o(.data)
    .bss                                     0x200003f4   Section      816  main.o(.bss)
    .bss                                     0x20000724   Section       80  can.o(.bss)
    .bss                                     0x20000774   Section      260  usart.o(.bss)
    .bss                                     0x20000878   Section       88  drv_can.o(.bss)
    .bss                                     0x200008d0   Section     4192  drv_uart.o(.bss)
    .bss                                     0x20001930   Section       96  libspace.o(.bss)
    HEAP                                     0x20001990   Section      512  startup_stm32f427xx.o(HEAP)
    Heap_Mem                                 0x20001990   Data         512  startup_stm32f427xx.o(HEAP)
    STACK                                    0x20001b90   Section     1024  startup_stm32f427xx.o(STACK)
    Stack_Mem                                0x20001b90   Data        1024  startup_stm32f427xx.o(STACK)
    __initial_sp                             0x20001f90   Data           0  startup_stm32f427xx.o(STACK)

    Global Symbols

    Symbol Name                              Value     Ov Type        Size  Object(Section)

    BuildAttributes$$THM_ISAv4$E$P$D$K$B$S$7EM$VFPi3$EXTD16$VFPS$VFMA$PE$A:L22UL41UL21$X:L11$S22US41US21$IEEE1$IW$USESV6$~STKCKD$USESV7$~SHL$OTIME$ROPI$IEEEX$EBA8$UX$STANDARDLIB$REQ8$PRES8$EABIv2 0x00000000   Number         0  anon$$obj.o ABSOLUTE
    __ARM_use_no_argv                        0x00000000   Number         0  main.o ABSOLUTE
    __ARM_exceptions_init                     - Undefined Weak Reference
    __alloca_initialize                       - Undefined Weak Reference
    __arm_fini_                               - Undefined Weak Reference
    __arm_preinit_                            - Undefined Weak Reference
    __cxa_finalize                            - Undefined Weak Reference
    __rt_locale                               - Undefined Weak Reference
    __sigvec_lookup                           - Undefined Weak Reference
    _atexit_init                              - Undefined Weak Reference
    _call_atexit_fns                          - Undefined Weak Reference
    _clock_init                               - Undefined Weak Reference
    _fp_trap_init                             - Undefined Weak Reference
    _fp_trap_shutdown                         - Undefined Weak Reference
    _get_lc_collate                           - Undefined Weak Reference
    _get_lc_ctype                             - Undefined Weak Reference
    _get_lc_monetary                          - Undefined Weak Reference
    _get_lc_numeric                           - Undefined Weak Reference
    _get_lc_time                              - Undefined Weak Reference
    _getenv_init                              - Undefined Weak Reference
    _handle_redirection                       - Undefined Weak Reference
    _init_alloc                               - Undefined Weak Reference
    _init_user_alloc                          - Undefined Weak Reference
    _initio                                   - Undefined Weak Reference
    _rand_init                                - Undefined Weak Reference
    _signal_finish                            - Undefined Weak Reference
    _signal_init                              - Undefined Weak Reference
    _terminate_alloc                          - Undefined Weak Reference
    _terminate_user_alloc                     - Undefined Weak Reference
    _terminateio                              - Undefined Weak Reference
    __Vectors_Size                           0x000001ac   Number         0  startup_stm32f427xx.o ABSOLUTE
    __Vectors                                0x08000000   Data           4  startup_stm32f427xx.o(RESET)
    __Vectors_End                            0x080001ac   Data           0  startup_stm32f427xx.o(RESET)
    __main                                   0x080001ad   Thumb Code     8  __main.o(!!!main)
    __scatterload                            0x080001b5   Thumb Code     0  __scatter.o(!!!scatter)
    __scatterload_rt2                        0x080001b5   Thumb Code    44  __scatter.o(!!!scatter)
    __scatterload_rt2_thumb_only             0x080001b5   Thumb Code     0  __scatter.o(!!!scatter)
    __scatterload_null                       0x080001c3   Thumb Code     0  __scatter.o(!!!scatter)
    __decompress                             0x080001e9   Thumb Code    90  __dczerorl2.o(!!dczerorl2)
    __decompress1                            0x080001e9   Thumb Code     0  __dczerorl2.o(!!dczerorl2)
    __scatterload_zeroinit                   0x08000245   Thumb Code    28  __scatter_zi.o(!!handler_zi)
    __rt_lib_init                            0x08000261   Thumb Code     0  libinit.o(.ARM.Collect$$libinit$$00000000)
    __rt_lib_init_fp_1                       0x08000263   Thumb Code     0  libinit2.o(.ARM.Collect$$libinit$$00000001)
    __rt_lib_init_alloca_1                   0x08000267   Thumb Code     0  libinit2.o(.ARM.Collect$$libinit$$0000002E)
    __rt_lib_init_argv_1                     0x08000267   Thumb Code     0  libinit2.o(.ARM.Collect$$libinit$$0000002C)
    __rt_lib_init_atexit_1                   0x08000267   Thumb Code     0  libinit2.o(.ARM.Collect$$libinit$$0000001B)
    __rt_lib_init_clock_1                    0x08000267   Thumb Code     0  libinit2.o(.ARM.Collect$$libinit$$00000021)
    __rt_lib_init_cpp_2                      0x08000267   Thumb Code     0  libinit2.o(.ARM.Collect$$libinit$$00000031)
    __rt_lib_init_exceptions_1               0x08000267   Thumb Code     0  libinit2.o(.ARM.Collect$$libinit$$00000030)
    __rt_lib_init_fp_trap_1                  0x08000267   Thumb Code     0  libinit2.o(.ARM.Collect$$libinit$$0000001F)
    __rt_lib_init_getenv_1                   0x08000267   Thumb Code     0  libinit2.o(.ARM.Collect$$libinit$$00000023)
    __rt_lib_init_heap_1                     0x08000267   Thumb Code     0  libinit2.o(.ARM.Collect$$libinit$$0000000A)
    __rt_lib_init_lc_collate_1               0x08000267   Thumb Code     0  libinit2.o(.ARM.Collect$$libinit$$00000011)
    __rt_lib_init_lc_ctype_1                 0x08000267   Thumb Code     0  libinit2.o(.ARM.Collect$$libinit$$00000013)
    __rt_lib_init_lc_monetary_1              0x08000267   Thumb Code     0  libinit2.o(.ARM.Collect$$libinit$$00000015)
    __rt_lib_init_lc_numeric_1               0x08000267   Thumb Code     0  libinit2.o(.ARM.Collect$$libinit$$00000017)
    __rt_lib_init_lc_time_1                  0x08000267   Thumb Code     0  libinit2.o(.ARM.Collect$$libinit$$00000019)
    __rt_lib_init_preinit_1                  0x08000267   Thumb Code     0  libinit2.o(.ARM.Collect$$libinit$$00000004)
    __rt_lib_init_rand_1                     0x08000267   Thumb Code     0  libinit2.o(.ARM.Collect$$libinit$$0000000E)
    __rt_lib_init_signal_1                   0x08000267   Thumb Code     0  libinit2.o(.ARM.Collect$$libinit$$0000001D)
    __rt_lib_init_stdio_1                    0x08000267   Thumb Code     0  libinit2.o(.ARM.Collect$$libinit$$00000025)
    __rt_lib_init_user_alloc_1               0x08000267   Thumb Code     0  libinit2.o(.ARM.Collect$$libinit$$0000000C)
    __rt_lib_init_cpp_1                      0x0800026b   Thumb Code     0  libinit2.o(.ARM.Collect$$libinit$$00000032)
    __rt_lib_init_return                     0x0800026b   Thumb Code     0  libinit2.o(.ARM.Collect$$libinit$$00000033)
    __rt_lib_shutdown                        0x0800026d   Thumb Code     0  libshutdown.o(.ARM.Collect$$libshutdown$$00000000)
    __rt_lib_shutdown_cpp_1                  0x0800026f   Thumb Code     0  libshutdown2.o(.ARM.Collect$$libshutdown$$00000004)
    __rt_lib_shutdown_fini_1                 0x0800026f   Thumb Code     0  libshutdown2.o(.ARM.Collect$$libshutdown$$00000002)
    __rt_lib_shutdown_fp_trap_1              0x0800026f   Thumb Code     0  libshutdown2.o(.ARM.Collect$$libshutdown$$00000009)
    __rt_lib_shutdown_heap_1                 0x0800026f   Thumb Code     0  libshutdown2.o(.ARM.Collect$$libshutdown$$00000011)
    __rt_lib_shutdown_return                 0x0800026f   Thumb Code     0  libshutdown2.o(.ARM.Collect$$libshutdown$$00000012)
    __rt_lib_shutdown_signal_1               0x0800026f   Thumb Code     0  libshutdown2.o(.ARM.Collect$$libshutdown$$0000000C)
    __rt_lib_shutdown_stdio_1                0x0800026f   Thumb Code     0  libshutdown2.o(.ARM.Collect$$libshutdown$$00000006)
    __rt_lib_shutdown_user_alloc_1           0x0800026f   Thumb Code     0  libshutdown2.o(.ARM.Collect$$libshutdown$$0000000E)
    __rt_entry                               0x08000271   Thumb Code     0  __rtentry.o(.ARM.Collect$$rtentry$$00000000)
    __rt_entry_presh_1                       0x08000271   Thumb Code     0  __rtentry2.o(.ARM.Collect$$rtentry$$00000002)
    __rt_entry_sh                            0x08000271   Thumb Code     0  __rtentry4.o(.ARM.Collect$$rtentry$$00000004)
    __rt_entry_li                            0x08000277   Thumb Code     0  __rtentry2.o(.ARM.Collect$$rtentry$$0000000A)
    __rt_entry_postsh_1                      0x08000277   Thumb Code     0  __rtentry2.o(.ARM.Collect$$rtentry$$00000009)
    __rt_entry_main                          0x0800027b   Thumb Code     0  __rtentry2.o(.ARM.Collect$$rtentry$$0000000D)
    __rt_entry_postli_1                      0x0800027b   Thumb Code     0  __rtentry2.o(.ARM.Collect$$rtentry$$0000000C)
    __rt_exit                                0x08000283   Thumb Code     0  rtexit.o(.ARM.Collect$$rtexit$$00000000)
    __rt_exit_ls                             0x08000285   Thumb Code     0  rtexit2.o(.ARM.Collect$$rtexit$$00000003)
    __rt_exit_prels_1                        0x08000285   Thumb Code     0  rtexit2.o(.ARM.Collect$$rtexit$$00000002)
    __rt_exit_exit                           0x08000289   Thumb Code     0  rtexit2.o(.ARM.Collect$$rtexit$$00000004)
    Reset_Handler                            0x08000291   Thumb Code     8  startup_stm32f427xx.o(.text)
    ADC_IRQHandler                           0x080002ab   Thumb Code     0  startup_stm32f427xx.o(.text)
    CAN1_SCE_IRQHandler                      0x080002ab   Thumb Code     0  startup_stm32f427xx.o(.text)
    CAN1_TX_IRQHandler                       0x080002ab   Thumb Code     0  startup_stm32f427xx.o(.text)
    CAN2_RX0_IRQHandler                      0x080002ab   Thumb Code     0  startup_stm32f427xx.o(.text)
    CAN2_RX1_IRQHandler                      0x080002ab   Thumb Code     0  startup_stm32f427xx.o(.text)
    CAN2_SCE_IRQHandler                      0x080002ab   Thumb Code     0  startup_stm32f427xx.o(.text)
    CAN2_TX_IRQHandler                       0x080002ab   Thumb Code     0  startup_stm32f427xx.o(.text)
    DCMI_IRQHandler                          0x080002ab   Thumb Code     0  startup_stm32f427xx.o(.text)
    DMA1_Stream0_IRQHandler                  0x080002ab   Thumb Code     0  startup_stm32f427xx.o(.text)
    DMA1_Stream1_IRQHandler                  0x080002ab   Thumb Code     0  startup_stm32f427xx.o(.text)
    DMA1_Stream2_IRQHandler                  0x080002ab   Thumb Code     0  startup_stm32f427xx.o(.text)
    DMA1_Stream3_IRQHandler                  0x080002ab   Thumb Code     0  startup_stm32f427xx.o(.text)
    DMA1_Stream4_IRQHandler                  0x080002ab   Thumb Code     0  startup_stm32f427xx.o(.text)
    DMA1_Stream7_IRQHandler                  0x080002ab   Thumb Code     0  startup_stm32f427xx.o(.text)
    DMA2D_IRQHandler                         0x080002ab   Thumb Code     0  startup_stm32f427xx.o(.text)
    DMA2_Stream0_IRQHandler                  0x080002ab   Thumb Code     0  startup_stm32f427xx.o(.text)
    DMA2_Stream1_IRQHandler                  0x080002ab   Thumb Code     0  startup_stm32f427xx.o(.text)
    DMA2_Stream2_IRQHandler                  0x080002ab   Thumb Code     0  startup_stm32f427xx.o(.text)
    DMA2_Stream3_IRQHandler                  0x080002ab   Thumb Code     0  startup_stm32f427xx.o(.text)
    DMA2_Stream4_IRQHandler                  0x080002ab   Thumb Code     0  startup_stm32f427xx.o(.text)
    DMA2_Stream5_IRQHandler                  0x080002ab   Thumb Code     0  startup_stm32f427xx.o(.text)
    DMA2_Stream6_IRQHandler                  0x080002ab   Thumb Code     0  startup_stm32f427xx.o(.text)
    DMA2_Stream7_IRQHandler                  0x080002ab   Thumb Code     0  startup_stm32f427xx.o(.text)
    ETH_IRQHandler                           0x080002ab   Thumb Code     0  startup_stm32f427xx.o(.text)
    ETH_WKUP_IRQHandler                      0x080002ab   Thumb Code     0  startup_stm32f427xx.o(.text)
    EXTI0_IRQHandler                         0x080002ab   Thumb Code     0  startup_stm32f427xx.o(.text)
    EXTI15_10_IRQHandler                     0x080002ab   Thumb Code     0  startup_stm32f427xx.o(.text)
    EXTI1_IRQHandler                         0x080002ab   Thumb Code     0  startup_stm32f427xx.o(.text)
    EXTI2_IRQHandler                         0x080002ab   Thumb Code     0  startup_stm32f427xx.o(.text)
    EXTI3_IRQHandler                         0x080002ab   Thumb Code     0  startup_stm32f427xx.o(.text)
    EXTI4_IRQHandler                         0x080002ab   Thumb Code     0  startup_stm32f427xx.o(.text)
    EXTI9_5_IRQHandler                       0x080002ab   Thumb Code     0  startup_stm32f427xx.o(.text)
    FLASH_IRQHandler                         0x080002ab   Thumb Code     0  startup_stm32f427xx.o(.text)
    FMC_IRQHandler                           0x080002ab   Thumb Code     0  startup_stm32f427xx.o(.text)
    FPU_IRQHandler                           0x080002ab   Thumb Code     0  startup_stm32f427xx.o(.text)
    HASH_RNG_IRQHandler                      0x080002ab   Thumb Code     0  startup_stm32f427xx.o(.text)
    I2C1_ER_IRQHandler                       0x080002ab   Thumb Code     0  startup_stm32f427xx.o(.text)
    I2C1_EV_IRQHandler                       0x080002ab   Thumb Code     0  startup_stm32f427xx.o(.text)
    I2C2_ER_IRQHandler                       0x080002ab   Thumb Code     0  startup_stm32f427xx.o(.text)
    I2C2_EV_IRQHandler                       0x080002ab   Thumb Code     0  startup_stm32f427xx.o(.text)
    I2C3_ER_IRQHandler                       0x080002ab   Thumb Code     0  startup_stm32f427xx.o(.text)
    I2C3_EV_IRQHandler                       0x080002ab   Thumb Code     0  startup_stm32f427xx.o(.text)
    OTG_FS_IRQHandler                        0x080002ab   Thumb Code     0  startup_stm32f427xx.o(.text)
    OTG_FS_WKUP_IRQHandler                   0x080002ab   Thumb Code     0  startup_stm32f427xx.o(.text)
    OTG_HS_EP1_IN_IRQHandler                 0x080002ab   Thumb Code     0  startup_stm32f427xx.o(.text)
    OTG_HS_EP1_OUT_IRQHandler                0x080002ab   Thumb Code     0  startup_stm32f427xx.o(.text)
    OTG_HS_IRQHandler                        0x080002ab   Thumb Code     0  startup_stm32f427xx.o(.text)
    OTG_HS_WKUP_IRQHandler                   0x080002ab   Thumb Code     0  startup_stm32f427xx.o(.text)
    PVD_IRQHandler                           0x080002ab   Thumb Code     0  startup_stm32f427xx.o(.text)
    RCC_IRQHandler                           0x080002ab   Thumb Code     0  startup_stm32f427xx.o(.text)
    RTC_Alarm_IRQHandler                     0x080002ab   Thumb Code     0  startup_stm32f427xx.o(.text)
    RTC_WKUP_IRQHandler                      0x080002ab   Thumb Code     0  startup_stm32f427xx.o(.text)
    SAI1_IRQHandler                          0x080002ab   Thumb Code     0  startup_stm32f427xx.o(.text)
    SDIO_IRQHandler                          0x080002ab   Thumb Code     0  startup_stm32f427xx.o(.text)
    SPI1_IRQHandler                          0x080002ab   Thumb Code     0  startup_stm32f427xx.o(.text)
    SPI2_IRQHandler                          0x080002ab   Thumb Code     0  startup_stm32f427xx.o(.text)
    SPI3_IRQHandler                          0x080002ab   Thumb Code     0  startup_stm32f427xx.o(.text)
    SPI4_IRQHandler                          0x080002ab   Thumb Code     0  startup_stm32f427xx.o(.text)
    SPI5_IRQHandler                          0x080002ab   Thumb Code     0  startup_stm32f427xx.o(.text)
    SPI6_IRQHandler                          0x080002ab   Thumb Code     0  startup_stm32f427xx.o(.text)
    TAMP_STAMP_IRQHandler                    0x080002ab   Thumb Code     0  startup_stm32f427xx.o(.text)
    TIM1_BRK_TIM9_IRQHandler                 0x080002ab   Thumb Code     0  startup_stm32f427xx.o(.text)
    TIM1_CC_IRQHandler                       0x080002ab   Thumb Code     0  startup_stm32f427xx.o(.text)
    TIM1_TRG_COM_TIM11_IRQHandler            0x080002ab   Thumb Code     0  startup_stm32f427xx.o(.text)
    TIM1_UP_TIM10_IRQHandler                 0x080002ab   Thumb Code     0  startup_stm32f427xx.o(.text)
    TIM2_IRQHandler                          0x080002ab   Thumb Code     0  startup_stm32f427xx.o(.text)
    TIM3_IRQHandler                          0x080002ab   Thumb Code     0  startup_stm32f427xx.o(.text)
    TIM4_IRQHandler                          0x080002ab   Thumb Code     0  startup_stm32f427xx.o(.text)
    TIM5_IRQHandler                          0x080002ab   Thumb Code     0  startup_stm32f427xx.o(.text)
    TIM6_DAC_IRQHandler                      0x080002ab   Thumb Code     0  startup_stm32f427xx.o(.text)
    TIM7_IRQHandler                          0x080002ab   Thumb Code     0  startup_stm32f427xx.o(.text)
    TIM8_BRK_TIM12_IRQHandler                0x080002ab   Thumb Code     0  startup_stm32f427xx.o(.text)
    TIM8_CC_IRQHandler                       0x080002ab   Thumb Code     0  startup_stm32f427xx.o(.text)
    TIM8_TRG_COM_TIM14_IRQHandler            0x080002ab   Thumb Code     0  startup_stm32f427xx.o(.text)
    TIM8_UP_TIM13_IRQHandler                 0x080002ab   Thumb Code     0  startup_stm32f427xx.o(.text)
    UART4_IRQHandler                         0x080002ab   Thumb Code     0  startup_stm32f427xx.o(.text)
    UART5_IRQHandler                         0x080002ab   Thumb Code     0  startup_stm32f427xx.o(.text)
    UART7_IRQHandler                         0x080002ab   Thumb Code     0  startup_stm32f427xx.o(.text)
    UART8_IRQHandler                         0x080002ab   Thumb Code     0  startup_stm32f427xx.o(.text)
    USART1_IRQHandler                        0x080002ab   Thumb Code     0  startup_stm32f427xx.o(.text)
    USART3_IRQHandler                        0x080002ab   Thumb Code     0  startup_stm32f427xx.o(.text)
    USART6_IRQHandler                        0x080002ab   Thumb Code     0  startup_stm32f427xx.o(.text)
    WWDG_IRQHandler                          0x080002ab   Thumb Code     0  startup_stm32f427xx.o(.text)
    __user_initial_stackheap                 0x080002ad   Thumb Code     0  startup_stm32f427xx.o(.text)
    __aeabi_uldivmod                         0x080002d1   Thumb Code     0  lludivv7m.o(.text)
    _ll_udiv                                 0x080002d1   Thumb Code   238  lludivv7m.o(.text)
    __aeabi_memclr4                          0x080003bf   Thumb Code     0  rt_memclr_w.o(.text)
    __aeabi_memclr8                          0x080003bf   Thumb Code     0  rt_memclr_w.o(.text)
    __rt_memclr_w                            0x080003bf   Thumb Code    78  rt_memclr_w.o(.text)
    _memset_w                                0x080003c3   Thumb Code     0  rt_memclr_w.o(.text)
    strcmp                                   0x0800040d   Thumb Code   128  strcmpv7m.o(.text)
    __use_two_region_memory                  0x0800048d   Thumb Code     2  heapauxi.o(.text)
    __rt_heap_escrow$2region                 0x0800048f   Thumb Code     2  heapauxi.o(.text)
    __rt_heap_expand$2region                 0x08000491   Thumb Code     2  heapauxi.o(.text)
    __cpp_initialize__aeabi_                 0x08000495   Thumb Code    26  init_aeabi.o(.text)
    __read_errno                             0x080004b9   Thumb Code    10  _rserrno.o(.text)
    __set_errno                              0x080004c3   Thumb Code    12  _rserrno.o(.text)
    __aeabi_errno_addr                       0x080004d1   Thumb Code     8  rt_errno_addr_intlibspace.o(.text)
    __errno$intlibspace                      0x080004d1   Thumb Code     0  rt_errno_addr_intlibspace.o(.text)
    __rt_errno_addr$intlibspace              0x080004d1   Thumb Code     0  rt_errno_addr_intlibspace.o(.text)
    __user_libspace                          0x080004d9   Thumb Code     8  libspace.o(.text)
    __user_perproc_libspace                  0x080004d9   Thumb Code     0  libspace.o(.text)
    __user_perthread_libspace                0x080004d9   Thumb Code     0  libspace.o(.text)
    __user_setup_stackheap                   0x080004e1   Thumb Code    74  sys_stackheap_outer.o(.text)
    exit                                     0x0800052b   Thumb Code    18  exit.o(.text)
    _sys_exit                                0x0800053d   Thumb Code     8  sys_exit.o(.text)
    __I$use$semihosting                      0x08000549   Thumb Code     0  use_no_semi.o(.text)
    __use_no_semihosting_swi                 0x08000549   Thumb Code     2  use_no_semi.o(.text)
    BusFault_Handler                         0x0800054b   Thumb Code     4  stm32f4xx_it.o(i.BusFault_Handler)
    __semihosting_library_function           0x0800054b   Thumb Code     0  indicate_semi.o(.text)
    CAN1_RX0_IRQHandler                      0x08000551   Thumb Code    10  stm32f4xx_it.o(i.CAN1_RX0_IRQHandler)
    CAN1_RX1_IRQHandler                      0x08000561   Thumb Code    10  stm32f4xx_it.o(i.CAN1_RX1_IRQHandler)
    DMA1_Stream5_IRQHandler                  0x08000571   Thumb Code    10  stm32f4xx_it.o(i.DMA1_Stream5_IRQHandler)
    DMA1_Stream6_IRQHandler                  0x08000581   Thumb Code    10  stm32f4xx_it.o(i.DMA1_Stream6_IRQHandler)
    DebugMon_Handler                         0x08000591   Thumb Code     2  stm32f4xx_it.o(i.DebugMon_Handler)
    Error_Handler                            0x08000593   Thumb Code     6  main.o(i.Error_Handler)
    HAL_CAN_AddTxMessage                     0x08000599   Thumb Code   342  stm32f4xx_hal_can.o(i.HAL_CAN_AddTxMessage)
    HAL_CAN_ConfigFilter                     0x080006f1   Thumb Code   286  stm32f4xx_hal_can.o(i.HAL_CAN_ConfigFilter)
    HAL_CAN_ErrorCallback                    0x08000815   Thumb Code     2  stm32f4xx_hal_can.o(i.HAL_CAN_ErrorCallback)
    HAL_CAN_GetRxMessage                     0x08000817   Thumb Code   378  stm32f4xx_hal_can.o(i.HAL_CAN_GetRxMessage)
    HAL_CAN_IRQHandler                       0x08000991   Thumb Code   590  stm32f4xx_hal_can.o(i.HAL_CAN_IRQHandler)
    HAL_CAN_Init                             0x08000bdf   Thumb Code   372  stm32f4xx_hal_can.o(i.HAL_CAN_Init)
    HAL_CAN_MspInit                          0x08000d55   Thumb Code   330  can.o(i.HAL_CAN_MspInit)
    HAL_CAN_RxFifo0FullCallback              0x08000eb9   Thumb Code     2  stm32f4xx_hal_can.o(i.HAL_CAN_RxFifo0FullCallback)
    HAL_CAN_RxFifo0MsgPendingCallback        0x08000ebd   Thumb Code    72  drv_can.o(i.HAL_CAN_RxFifo0MsgPendingCallback)
    HAL_CAN_RxFifo1FullCallback              0x08000f15   Thumb Code     2  stm32f4xx_hal_can.o(i.HAL_CAN_RxFifo1FullCallback)
    HAL_CAN_RxFifo1MsgPendingCallback        0x08000f19   Thumb Code    72  drv_can.o(i.HAL_CAN_RxFifo1MsgPendingCallback)
    HAL_CAN_SleepCallback                    0x08000f71   Thumb Code     2  stm32f4xx_hal_can.o(i.HAL_CAN_SleepCallback)
    HAL_CAN_Start                            0x08000f73   Thumb Code    94  stm32f4xx_hal_can.o(i.HAL_CAN_Start)
    HAL_CAN_TxMailbox0AbortCallback          0x08000fd1   Thumb Code     2  stm32f4xx_hal_can.o(i.HAL_CAN_TxMailbox0AbortCallback)
    HAL_CAN_TxMailbox0CompleteCallback       0x08000fd3   Thumb Code     2  stm32f4xx_hal_can.o(i.HAL_CAN_TxMailbox0CompleteCallback)
    HAL_CAN_TxMailbox1AbortCallback          0x08000fd5   Thumb Code     2  stm32f4xx_hal_can.o(i.HAL_CAN_TxMailbox1AbortCallback)
    HAL_CAN_TxMailbox1CompleteCallback       0x08000fd7   Thumb Code     2  stm32f4xx_hal_can.o(i.HAL_CAN_TxMailbox1CompleteCallback)
    HAL_CAN_TxMailbox2AbortCallback          0x08000fd9   Thumb Code     2  stm32f4xx_hal_can.o(i.HAL_CAN_TxMailbox2AbortCallback)
    HAL_CAN_TxMailbox2CompleteCallback       0x08000fdb   Thumb Code     2  stm32f4xx_hal_can.o(i.HAL_CAN_TxMailbox2CompleteCallback)
    HAL_CAN_WakeUpFromRxMsgCallback          0x08000fdd   Thumb Code     2  stm32f4xx_hal_can.o(i.HAL_CAN_WakeUpFromRxMsgCallback)
    HAL_DMA_Abort                            0x08000fdf   Thumb Code   172  stm32f4xx_hal_dma.o(i.HAL_DMA_Abort)
    HAL_DMA_Abort_IT                         0x0800108b   Thumb Code    40  stm32f4xx_hal_dma.o(i.HAL_DMA_Abort_IT)
    HAL_DMA_IRQHandler                       0x080010b5   Thumb Code   570  stm32f4xx_hal_dma.o(i.HAL_DMA_IRQHandler)
    HAL_DMA_Init                             0x080012f5   Thumb Code   232  stm32f4xx_hal_dma.o(i.HAL_DMA_Init)
    HAL_DMA_Start_IT                         0x080013e1   Thumb Code   146  stm32f4xx_hal_dma.o(i.HAL_DMA_Start_IT)
    HAL_Delay                                0x08001475   Thumb Code    36  stm32f4xx_hal.o(i.HAL_Delay)
    HAL_GPIO_Init                            0x0800149d   Thumb Code   472  stm32f4xx_hal_gpio.o(i.HAL_GPIO_Init)
    HAL_GPIO_WritePin                        0x080016a9   Thumb Code    12  stm32f4xx_hal_gpio.o(i.HAL_GPIO_WritePin)
    HAL_GetTick                              0x080016b5   Thumb Code     6  stm32f4xx_hal.o(i.HAL_GetTick)
    HAL_IncTick                              0x080016c1   Thumb Code    16  stm32f4xx_hal.o(i.HAL_IncTick)
    HAL_Init                                 0x080016d9   Thumb Code    54  stm32f4xx_hal.o(i.HAL_Init)
    HAL_InitTick                             0x08001715   Thumb Code    64  stm32f4xx_hal.o(i.HAL_InitTick)
    HAL_MspInit                              0x08001761   Thumb Code    68  stm32f4xx_hal_msp.o(i.HAL_MspInit)
    HAL_NVIC_EnableIRQ                       0x080017a9   Thumb Code    32  stm32f4xx_hal_cortex.o(i.HAL_NVIC_EnableIRQ)
    HAL_NVIC_SetPriority                     0x080017c9   Thumb Code   124  stm32f4xx_hal_cortex.o(i.HAL_NVIC_SetPriority)
    HAL_NVIC_SetPriorityGrouping             0x08001845   Thumb Code    32  stm32f4xx_hal_cortex.o(i.HAL_NVIC_SetPriorityGrouping)
    HAL_PWREx_EnableOverDrive                0x0800186d   Thumb Code   128  stm32f4xx_hal_pwr_ex.o(i.HAL_PWREx_EnableOverDrive)
    HAL_RCC_ClockConfig                      0x080018f9   Thumb Code   368  stm32f4xx_hal_rcc.o(i.HAL_RCC_ClockConfig)
    HAL_RCC_GetHCLKFreq                      0x08001a7d   Thumb Code     6  stm32f4xx_hal_rcc.o(i.HAL_RCC_GetHCLKFreq)
    HAL_RCC_GetPCLK1Freq                     0x08001a89   Thumb Code    22  stm32f4xx_hal_rcc.o(i.HAL_RCC_GetPCLK1Freq)
    HAL_RCC_GetPCLK2Freq                     0x08001aa9   Thumb Code    22  stm32f4xx_hal_rcc.o(i.HAL_RCC_GetPCLK2Freq)
    HAL_RCC_GetSysClockFreq                  0x08001ac9   Thumb Code   162  stm32f4xx_hal_rcc.o(i.HAL_RCC_GetSysClockFreq)
    HAL_RCC_OscConfig                        0x08001b79   Thumb Code  1172  stm32f4xx_hal_rcc.o(i.HAL_RCC_OscConfig)
    HAL_SYSTICK_Config                       0x08002015   Thumb Code    52  stm32f4xx_hal_cortex.o(i.HAL_SYSTICK_Config)
    HAL_UARTEx_ReceiveToIdle_DMA             0x08002049   Thumb Code   130  stm32f4xx_hal_uart.o(i.HAL_UARTEx_ReceiveToIdle_DMA)
    HAL_UARTEx_RxEventCallback               0x080020cd   Thumb Code   326  drv_uart.o(i.HAL_UARTEx_RxEventCallback)
    HAL_UART_ErrorCallback                   0x08002255   Thumb Code     2  stm32f4xx_hal_uart.o(i.HAL_UART_ErrorCallback)
    HAL_UART_IRQHandler                      0x08002259   Thumb Code   732  stm32f4xx_hal_uart.o(i.HAL_UART_IRQHandler)
    HAL_UART_Init                            0x08002539   Thumb Code   114  stm32f4xx_hal_uart.o(i.HAL_UART_Init)
    HAL_UART_MspInit                         0x080025ad   Thumb Code   258  usart.o(i.HAL_UART_MspInit)
    HAL_UART_RxCpltCallback                  0x080026c9   Thumb Code     2  stm32f4xx_hal_uart.o(i.HAL_UART_RxCpltCallback)
    HAL_UART_RxHalfCpltCallback              0x080026cb   Thumb Code     2  stm32f4xx_hal_uart.o(i.HAL_UART_RxHalfCpltCallback)
    HAL_UART_Transmit_DMA                    0x080026cd   Thumb Code   160  stm32f4xx_hal_uart.o(i.HAL_UART_Transmit_DMA)
    HAL_UART_TxCpltCallback                  0x08002779   Thumb Code     2  stm32f4xx_hal_uart.o(i.HAL_UART_TxCpltCallback)
    HAL_UART_TxHalfCpltCallback              0x0800277b   Thumb Code     2  stm32f4xx_hal_uart.o(i.HAL_UART_TxHalfCpltCallback)
    HardFault_Handler                        0x0800277d   Thumb Code     4  stm32f4xx_it.o(i.HardFault_Handler)
    MX_CAN1_Init                             0x08002781   Thumb Code    60  can.o(i.MX_CAN1_Init)
    MX_CAN2_Init                             0x080027c5   Thumb Code    56  can.o(i.MX_CAN2_Init)
    MX_DMA_Init                              0x08002805   Thumb Code    68  dma.o(i.MX_DMA_Init)
    MX_GPIO_Init                             0x0800284d   Thumb Code   210  gpio.o(i.MX_GPIO_Init)
    MX_USART2_UART_Init                      0x08002929   Thumb Code    46  usart.o(i.MX_USART2_UART_Init)
    MemManage_Handler                        0x08002961   Thumb Code     4  stm32f4xx_it.o(i.MemManage_Handler)
    NMI_Handler                              0x08002965   Thumb Code     4  stm32f4xx_it.o(i.NMI_Handler)
    PendSV_Handler                           0x08002969   Thumb Code     2  stm32f4xx_it.o(i.PendSV_Handler)
    SVC_Handler                              0x0800296b   Thumb Code     2  stm32f4xx_it.o(i.SVC_Handler)
    SysTick_Handler                          0x0800296d   Thumb Code     8  stm32f4xx_it.o(i.SysTick_Handler)
    SystemInit                               0x08002975   Thumb Code    14  system_stm32f4xx.o(i.SystemInit)
    UART_Start_Receive_DMA                   0x08002989   Thumb Code   192  stm32f4xx_hal_uart.o(i.UART_Start_Receive_DMA)
    USART2_IRQHandler                        0x08002a55   Thumb Code    10  stm32f4xx_it.o(i.USART2_IRQHandler)
    UsageFault_Handler                       0x08002a65   Thumb Code     4  stm32f4xx_it.o(i.UsageFault_Handler)
    BSP_DC24_LD(Enum_BSP_DC24_Status)        0x08002a69   Thumb Code    16  drv_bsp.o(i._Z11BSP_DC24_LD20Enum_BSP_DC24_Status)
    BSP_DC24_LU(Enum_BSP_DC24_Status)        0x08002a7d   Thumb Code    16  drv_bsp.o(i._Z11BSP_DC24_LU20Enum_BSP_DC24_Status)
    BSP_DC24_RD(Enum_BSP_DC24_Status)        0x08002a91   Thumb Code    16  drv_bsp.o(i._Z11BSP_DC24_RD20Enum_BSP_DC24_Status)
    BSP_DC24_RU(Enum_BSP_DC24_Status)        0x08002aa5   Thumb Code    16  drv_bsp.o(i._Z11BSP_DC24_RU20Enum_BSP_DC24_Status)
    CAN_Send_Data(__CAN_HandleTypeDef*, unsigned short, unsigned char*, unsigned short) 0x08002ab9   Thumb Code    40  drv_can.o(i._Z13CAN_Send_DataP19__CAN_HandleTypeDeftPht)
    UART_Send_Data(__UART_HandleTypeDef*, unsigned char*, unsigned short) 0x08002ae1   Thumb Code    20  drv_uart.o(i._Z14UART_Send_DataP20__UART_HandleTypeDefPht)
    allocate_tx_data(__CAN_HandleTypeDef*, Enum_CAN_Motor_ID) 0x08002af5   Thumb Code    92  dvc_motor.o(i._Z16allocate_tx_dataP19__CAN_HandleTypeDef17Enum_CAN_Motor_ID)
    SystemClock_Config()                     0x08002b61   Thumb Code   180  main.o(i._Z18SystemClock_Configv)
    CAN_Motor_Call_Back(Struct_CAN_Rx_Buffer*) 0x08002c1d   Thumb Code    62  main.o(i._Z19CAN_Motor_Call_BackP20Struct_CAN_Rx_Buffer)
    CAN_Filter_Mask_Config(__CAN_HandleTypeDef*, unsigned char, unsigned, unsigned) 0x08002c69   Thumb Code   110  drv_can.o(i._Z22CAN_Filter_Mask_ConfigP19__CAN_HandleTypeDefhjj)
    Motor2006_Rotate_0_Degree()              0x08002cd9   Thumb Code    24  main.o(i._Z25Motor2006_Rotate_0_Degreev)
    Motor3508_Rotate_0_Degree()              0x08002cfd   Thumb Code    14  main.o(i._Z25Motor3508_Rotate_0_Degreev)
    UART_Serialplot_Call_Back(unsigned char*, unsigned short) 0x08002d15   Thumb Code   926  main.o(i._Z25UART_Serialplot_Call_BackPht)
    Motor2006_Rotate_90_Degree()             0x080030d1   Thumb Code    24  main.o(i._Z26Motor2006_Rotate_90_Degreev)
    Motor3508_Rotate_180_Degree()            0x080030f5   Thumb Code    14  main.o(i._Z27Motor3508_Rotate_180_Degreev)
    TIM_CAN_PeriodElapsedCallback()          0x0800310d   Thumb Code    54  drv_can.o(i._Z29TIM_CAN_PeriodElapsedCallbackv)
    TIM_UART_PeriodElapsedCallback()         0x08003155   Thumb Code    14  drv_uart.o(i._Z30TIM_UART_PeriodElapsedCallbackv)
    BSP_Init(unsigned, float, float)         0x0800316d   Thumb Code   154  drv_bsp.o(i._Z8BSP_Initjff)
    CAN_Init(__CAN_HandleTypeDef*, void(*)(Struct_CAN_Rx_Buffer*)) 0x08003209   Thumb Code   116  drv_can.o(i._Z8CAN_InitP19__CAN_HandleTypeDefPFvP20Struct_CAN_Rx_BufferE)
    ballpull()                               0x0800328d   Thumb Code    22  main.o(i._Z8ballpullv)
    ballpush()                               0x080032a9   Thumb Code    22  main.o(i._Z8ballpushv)
    BSP_LED_1(Enum_BSP_LED_Status)           0x080032c5   Thumb Code    16  drv_bsp.o(i._Z9BSP_LED_119Enum_BSP_LED_Status)
    BSP_LED_2(Enum_BSP_LED_Status)           0x080032d9   Thumb Code    16  drv_bsp.o(i._Z9BSP_LED_219Enum_BSP_LED_Status)
    BSP_LED_3(Enum_BSP_LED_Status)           0x080032ed   Thumb Code    16  drv_bsp.o(i._Z9BSP_LED_319Enum_BSP_LED_Status)
    BSP_LED_4(Enum_BSP_LED_Status)           0x08003301   Thumb Code    16  drv_bsp.o(i._Z9BSP_LED_419Enum_BSP_LED_Status)
    BSP_LED_5(Enum_BSP_LED_Status)           0x08003315   Thumb Code    16  drv_bsp.o(i._Z9BSP_LED_519Enum_BSP_LED_Status)
    BSP_LED_6(Enum_BSP_LED_Status)           0x08003329   Thumb Code    16  drv_bsp.o(i._Z9BSP_LED_619Enum_BSP_LED_Status)
    BSP_LED_7(Enum_BSP_LED_Status)           0x0800333d   Thumb Code    16  drv_bsp.o(i._Z9BSP_LED_719Enum_BSP_LED_Status)
    BSP_LED_8(Enum_BSP_LED_Status)           0x08003351   Thumb Code    18  drv_bsp.o(i._Z9BSP_LED_819Enum_BSP_LED_Status)
    BSP_LED_G(Enum_BSP_LED_Status)           0x08003369   Thumb Code    18  drv_bsp.o(i._Z9BSP_LED_G19Enum_BSP_LED_Status)
    BSP_LED_R(Enum_BSP_LED_Status)           0x08003381   Thumb Code    18  drv_bsp.o(i._Z9BSP_LED_R19Enum_BSP_LED_Status)
    UART_Init(__UART_HandleTypeDef*, void(*)(unsigned char*, unsigned short), unsigned short) 0x08003399   Thumb Code   296  drv_uart.o(i._Z9UART_InitP20__UART_HandleTypeDefPFvPhtEt)
    Class_Motor_C610::Get_Now_Angle()        0x08003501   Thumb Code     6  dvc_motor.o(i._ZN16Class_Motor_C61013Get_Now_AngleEv)
    Class_Motor_C610::Get_Now_Omega()        0x08003507   Thumb Code     6  dvc_motor.o(i._ZN16Class_Motor_C61013Get_Now_OmegaEv)
    Class_Motor_C610::Get_Target_Angle()     0x0800350d   Thumb Code     6  dvc_motor.o(i._ZN16Class_Motor_C61016Get_Target_AngleEv)
    Class_Motor_C610::Get_Target_Omega()     0x08003513   Thumb Code     6  dvc_motor.o(i._ZN16Class_Motor_C61016Get_Target_OmegaEv)
    Class_Motor_C610::Set_Target_Angle(float) 0x08003519   Thumb Code     6  dvc_motor.o(i._ZN16Class_Motor_C61016Set_Target_AngleEf)
    Class_Motor_C610::CAN_RxCpltCallback(unsigned char*) 0x08003521   Thumb Code   218  dvc_motor.o(i._ZN16Class_Motor_C61018CAN_RxCpltCallbackEPh)
    Class_Motor_C610::TIM_PID_PeriodElapsedCallback() 0x08003605   Thumb Code   300  dvc_motor.o(i._ZN16Class_Motor_C61029TIM_PID_PeriodElapsedCallbackEv)
    Class_Motor_C610::Init(__CAN_HandleTypeDef*, Enum_CAN_Motor_ID, Enum_Control_Method, float, float) 0x08003735   Thumb Code    70  dvc_motor.o(i._ZN16Class_Motor_C6104InitEP19__CAN_HandleTypeDef17Enum_CAN_Motor_ID19Enum_Control_Methodff)
    Class_Motor_C610::Output()               0x0800378d   Thumb Code    40  dvc_motor.o(i._ZN16Class_Motor_C6106OutputEv)
    Class_Motor_C610::Set_Out(float)         0x080037b5   Thumb Code     6  dvc_motor.o(i._ZN16Class_Motor_C6107Set_OutEf)
    Class_Motor_C610::Class_Motor_C610()     0x080037bd   Thumb Code   146  main.o(i._ZN16Class_Motor_C610C1Ev)
    Class_Motor_C610::Class_Motor_C610__sub_object() 0x080037bd   Thumb Code     0  main.o(i._ZN16Class_Motor_C610C1Ev)
    Class_Motor_C620::Set_Target_Angle(float) 0x0800385d   Thumb Code     6  dvc_motor.o(i._ZN16Class_Motor_C62016Set_Target_AngleEf)
    Class_Motor_C620::CAN_RxCpltCallback(unsigned char*) 0x08003865   Thumb Code   218  dvc_motor.o(i._ZN16Class_Motor_C62018CAN_RxCpltCallbackEPh)
    Class_Motor_C620::TIM_PID_PeriodElapsedCallback() 0x08003949   Thumb Code   300  dvc_motor.o(i._ZN16Class_Motor_C62029TIM_PID_PeriodElapsedCallbackEv)
    Class_Motor_C620::Init(__CAN_HandleTypeDef*, Enum_CAN_Motor_ID, Enum_Control_Method, float, float) 0x08003a79   Thumb Code    70  dvc_motor.o(i._ZN16Class_Motor_C6204InitEP19__CAN_HandleTypeDef17Enum_CAN_Motor_ID19Enum_Control_Methodff)
    Class_Motor_C620::Output()               0x08003ad1   Thumb Code    40  dvc_motor.o(i._ZN16Class_Motor_C6206OutputEv)
    Class_Motor_C620::Set_Out(float)         0x08003af9   Thumb Code     6  dvc_motor.o(i._ZN16Class_Motor_C6207Set_OutEf)
    Class_Motor_C620::Class_Motor_C620()     0x08003b01   Thumb Code   144  main.o(i._ZN16Class_Motor_C620C1Ev)
    Class_Motor_C620::Class_Motor_C620__sub_object() 0x08003b01   Thumb Code     0  main.o(i._ZN16Class_Motor_C620C1Ev)
    Class_Serialplot::Get_Variable_Index()   0x08003b9d   Thumb Code     8  dvc_serialplot.o(i._ZN16Class_Serialplot18Get_Variable_IndexEv)
    Class_Serialplot::Get_Variable_Value()   0x08003ba5   Thumb Code    24  dvc_serialplot.o(i._ZN16Class_Serialplot18Get_Variable_ValueEv)
    Class_Serialplot::Judge_Variable_Name()  0x08003bbd   Thumb Code    96  dvc_serialplot.o(i._ZN16Class_Serialplot19Judge_Variable_NameEv)
    Class_Serialplot::UART_RxCpltCallback(unsigned char*) 0x08003c1d   Thumb Code    24  dvc_serialplot.o(i._ZN16Class_Serialplot19UART_RxCpltCallbackEPh)
    Class_Serialplot::Judge_Variable_Value(int) 0x08003c35   Thumb Code   214  dvc_serialplot.o(i._ZN16Class_Serialplot20Judge_Variable_ValueEi)
    Class_Serialplot::TIM_Write_PeriodElapsedCallback() 0x08003d11   Thumb Code    12  dvc_serialplot.o(i._ZN16Class_Serialplot31TIM_Write_PeriodElapsedCallbackEv)
    Class_Serialplot::Init(__UART_HandleTypeDef*, unsigned char, char**, Enum_Serialplot_Data_Type, unsigned char) 0x08003d1d   Thumb Code   130  dvc_serialplot.o(i._ZN16Class_Serialplot4InitEP20__UART_HandleTypeDefhPPc25Enum_Serialplot_Data_Typeh)
    Class_Serialplot::Output()               0x08003de1   Thumb Code   224  dvc_serialplot.o(i._ZN16Class_Serialplot6OutputEv)
    Class_Serialplot::Set_Data(unsigned char, ...) 0x08003ec1   Thumb Code    58  dvc_serialplot.o(i._ZN16Class_Serialplot8Set_DataEhz)
    Class_PID::Set_Target(float)             0x0800460d   Thumb Code     6  alg_pid.o(i._ZN9Class_PID10Set_TargetEf)
    Class_PID::TIM_Adjust_PeriodElapsedCallback() 0x08004615   Thumb Code   622  alg_pid.o(i._ZN9Class_PID32TIM_Adjust_PeriodElapsedCallbackEv)
    Class_PID::Init(float, float, float, float, float, float, float, float, float, float, float, Enum_PID_D_First) 0x08004889   Thumb Code    48  alg_pid.o(i._ZN9Class_PID4InitEfffffffffff16Enum_PID_D_First)
    Class_PID::Get_Out()                     0x080048b9   Thumb Code     6  alg_pid.o(i._ZN9Class_PID7Get_OutEv)
    Class_PID::Set_K_D(float)                0x080048bf   Thumb Code     6  alg_pid.o(i._ZN9Class_PID7Set_K_DEf)
    Class_PID::Set_K_I(float)                0x080048c5   Thumb Code     6  alg_pid.o(i._ZN9Class_PID7Set_K_IEf)
    Class_PID::Set_K_P(float)                0x080048cb   Thumb Code     6  alg_pid.o(i._ZN9Class_PID7Set_K_PEf)
    Class_PID::Set_Now(float)                0x080048d1   Thumb Code     6  alg_pid.o(i._ZN9Class_PID7Set_NowEf)
    Class_PID::Class_PID()                   0x080048d9   Thumb Code   138  main.o(i._ZN9Class_PIDC1Ev)
    Class_PID::Class_PID__sub_object()       0x080048d9   Thumb Code     0  main.o(i._ZN9Class_PIDC1Ev)
    __ARM_fpclassifyf                        0x08004969   Thumb Code    38  fpclassifyf.o(i.__ARM_fpclassifyf)
    __hardfp_powf                            0x08004991   Thumb Code  1606  powf.o(i.__hardfp_powf)
    __mathlib_powf                           0x08004991   Thumb Code     0  powf.o(i.__hardfp_powf)
    __mathlib_flt_divzero                    0x08004ff5   Thumb Code    14  funder.o(i.__mathlib_flt_divzero)
    __mathlib_flt_infnan2                    0x08005009   Thumb Code     6  funder.o(i.__mathlib_flt_infnan2)
    __mathlib_flt_invalid                    0x08005011   Thumb Code    10  funder.o(i.__mathlib_flt_invalid)
    __mathlib_flt_overflow                   0x08005021   Thumb Code    10  funder.o(i.__mathlib_flt_overflow)
    __mathlib_flt_underflow                  0x08005031   Thumb Code    10  funder.o(i.__mathlib_flt_underflow)
    main                                     0x08005081   Thumb Code   702  main.o(i.main)
    void Math_Constrain<float>(T1*, T1, T1)  0x080053b1   Thumb Code    40  alg_pid.o(t._Z14Math_ConstrainIfEvPT_S0_S0_)
    T1 Math_Abs<float>(T1)                   0x080053d9   Thumb Code    26  alg_pid.o(t._Z8Math_AbsIfET_S0_)
    __aeabi_d2f                              0x080053f5   Thumb Code     0  d2f.o(x$fpl$d2f)
    _d2f                                     0x080053f5   Thumb Code    98  d2f.o(x$fpl$d2f)
    __fpl_dnaninf                            0x08005457   Thumb Code   156  dnaninf.o(x$fpl$dnaninf)
    __fpl_dretinf                            0x080054f3   Thumb Code    12  dretinf.o(x$fpl$dretinf)
    __aeabi_f2d                              0x08005501   Thumb Code     0  f2d.o(x$fpl$f2d)
    _f2d                                     0x08005501   Thumb Code    86  f2d.o(x$fpl$f2d)
    __fpl_fnaninf                            0x08005557   Thumb Code   140  fnaninf.o(x$fpl$fnaninf)
    _fp_init                                 0x080055e3   Thumb Code    10  fpinit.o(x$fpl$fpinit)
    __fplib_config_fpu_vfp                   0x080055eb   Thumb Code     0  fpinit.o(x$fpl$fpinit)
    __fplib_config_pureend_doubles           0x080055eb   Thumb Code     0  fpinit.o(x$fpl$fpinit)
    __fpl_fretinf                            0x080055ed   Thumb Code    10  fretinf.o(x$fpl$fretinf)
    __I$use$fp                               0x080055f6   Number         0  usenofp.o(x$fpl$usenofp)
    AHBPrescTable                            0x080055fe   Data          16  system_stm32f4xx.o(.constdata)
    APBPrescTable                            0x0800560e   Data           8  system_stm32f4xx.o(.constdata)
    Region$$Table$$Base                      0x08005758   Number         0  anon$$obj.o(Region$$Table)
    Region$$Table$$Limit                     0x08005778   Number         0  anon$$obj.o(Region$$Table)
    SHT$$INIT_ARRAY$$Base                    0x08005778   Number         0  main.o(.init_array)
    SHT$$INIT_ARRAY$$Limit                   0x0800577c   Number         0  init_aeabi.o(.init_array)
    Target_Angle                             0x20000000   Data           4  main.o(.data)
    Now_Angle                                0x20000004   Data           4  main.o(.data)
    Target_Omega                             0x20000008   Data           4  main.o(.data)
    Now_Omega                                0x2000000c   Data           4  main.o(.data)
    Counter                                  0x20000010   Data           4  main.o(.data)
    Motor2006_Control_Command                0x20000014   Data           4  main.o(.data)
    Motor3508_Control_Command                0x20000018   Data           4  main.o(.data)
    Ball_Control_Command                     0x2000001c   Data           4  main.o(.data)
    uwTick                                   0x200003a8   Data           4  stm32f4xx_hal.o(.data)
    uwTickPrio                               0x200003ac   Data           4  stm32f4xx_hal.o(.data)
    uwTickFreq                               0x200003b0   Data           1  stm32f4xx_hal.o(.data)
    SystemCoreClock                          0x200003b4   Data           4  system_stm32f4xx.o(.data)
    CAN1_0x1ff_Tx_Data                       0x200003b8   Data           8  drv_can.o(.data)
    CAN1_0x200_Tx_Data                       0x200003c0   Data           8  drv_can.o(.data)
    CAN1_0x2ff_Tx_Data                       0x200003c8   Data           8  drv_can.o(.data)
    CAN2_0x1ff_Tx_Data                       0x200003d0   Data           8  drv_can.o(.data)
    CAN2_0x200_Tx_Data                       0x200003d8   Data           8  drv_can.o(.data)
    CAN2_0x2ff_Tx_Data                       0x200003e0   Data           8  drv_can.o(.data)
    CAN_Supercap_Tx_Data                     0x200003e8   Data           8  drv_can.o(.data)
    serialplot                               0x200003f4   Data          72  main.o(.bss)
    motor1                                   0x2000043c   Data         248  main.o(.bss)
    motor2                                   0x20000534   Data         248  main.o(.bss)
    motor3                                   0x2000062c   Data         248  main.o(.bss)
    hcan1                                    0x20000724   Data          40  can.o(.bss)
    hcan2                                    0x2000074c   Data          40  can.o(.bss)
    huart2                                   0x20000774   Data          68  usart.o(.bss)
    hdma_usart2_rx                           0x200007b8   Data          96  usart.o(.bss)
    hdma_usart2_tx                           0x20000818   Data          96  usart.o(.bss)
    CAN1_Manage_Object                       0x20000878   Data          44  drv_can.o(.bss)
    CAN2_Manage_Object                       0x200008a4   Data          44  drv_can.o(.bss)
    UART1_Manage_Object                      0x200008d0   Data         524  drv_uart.o(.bss)
    UART2_Manage_Object                      0x20000adc   Data         524  drv_uart.o(.bss)
    UART3_Manage_Object                      0x20000ce8   Data         524  drv_uart.o(.bss)
    UART4_Manage_Object                      0x20000ef4   Data         524  drv_uart.o(.bss)
    UART5_Manage_Object                      0x20001100   Data         524  drv_uart.o(.bss)
    UART6_Manage_Object                      0x2000130c   Data         524  drv_uart.o(.bss)
    UART7_Manage_Object                      0x20001518   Data         524  drv_uart.o(.bss)
    UART8_Manage_Object                      0x20001724   Data         524  drv_uart.o(.bss)
    __libspace_start                         0x20001930   Data          96  libspace.o(.bss)
    __temporary_stack_top$libspace           0x20001990   Data           0  libspace.o(.bss)



==============================================================================

Memory Map of the image

  Image Entry point : 0x080001ad

  Load Region LR_IROM1 (Base: 0x08000000, Size: 0x00005b70, Max: 0x00200000, ABSOLUTE, COMPRESSED[0x000057ac])

    Execution Region ER_IROM1 (Exec base: 0x08000000, Load base: 0x08000000, Size: 0x0000577c, Max: 0x00200000, ABSOLUTE)

    Exec Addr    Load Addr    Size         Type   Attr      Idx    E Section Name        Object

    0x08000000   0x08000000   0x000001ac   Data   RO            3    RESET               startup_stm32f427xx.o
    0x080001ac   0x080001ac   0x00000008   Code   RO         3900  * !!!main             c_w.l(__main.o)
    0x080001b4   0x080001b4   0x00000034   Code   RO         4144    !!!scatter          c_w.l(__scatter.o)
    0x080001e8   0x080001e8   0x0000005a   Code   RO         4142    !!dczerorl2         c_w.l(__dczerorl2.o)
    0x08000242   0x08000242   0x00000002   PAD
    0x08000244   0x08000244   0x0000001c   Code   RO         4146    !!handler_zi        c_w.l(__scatter_zi.o)
    0x08000260   0x08000260   0x00000002   Code   RO         4066    .ARM.Collect$$libinit$$00000000  c_w.l(libinit.o)
    0x08000262   0x08000262   0x00000004   Code   RO         3945    .ARM.Collect$$libinit$$00000001  c_w.l(libinit2.o)
    0x08000266   0x08000266   0x00000000   Code   RO         3948    .ARM.Collect$$libinit$$00000004  c_w.l(libinit2.o)
    0x08000266   0x08000266   0x00000000   Code   RO         3951    .ARM.Collect$$libinit$$0000000A  c_w.l(libinit2.o)
    0x08000266   0x08000266   0x00000000   Code   RO         3953    .ARM.Collect$$libinit$$0000000C  c_w.l(libinit2.o)
    0x08000266   0x08000266   0x00000000   Code   RO         3955    .ARM.Collect$$libinit$$0000000E  c_w.l(libinit2.o)
    0x08000266   0x08000266   0x00000000   Code   RO         3958    .ARM.Collect$$libinit$$00000011  c_w.l(libinit2.o)
    0x08000266   0x08000266   0x00000000   Code   RO         3960    .ARM.Collect$$libinit$$00000013  c_w.l(libinit2.o)
    0x08000266   0x08000266   0x00000000   Code   RO         3962    .ARM.Collect$$libinit$$00000015  c_w.l(libinit2.o)
    0x08000266   0x08000266   0x00000000   Code   RO         3964    .ARM.Collect$$libinit$$00000017  c_w.l(libinit2.o)
    0x08000266   0x08000266   0x00000000   Code   RO         3966    .ARM.Collect$$libinit$$00000019  c_w.l(libinit2.o)
    0x08000266   0x08000266   0x00000000   Code   RO         3968    .ARM.Collect$$libinit$$0000001B  c_w.l(libinit2.o)
    0x08000266   0x08000266   0x00000000   Code   RO         3970    .ARM.Collect$$libinit$$0000001D  c_w.l(libinit2.o)
    0x08000266   0x08000266   0x00000000   Code   RO         3972    .ARM.Collect$$libinit$$0000001F  c_w.l(libinit2.o)
    0x08000266   0x08000266   0x00000000   Code   RO         3974    .ARM.Collect$$libinit$$00000021  c_w.l(libinit2.o)
    0x08000266   0x08000266   0x00000000   Code   RO         3976    .ARM.Collect$$libinit$$00000023  c_w.l(libinit2.o)
    0x08000266   0x08000266   0x00000000   Code   RO         3978    .ARM.Collect$$libinit$$00000025  c_w.l(libinit2.o)
    0x08000266   0x08000266   0x00000000   Code   RO         3982    .ARM.Collect$$libinit$$0000002C  c_w.l(libinit2.o)
    0x08000266   0x08000266   0x00000000   Code   RO         3984    .ARM.Collect$$libinit$$0000002E  c_w.l(libinit2.o)
    0x08000266   0x08000266   0x00000000   Code   RO         3986    .ARM.Collect$$libinit$$00000030  c_w.l(libinit2.o)
    0x08000266   0x08000266   0x00000004   Code   RO         3987    .ARM.Collect$$libinit$$00000031  c_w.l(libinit2.o)
    0x0800026a   0x0800026a   0x00000000   Code   RO         3988    .ARM.Collect$$libinit$$00000032  c_w.l(libinit2.o)
    0x0800026a   0x0800026a   0x00000002   Code   RO         3989    .ARM.Collect$$libinit$$00000033  c_w.l(libinit2.o)
    0x0800026c   0x0800026c   0x00000002   Code   RO         4107    .ARM.Collect$$libshutdown$$00000000  c_w.l(libshutdown.o)
    0x0800026e   0x0800026e   0x00000000   Code   RO         4123    .ARM.Collect$$libshutdown$$00000002  c_w.l(libshutdown2.o)
    0x0800026e   0x0800026e   0x00000000   Code   RO         4125    .ARM.Collect$$libshutdown$$00000004  c_w.l(libshutdown2.o)
    0x0800026e   0x0800026e   0x00000000   Code   RO         4127    .ARM.Collect$$libshutdown$$00000006  c_w.l(libshutdown2.o)
    0x0800026e   0x0800026e   0x00000000   Code   RO         4130    .ARM.Collect$$libshutdown$$00000009  c_w.l(libshutdown2.o)
    0x0800026e   0x0800026e   0x00000000   Code   RO         4133    .ARM.Collect$$libshutdown$$0000000C  c_w.l(libshutdown2.o)
    0x0800026e   0x0800026e   0x00000000   Code   RO         4135    .ARM.Collect$$libshutdown$$0000000E  c_w.l(libshutdown2.o)
    0x0800026e   0x0800026e   0x00000000   Code   RO         4138    .ARM.Collect$$libshutdown$$00000011  c_w.l(libshutdown2.o)
    0x0800026e   0x0800026e   0x00000002   Code   RO         4139    .ARM.Collect$$libshutdown$$00000012  c_w.l(libshutdown2.o)
    0x08000270   0x08000270   0x00000000   Code   RO         3938    .ARM.Collect$$rtentry$$00000000  c_w.l(__rtentry.o)
    0x08000270   0x08000270   0x00000000   Code   RO         4021    .ARM.Collect$$rtentry$$00000002  c_w.l(__rtentry2.o)
    0x08000270   0x08000270   0x00000006   Code   RO         4033    .ARM.Collect$$rtentry$$00000004  c_w.l(__rtentry4.o)
    0x08000276   0x08000276   0x00000000   Code   RO         4023    .ARM.Collect$$rtentry$$00000009  c_w.l(__rtentry2.o)
    0x08000276   0x08000276   0x00000004   Code   RO         4024    .ARM.Collect$$rtentry$$0000000A  c_w.l(__rtentry2.o)
    0x0800027a   0x0800027a   0x00000000   Code   RO         4026    .ARM.Collect$$rtentry$$0000000C  c_w.l(__rtentry2.o)
    0x0800027a   0x0800027a   0x00000008   Code   RO         4027    .ARM.Collect$$rtentry$$0000000D  c_w.l(__rtentry2.o)
    0x08000282   0x08000282   0x00000002   Code   RO         4069    .ARM.Collect$$rtexit$$00000000  c_w.l(rtexit.o)
    0x08000284   0x08000284   0x00000000   Code   RO         4089    .ARM.Collect$$rtexit$$00000002  c_w.l(rtexit2.o)
    0x08000284   0x08000284   0x00000004   Code   RO         4090    .ARM.Collect$$rtexit$$00000003  c_w.l(rtexit2.o)
    0x08000288   0x08000288   0x00000006   Code   RO         4091    .ARM.Collect$$rtexit$$00000004  c_w.l(rtexit2.o)
    0x0800028e   0x0800028e   0x00000002   PAD
    0x08000290   0x08000290   0x00000040   Code   RO            4    .text               startup_stm32f427xx.o
    0x080002d0   0x080002d0   0x000000ee   Code   RO         3892    .text               c_w.l(lludivv7m.o)
    0x080003be   0x080003be   0x0000004e   Code   RO         3894    .text               c_w.l(rt_memclr_w.o)
    0x0800040c   0x0800040c   0x00000080   Code   RO         3896    .text               c_w.l(strcmpv7m.o)
    0x0800048c   0x0800048c   0x00000006   Code   RO         3898    .text               c_w.l(heapauxi.o)
    0x08000492   0x08000492   0x00000002   PAD
    0x08000494   0x08000494   0x00000024   Code   RO         3905    .text               c_w.l(init_aeabi.o)
    0x080004b8   0x080004b8   0x00000016   Code   RO         3943    .text               c_w.l(_rserrno.o)
    0x080004ce   0x080004ce   0x00000002   PAD
    0x080004d0   0x080004d0   0x00000008   Code   RO         4040    .text               c_w.l(rt_errno_addr_intlibspace.o)
    0x080004d8   0x080004d8   0x00000008   Code   RO         4046    .text               c_w.l(libspace.o)
    0x080004e0   0x080004e0   0x0000004a   Code   RO         4049    .text               c_w.l(sys_stackheap_outer.o)
    0x0800052a   0x0800052a   0x00000012   Code   RO         4051    .text               c_w.l(exit.o)
    0x0800053c   0x0800053c   0x0000000c   Code   RO         4083    .text               c_w.l(sys_exit.o)
    0x08000548   0x08000548   0x00000002   Code   RO         4085    .text               c_w.l(use_no_semi.o)
    0x0800054a   0x0800054a   0x00000000   Code   RO         4087    .text               c_w.l(indicate_semi.o)
    0x0800054a   0x0800054a   0x00000004   Code   RO          518    i.BusFault_Handler  stm32f4xx_it.o
    0x0800054e   0x0800054e   0x00000002   PAD
    0x08000550   0x08000550   0x00000010   Code   RO          519    i.CAN1_RX0_IRQHandler  stm32f4xx_it.o
    0x08000560   0x08000560   0x00000010   Code   RO          520    i.CAN1_RX1_IRQHandler  stm32f4xx_it.o
    0x08000570   0x08000570   0x00000010   Code   RO          521    i.DMA1_Stream5_IRQHandler  stm32f4xx_it.o
    0x08000580   0x08000580   0x00000010   Code   RO          522    i.DMA1_Stream6_IRQHandler  stm32f4xx_it.o
    0x08000590   0x08000590   0x00000002   Code   RO          523    i.DebugMon_Handler  stm32f4xx_it.o
    0x08000592   0x08000592   0x00000006   Code   RO           13    i.Error_Handler     main.o
    0x08000598   0x08000598   0x00000156   Code   RO          665    i.HAL_CAN_AddTxMessage  stm32f4xx_hal_can.o
    0x080006ee   0x080006ee   0x00000002   PAD
    0x080006f0   0x080006f0   0x00000124   Code   RO          666    i.HAL_CAN_ConfigFilter  stm32f4xx_hal_can.o
    0x08000814   0x08000814   0x00000002   Code   RO          669    i.HAL_CAN_ErrorCallback  stm32f4xx_hal_can.o
    0x08000816   0x08000816   0x0000017a   Code   RO          672    i.HAL_CAN_GetRxMessage  stm32f4xx_hal_can.o
    0x08000990   0x08000990   0x0000024e   Code   RO          676    i.HAL_CAN_IRQHandler  stm32f4xx_hal_can.o
    0x08000bde   0x08000bde   0x00000174   Code   RO          677    i.HAL_CAN_Init      stm32f4xx_hal_can.o
    0x08000d52   0x08000d52   0x00000002   PAD
    0x08000d54   0x08000d54   0x00000164   Code   RO          306    i.HAL_CAN_MspInit   can.o
    0x08000eb8   0x08000eb8   0x00000002   Code   RO          684    i.HAL_CAN_RxFifo0FullCallback  stm32f4xx_hal_can.o
    0x08000eba   0x08000eba   0x00000002   PAD
    0x08000ebc   0x08000ebc   0x00000058   Code   RO         3227    i.HAL_CAN_RxFifo0MsgPendingCallback  drv_can.o
    0x08000f14   0x08000f14   0x00000002   Code   RO          686    i.HAL_CAN_RxFifo1FullCallback  stm32f4xx_hal_can.o
    0x08000f16   0x08000f16   0x00000002   PAD
    0x08000f18   0x08000f18   0x00000058   Code   RO         3228    i.HAL_CAN_RxFifo1MsgPendingCallback  drv_can.o
    0x08000f70   0x08000f70   0x00000002   Code   RO          688    i.HAL_CAN_SleepCallback  stm32f4xx_hal_can.o
    0x08000f72   0x08000f72   0x0000005e   Code   RO          689    i.HAL_CAN_Start     stm32f4xx_hal_can.o
    0x08000fd0   0x08000fd0   0x00000002   Code   RO          691    i.HAL_CAN_TxMailbox0AbortCallback  stm32f4xx_hal_can.o
    0x08000fd2   0x08000fd2   0x00000002   Code   RO          692    i.HAL_CAN_TxMailbox0CompleteCallback  stm32f4xx_hal_can.o
    0x08000fd4   0x08000fd4   0x00000002   Code   RO          693    i.HAL_CAN_TxMailbox1AbortCallback  stm32f4xx_hal_can.o
    0x08000fd6   0x08000fd6   0x00000002   Code   RO          694    i.HAL_CAN_TxMailbox1CompleteCallback  stm32f4xx_hal_can.o
    0x08000fd8   0x08000fd8   0x00000002   Code   RO          695    i.HAL_CAN_TxMailbox2AbortCallback  stm32f4xx_hal_can.o
    0x08000fda   0x08000fda   0x00000002   Code   RO          696    i.HAL_CAN_TxMailbox2CompleteCallback  stm32f4xx_hal_can.o
    0x08000fdc   0x08000fdc   0x00000002   Code   RO          698    i.HAL_CAN_WakeUpFromRxMsgCallback  stm32f4xx_hal_can.o
    0x08000fde   0x08000fde   0x000000ac   Code   RO         1569    i.HAL_DMA_Abort     stm32f4xx_hal_dma.o
    0x0800108a   0x0800108a   0x00000028   Code   RO         1570    i.HAL_DMA_Abort_IT  stm32f4xx_hal_dma.o
    0x080010b2   0x080010b2   0x00000002   PAD
    0x080010b4   0x080010b4   0x00000240   Code   RO         1574    i.HAL_DMA_IRQHandler  stm32f4xx_hal_dma.o
    0x080012f4   0x080012f4   0x000000ec   Code   RO         1575    i.HAL_DMA_Init      stm32f4xx_hal_dma.o
    0x080013e0   0x080013e0   0x00000092   Code   RO         1578    i.HAL_DMA_Start_IT  stm32f4xx_hal_dma.o
    0x08001472   0x08001472   0x00000002   PAD
    0x08001474   0x08001474   0x00000028   Code   RO         2075    i.HAL_Delay         stm32f4xx_hal.o
    0x0800149c   0x0800149c   0x0000020c   Code   RO         1453    i.HAL_GPIO_Init     stm32f4xx_hal_gpio.o
    0x080016a8   0x080016a8   0x0000000c   Code   RO         1457    i.HAL_GPIO_WritePin  stm32f4xx_hal_gpio.o
    0x080016b4   0x080016b4   0x0000000c   Code   RO         2083    i.HAL_GetTick       stm32f4xx_hal.o
    0x080016c0   0x080016c0   0x00000018   Code   RO         2089    i.HAL_IncTick       stm32f4xx_hal.o
    0x080016d8   0x080016d8   0x0000003c   Code   RO         2090    i.HAL_Init          stm32f4xx_hal.o
    0x08001714   0x08001714   0x0000004c   Code   RO         2091    i.HAL_InitTick      stm32f4xx_hal.o
    0x08001760   0x08001760   0x00000048   Code   RO          638    i.HAL_MspInit       stm32f4xx_hal_msp.o
    0x080017a8   0x080017a8   0x00000020   Code   RO         1913    i.HAL_NVIC_EnableIRQ  stm32f4xx_hal_cortex.o
    0x080017c8   0x080017c8   0x0000007c   Code   RO         1919    i.HAL_NVIC_SetPriority  stm32f4xx_hal_cortex.o
    0x08001844   0x08001844   0x00000028   Code   RO         1920    i.HAL_NVIC_SetPriorityGrouping  stm32f4xx_hal_cortex.o
    0x0800186c   0x0800186c   0x0000008c   Code   RO         1833    i.HAL_PWREx_EnableOverDrive  stm32f4xx_hal_pwr_ex.o
    0x080018f8   0x080018f8   0x00000184   Code   RO          934    i.HAL_RCC_ClockConfig  stm32f4xx_hal_rcc.o
    0x08001a7c   0x08001a7c   0x0000000c   Code   RO          939    i.HAL_RCC_GetHCLKFreq  stm32f4xx_hal_rcc.o
    0x08001a88   0x08001a88   0x00000020   Code   RO          941    i.HAL_RCC_GetPCLK1Freq  stm32f4xx_hal_rcc.o
    0x08001aa8   0x08001aa8   0x00000020   Code   RO          942    i.HAL_RCC_GetPCLK2Freq  stm32f4xx_hal_rcc.o
    0x08001ac8   0x08001ac8   0x000000b0   Code   RO          943    i.HAL_RCC_GetSysClockFreq  stm32f4xx_hal_rcc.o
    0x08001b78   0x08001b78   0x0000049c   Code   RO          946    i.HAL_RCC_OscConfig  stm32f4xx_hal_rcc.o
    0x08002014   0x08002014   0x00000034   Code   RO         1924    i.HAL_SYSTICK_Config  stm32f4xx_hal_cortex.o
    0x08002048   0x08002048   0x00000082   Code   RO         2421    i.HAL_UARTEx_ReceiveToIdle_DMA  stm32f4xx_hal_uart.o
    0x080020ca   0x080020ca   0x00000002   PAD
    0x080020cc   0x080020cc   0x00000188   Code   RO         3295    i.HAL_UARTEx_RxEventCallback  drv_uart.o
    0x08002254   0x08002254   0x00000002   Code   RO         2437    i.HAL_UART_ErrorCallback  stm32f4xx_hal_uart.o
    0x08002256   0x08002256   0x00000002   PAD
    0x08002258   0x08002258   0x000002e0   Code   RO         2440    i.HAL_UART_IRQHandler  stm32f4xx_hal_uart.o
    0x08002538   0x08002538   0x00000072   Code   RO         2441    i.HAL_UART_Init     stm32f4xx_hal_uart.o
    0x080025aa   0x080025aa   0x00000002   PAD
    0x080025ac   0x080025ac   0x0000011c   Code   RO          474    i.HAL_UART_MspInit  usart.o
    0x080026c8   0x080026c8   0x00000002   Code   RO         2447    i.HAL_UART_RxCpltCallback  stm32f4xx_hal_uart.o
    0x080026ca   0x080026ca   0x00000002   Code   RO         2448    i.HAL_UART_RxHalfCpltCallback  stm32f4xx_hal_uart.o
    0x080026cc   0x080026cc   0x000000ac   Code   RO         2450    i.HAL_UART_Transmit_DMA  stm32f4xx_hal_uart.o
    0x08002778   0x08002778   0x00000002   Code   RO         2452    i.HAL_UART_TxCpltCallback  stm32f4xx_hal_uart.o
    0x0800277a   0x0800277a   0x00000002   Code   RO         2453    i.HAL_UART_TxHalfCpltCallback  stm32f4xx_hal_uart.o
    0x0800277c   0x0800277c   0x00000004   Code   RO          524    i.HardFault_Handler  stm32f4xx_it.o
    0x08002780   0x08002780   0x00000044   Code   RO          307    i.MX_CAN1_Init      can.o
    0x080027c4   0x080027c4   0x00000040   Code   RO          308    i.MX_CAN2_Init      can.o
    0x08002804   0x08002804   0x00000048   Code   RO          445    i.MX_DMA_Init       dma.o
    0x0800284c   0x0800284c   0x000000dc   Code   RO          280    i.MX_GPIO_Init      gpio.o
    0x08002928   0x08002928   0x00000038   Code   RO          475    i.MX_USART2_UART_Init  usart.o
    0x08002960   0x08002960   0x00000004   Code   RO          525    i.MemManage_Handler  stm32f4xx_it.o
    0x08002964   0x08002964   0x00000004   Code   RO          526    i.NMI_Handler       stm32f4xx_it.o
    0x08002968   0x08002968   0x00000002   Code   RO          527    i.PendSV_Handler    stm32f4xx_it.o
    0x0800296a   0x0800296a   0x00000002   Code   RO          528    i.SVC_Handler       stm32f4xx_it.o
    0x0800296c   0x0800296c   0x00000008   Code   RO          529    i.SysTick_Handler   stm32f4xx_it.o
    0x08002974   0x08002974   0x00000014   Code   RO         2841    i.SystemInit        system_stm32f4xx.o
    0x08002988   0x08002988   0x000000cc   Code   RO         2454    i.UART_Start_Receive_DMA  stm32f4xx_hal_uart.o
    0x08002a54   0x08002a54   0x00000010   Code   RO          530    i.USART2_IRQHandler  stm32f4xx_it.o
    0x08002a64   0x08002a64   0x00000004   Code   RO          531    i.UsageFault_Handler  stm32f4xx_it.o
    0x08002a68   0x08002a68   0x00000014   Code   RO         3101    i._Z11BSP_DC24_LD20Enum_BSP_DC24_Status  drv_bsp.o
    0x08002a7c   0x08002a7c   0x00000014   Code   RO         3102    i._Z11BSP_DC24_LU20Enum_BSP_DC24_Status  drv_bsp.o
    0x08002a90   0x08002a90   0x00000014   Code   RO         3103    i._Z11BSP_DC24_RD20Enum_BSP_DC24_Status  drv_bsp.o
    0x08002aa4   0x08002aa4   0x00000014   Code   RO         3104    i._Z11BSP_DC24_RU20Enum_BSP_DC24_Status  drv_bsp.o
    0x08002ab8   0x08002ab8   0x00000028   Code   RO         3229    i._Z13CAN_Send_DataP19__CAN_HandleTypeDeftPht  drv_can.o
    0x08002ae0   0x08002ae0   0x00000014   Code   RO         3296    i._Z14UART_Send_DataP20__UART_HandleTypeDefPht  drv_uart.o
    0x08002af4   0x08002af4   0x0000006c   Code   RO         3420    i._Z16allocate_tx_dataP19__CAN_HandleTypeDef17Enum_CAN_Motor_ID  dvc_motor.o
    0x08002b60   0x08002b60   0x000000bc   Code   RO           14    i._Z18SystemClock_Configv  main.o
    0x08002c1c   0x08002c1c   0x0000004c   Code   RO           15    i._Z19CAN_Motor_Call_BackP20Struct_CAN_Rx_Buffer  main.o
    0x08002c68   0x08002c68   0x0000006e   Code   RO         3230    i._Z22CAN_Filter_Mask_ConfigP19__CAN_HandleTypeDefhjj  drv_can.o
    0x08002cd6   0x08002cd6   0x00000002   PAD
    0x08002cd8   0x08002cd8   0x00000024   Code   RO           16    i._Z25Motor2006_Rotate_0_Degreev  main.o
    0x08002cfc   0x08002cfc   0x00000018   Code   RO           17    i._Z25Motor3508_Rotate_0_Degreev  main.o
    0x08002d14   0x08002d14   0x000003bc   Code   RO           18    i._Z25UART_Serialplot_Call_BackPht  main.o
    0x080030d0   0x080030d0   0x00000024   Code   RO           19    i._Z26Motor2006_Rotate_90_Degreev  main.o
    0x080030f4   0x080030f4   0x00000018   Code   RO           20    i._Z27Motor3508_Rotate_180_Degreev  main.o
    0x0800310c   0x0800310c   0x00000048   Code   RO         3231    i._Z29TIM_CAN_PeriodElapsedCallbackv  drv_can.o
    0x08003154   0x08003154   0x00000018   Code   RO         3297    i._Z30TIM_UART_PeriodElapsedCallbackv  drv_uart.o
    0x0800316c   0x0800316c   0x0000009a   Code   RO         3105    i._Z8BSP_Initjff    drv_bsp.o
    0x08003206   0x08003206   0x00000002   PAD
    0x08003208   0x08003208   0x00000084   Code   RO         3232    i._Z8CAN_InitP19__CAN_HandleTypeDefPFvP20Struct_CAN_Rx_BufferE  drv_can.o
    0x0800328c   0x0800328c   0x0000001c   Code   RO           22    i._Z8ballpullv      main.o
    0x080032a8   0x080032a8   0x0000001c   Code   RO           23    i._Z8ballpushv      main.o
    0x080032c4   0x080032c4   0x00000014   Code   RO         3106    i._Z9BSP_LED_119Enum_BSP_LED_Status  drv_bsp.o
    0x080032d8   0x080032d8   0x00000014   Code   RO         3107    i._Z9BSP_LED_219Enum_BSP_LED_Status  drv_bsp.o
    0x080032ec   0x080032ec   0x00000014   Code   RO         3108    i._Z9BSP_LED_319Enum_BSP_LED_Status  drv_bsp.o
    0x08003300   0x08003300   0x00000014   Code   RO         3109    i._Z9BSP_LED_419Enum_BSP_LED_Status  drv_bsp.o
    0x08003314   0x08003314   0x00000014   Code   RO         3110    i._Z9BSP_LED_519Enum_BSP_LED_Status  drv_bsp.o
    0x08003328   0x08003328   0x00000014   Code   RO         3111    i._Z9BSP_LED_619Enum_BSP_LED_Status  drv_bsp.o
    0x0800333c   0x0800333c   0x00000014   Code   RO         3112    i._Z9BSP_LED_719Enum_BSP_LED_Status  drv_bsp.o
    0x08003350   0x08003350   0x00000018   Code   RO         3113    i._Z9BSP_LED_819Enum_BSP_LED_Status  drv_bsp.o
    0x08003368   0x08003368   0x00000018   Code   RO         3114    i._Z9BSP_LED_G19Enum_BSP_LED_Status  drv_bsp.o
    0x08003380   0x08003380   0x00000018   Code   RO         3115    i._Z9BSP_LED_R19Enum_BSP_LED_Status  drv_bsp.o
    0x08003398   0x08003398   0x00000168   Code   RO         3298    i._Z9UART_InitP20__UART_HandleTypeDefPFvPhtEt  drv_uart.o
    0x08003500   0x08003500   0x00000006   Code   RO         3421    i._ZN16Class_Motor_C61013Get_Now_AngleEv  dvc_motor.o
    0x08003506   0x08003506   0x00000006   Code   RO         3422    i._ZN16Class_Motor_C61013Get_Now_OmegaEv  dvc_motor.o
    0x0800350c   0x0800350c   0x00000006   Code   RO         3425    i._ZN16Class_Motor_C61016Get_Target_AngleEv  dvc_motor.o
    0x08003512   0x08003512   0x00000006   Code   RO         3426    i._ZN16Class_Motor_C61016Get_Target_OmegaEv  dvc_motor.o
    0x08003518   0x08003518   0x00000006   Code   RO         3427    i._ZN16Class_Motor_C61016Set_Target_AngleEf  dvc_motor.o
    0x0800351e   0x0800351e   0x00000002   PAD
    0x08003520   0x08003520   0x000000e4   Code   RO         3431    i._ZN16Class_Motor_C61018CAN_RxCpltCallbackEPh  dvc_motor.o
    0x08003604   0x08003604   0x00000130   Code   RO         3436    i._ZN16Class_Motor_C61029TIM_PID_PeriodElapsedCallbackEv  dvc_motor.o
    0x08003734   0x08003734   0x00000058   Code   RO         3438    i._ZN16Class_Motor_C6104InitEP19__CAN_HandleTypeDef17Enum_CAN_Motor_ID19Enum_Control_Methodff  dvc_motor.o
    0x0800378c   0x0800378c   0x00000028   Code   RO         3439    i._ZN16Class_Motor_C6106OutputEv  dvc_motor.o
    0x080037b4   0x080037b4   0x00000006   Code   RO         3441    i._ZN16Class_Motor_C6107Set_OutEf  dvc_motor.o
    0x080037ba   0x080037ba   0x00000002   PAD
    0x080037bc   0x080037bc   0x000000a0   Code   RO          120    i._ZN16Class_Motor_C610C1Ev  main.o
    0x0800385c   0x0800385c   0x00000006   Code   RO         3448    i._ZN16Class_Motor_C62016Set_Target_AngleEf  dvc_motor.o
    0x08003862   0x08003862   0x00000002   PAD
    0x08003864   0x08003864   0x000000e4   Code   RO         3452    i._ZN16Class_Motor_C62018CAN_RxCpltCallbackEPh  dvc_motor.o
    0x08003948   0x08003948   0x00000130   Code   RO         3457    i._ZN16Class_Motor_C62029TIM_PID_PeriodElapsedCallbackEv  dvc_motor.o
    0x08003a78   0x08003a78   0x00000058   Code   RO         3459    i._ZN16Class_Motor_C6204InitEP19__CAN_HandleTypeDef17Enum_CAN_Motor_ID19Enum_Control_Methodff  dvc_motor.o
    0x08003ad0   0x08003ad0   0x00000028   Code   RO         3460    i._ZN16Class_Motor_C6206OutputEv  dvc_motor.o
    0x08003af8   0x08003af8   0x00000006   Code   RO         3462    i._ZN16Class_Motor_C6207Set_OutEf  dvc_motor.o
    0x08003afe   0x08003afe   0x00000002   PAD
    0x08003b00   0x08003b00   0x0000009c   Code   RO          123    i._ZN16Class_Motor_C620C1Ev  main.o
    0x08003b9c   0x08003b9c   0x00000008   Code   RO         2879    i._ZN16Class_Serialplot18Get_Variable_IndexEv  dvc_serialplot.o
    0x08003ba4   0x08003ba4   0x00000018   Code   RO         2880    i._ZN16Class_Serialplot18Get_Variable_ValueEv  dvc_serialplot.o
    0x08003bbc   0x08003bbc   0x00000060   Code   RO         2881    i._ZN16Class_Serialplot19Judge_Variable_NameEv  dvc_serialplot.o
    0x08003c1c   0x08003c1c   0x00000018   Code   RO         2882    i._ZN16Class_Serialplot19UART_RxCpltCallbackEPh  dvc_serialplot.o
    0x08003c34   0x08003c34   0x000000dc   Code   RO         2883    i._ZN16Class_Serialplot20Judge_Variable_ValueEi  dvc_serialplot.o
    0x08003d10   0x08003d10   0x0000000c   Code   RO         2884    i._ZN16Class_Serialplot31TIM_Write_PeriodElapsedCallbackEv  dvc_serialplot.o
    0x08003d1c   0x08003d1c   0x000000c4   Code   RO         2885    i._ZN16Class_Serialplot4InitEP20__UART_HandleTypeDefhPPc25Enum_Serialplot_Data_Typeh  dvc_serialplot.o
    0x08003de0   0x08003de0   0x000000e0   Code   RO         2886    i._ZN16Class_Serialplot6OutputEv  dvc_serialplot.o
    0x08003ec0   0x08003ec0   0x0000003a   Code   RO         2887    i._ZN16Class_Serialplot8Set_DataEhz  dvc_serialplot.o
    0x08003efa   0x08003efa   0x0000002c   Code   RO         1581    i._ZN41_INTERNAL_19_stm32f4xx_hal_dma_c_c25f65ec13DMA_SetConfigEP19__DMA_HandleTypeDefjjj  stm32f4xx_hal_dma.o
    0x08003f26   0x08003f26   0x000000aa   Code   RO         1582    i._ZN41_INTERNAL_19_stm32f4xx_hal_dma_c_c25f65ec18DMA_CheckFifoParamEP19__DMA_HandleTypeDef  stm32f4xx_hal_dma.o
    0x08003fd0   0x08003fd0   0x00000034   Code   RO         1583    i._ZN41_INTERNAL_19_stm32f4xx_hal_dma_c_c25f65ec23DMA_CalcBaseAndBitshiftEP19__DMA_HandleTypeDef  stm32f4xx_hal_dma.o
    0x08004004   0x08004004   0x00000050   Code   RO         2456    i._ZN42_INTERNAL_20_stm32f4xx_hal_uart_c_d497114f13UART_DMAErrorEP19__DMA_HandleTypeDef  stm32f4xx_hal_uart.o
    0x08004054   0x08004054   0x0000022c   Code   RO         2457    i._ZN42_INTERNAL_20_stm32f4xx_hal_uart_c_d497114f14UART_SetConfigEP20__UART_HandleTypeDef  stm32f4xx_hal_uart.o
    0x08004280   0x08004280   0x000000f8   Code   RO         2458    i._ZN42_INTERNAL_20_stm32f4xx_hal_uart_c_d497114f15UART_Receive_ITEP20__UART_HandleTypeDef  stm32f4xx_hal_uart.o
    0x08004378   0x08004378   0x00000060   Code   RO         2459    i._ZN42_INTERNAL_20_stm32f4xx_hal_uart_c_d497114f16UART_Transmit_ITEP20__UART_HandleTypeDef  stm32f4xx_hal_uart.o
    0x080043d8   0x080043d8   0x00000020   Code   RO         2460    i._ZN42_INTERNAL_20_stm32f4xx_hal_uart_c_d497114f18UART_DMARxHalfCpltEP19__DMA_HandleTypeDef  stm32f4xx_hal_uart.o
    0x080043f8   0x080043f8   0x0000000e   Code   RO         2461    i._ZN42_INTERNAL_20_stm32f4xx_hal_uart_c_d497114f18UART_DMATxHalfCpltEP19__DMA_HandleTypeDef  stm32f4xx_hal_uart.o
    0x08004406   0x08004406   0x0000006c   Code   RO         2462    i._ZN42_INTERNAL_20_stm32f4xx_hal_uart_c_d497114f18UART_EndRxTransferEP20__UART_HandleTypeDef  stm32f4xx_hal_uart.o
    0x08004472   0x08004472   0x00000026   Code   RO         2463    i._ZN42_INTERNAL_20_stm32f4xx_hal_uart_c_d497114f18UART_EndTxTransferEP20__UART_HandleTypeDef  stm32f4xx_hal_uart.o
    0x08004498   0x08004498   0x000000b0   Code   RO         2464    i._ZN42_INTERNAL_20_stm32f4xx_hal_uart_c_d497114f19UART_DMAReceiveCpltEP19__DMA_HandleTypeDef  stm32f4xx_hal_uart.o
    0x08004548   0x08004548   0x00000020   Code   RO         2465    i._ZN42_INTERNAL_20_stm32f4xx_hal_uart_c_d497114f19UART_EndTransmit_ITEP20__UART_HandleTypeDef  stm32f4xx_hal_uart.o
    0x08004568   0x08004568   0x00000014   Code   RO         2466    i._ZN42_INTERNAL_20_stm32f4xx_hal_uart_c_d497114f20UART_DMAAbortOnErrorEP19__DMA_HandleTypeDef  stm32f4xx_hal_uart.o
    0x0800457c   0x0800457c   0x00000058   Code   RO         2467    i._ZN42_INTERNAL_20_stm32f4xx_hal_uart_c_d497114f20UART_DMATransmitCpltEP19__DMA_HandleTypeDef  stm32f4xx_hal_uart.o
    0x080045d4   0x080045d4   0x00000028   Code   RO         1926    i._ZN44_INTERNAL_22_stm32f4xx_hal_cortex_c_2992dbc018__NVIC_SetPriorityE9IRQn_Typej  stm32f4xx_hal_cortex.o
    0x080045fc   0x080045fc   0x00000010   Code   RO         1927    i._ZN44_INTERNAL_22_stm32f4xx_hal_cortex_c_2992dbc026__NVIC_GetPriorityGroupingEv  stm32f4xx_hal_cortex.o
    0x0800460c   0x0800460c   0x00000006   Code   RO         2969    i._ZN9Class_PID10Set_TargetEf  alg_pid.o
    0x08004612   0x08004612   0x00000002   PAD
    0x08004614   0x08004614   0x00000274   Code   RO         2977    i._ZN9Class_PID32TIM_Adjust_PeriodElapsedCallbackEv  alg_pid.o
    0x08004888   0x08004888   0x00000030   Code   RO         2978    i._ZN9Class_PID4InitEfffffffffff16Enum_PID_D_First  alg_pid.o
    0x080048b8   0x080048b8   0x00000006   Code   RO         2979    i._ZN9Class_PID7Get_OutEv  alg_pid.o
    0x080048be   0x080048be   0x00000006   Code   RO         2980    i._ZN9Class_PID7Set_K_DEf  alg_pid.o
    0x080048c4   0x080048c4   0x00000006   Code   RO         2982    i._ZN9Class_PID7Set_K_IEf  alg_pid.o
    0x080048ca   0x080048ca   0x00000006   Code   RO         2983    i._ZN9Class_PID7Set_K_PEf  alg_pid.o
    0x080048d0   0x080048d0   0x00000006   Code   RO         2984    i._ZN9Class_PID7Set_NowEf  alg_pid.o
    0x080048d6   0x080048d6   0x00000002   PAD
    0x080048d8   0x080048d8   0x00000090   Code   RO          117    i._ZN9Class_PIDC1Ev  main.o
    0x08004968   0x08004968   0x00000026   Code   RO         4001    i.__ARM_fpclassifyf  m_wm.l(fpclassifyf.o)
    0x0800498e   0x0800498e   0x00000002   PAD
    0x08004990   0x08004990   0x00000664   Code   RO         3912    i.__hardfp_powf     m_wm.l(powf.o)
    0x08004ff4   0x08004ff4   0x00000014   Code   RO         4003    i.__mathlib_flt_divzero  m_wm.l(funder.o)
    0x08005008   0x08005008   0x00000006   Code   RO         4005    i.__mathlib_flt_infnan2  m_wm.l(funder.o)
    0x0800500e   0x0800500e   0x00000002   PAD
    0x08005010   0x08005010   0x00000010   Code   RO         4006    i.__mathlib_flt_invalid  m_wm.l(funder.o)
    0x08005020   0x08005020   0x00000010   Code   RO         4007    i.__mathlib_flt_overflow  m_wm.l(funder.o)
    0x08005030   0x08005030   0x00000010   Code   RO         4009    i.__mathlib_flt_underflow  m_wm.l(funder.o)
    0x08005040   0x08005040   0x00000040   Code   RO           24    i.__sti___6_main_c_18ce1bfb  main.o
    0x08005080   0x08005080   0x00000330   Code   RO           25    i.main              main.o
    0x080053b0   0x080053b0   0x00000028   Code   RO         3075    t._Z14Math_ConstrainIfEvPT_S0_S0_  alg_pid.o
    0x080053d8   0x080053d8   0x0000001a   Code   RO         3068    t._Z8Math_AbsIfET_S0_  alg_pid.o
    0x080053f2   0x080053f2   0x00000002   PAD
    0x080053f4   0x080053f4   0x00000062   Code   RO         3908    x$fpl$d2f           fz_wm.l(d2f.o)
    0x08005456   0x08005456   0x0000009c   Code   RO         3990    x$fpl$dnaninf       fz_wm.l(dnaninf.o)
    0x080054f2   0x080054f2   0x0000000c   Code   RO         3992    x$fpl$dretinf       fz_wm.l(dretinf.o)
    0x080054fe   0x080054fe   0x00000002   PAD
    0x08005500   0x08005500   0x00000056   Code   RO         3910    x$fpl$f2d           fz_wm.l(f2d.o)
    0x08005556   0x08005556   0x0000008c   Code   RO         3994    x$fpl$fnaninf       fz_wm.l(fnaninf.o)
    0x080055e2   0x080055e2   0x0000000a   Code   RO         4044    x$fpl$fpinit        fz_wm.l(fpinit.o)
    0x080055ec   0x080055ec   0x0000000a   Code   RO         3996    x$fpl$fretinf       fz_wm.l(fretinf.o)
    0x080055f6   0x080055f6   0x00000000   Code   RO         4000    x$fpl$usenofp       fz_wm.l(usenofp.o)
    0x080055f6   0x080055f6   0x00000008   Data   RO         1599    .constdata          stm32f4xx_hal_dma.o
    0x080055fe   0x080055fe   0x00000018   Data   RO         2844    .constdata          system_stm32f4xx.o
    0x08005616   0x08005616   0x00000002   PAD
    0x08005618   0x08005618   0x00000140   Data   RO         3915    .constdata          m_wm.l(powf.o)
    0x08005758   0x08005758   0x00000020   Data   RO         4140    Region$$Table       anon$$obj.o
    0x08005778   0x08005778   0x00000004   Data   RO           41    .init_array         main.o
    0x0800577c   0x08005778   0x00000000   Data   RO         3903    .init_array         c_w.l(init_aeabi.o)


    Execution Region RW_IRAM2 (Exec base: 0x10000000, Load base: 0x080057ac, Size: 0x00000000, Max: 0x00010000, ABSOLUTE)

    **** No section assigned to this execution region ****


    Execution Region RW_IRAM1 (Exec base: 0x20000000, Load base: 0x0800577c, Size: 0x00001f90, Max: 0x00030000, ABSOLUTE, COMPRESSED[0x00000030])

    Exec Addr    Load Addr    Size         Type   Attr      Idx    E Section Name        Object

    0x20000000   COMPRESSED   0x000003a4   Data   RW           40    .data               main.o
    0x200003a4   COMPRESSED   0x00000004   Data   RW          314    .data               can.o
    0x200003a8   COMPRESSED   0x00000009   Data   RW         2126    .data               stm32f4xx_hal.o
    0x200003b1   COMPRESSED   0x00000003   PAD
    0x200003b4   COMPRESSED   0x00000004   Data   RW         2845    .data               system_stm32f4xx.o
    0x200003b8   COMPRESSED   0x0000003c   Data   RW         3240    .data               drv_can.o
    0x200003f4        -       0x00000330   Zero   RW           39    .bss                main.o
    0x20000724        -       0x00000050   Zero   RW          313    .bss                can.o
    0x20000774        -       0x00000104   Zero   RW          479    .bss                usart.o
    0x20000878        -       0x00000058   Zero   RW         3239    .bss                drv_can.o
    0x200008d0        -       0x00001060   Zero   RW         3303    .bss                drv_uart.o
    0x20001930        -       0x00000060   Zero   RW         4047    .bss                c_w.l(libspace.o)
    0x20001990        -       0x00000200   Zero   RW            2    HEAP                startup_stm32f427xx.o
    0x20001b90        -       0x00000400   Zero   RW            1    STACK               startup_stm32f427xx.o


==============================================================================

Image component sizes


      Code (inc. data)   RO Data    RW Data    ZI Data      Debug   Object Name

       778          6          0          0          0       7440   alg_pid.o
       488         42          0          4         80     716094   can.o
        72          4          0          0          0        830   dma.o
       446         62          0          0          0       9075   drv_bsp.o
       530         66          0         60         88       5839   drv_can.o
       796        140          0          0       4192       4434   drv_uart.o
      1476         92          0          0          0     629616   dvc_motor.o
       862         72          0          0          0       9631   dvc_serialplot.o
       220         10          0          0          0       1067   gpio.o
      2742        286          4        932        816     736677   main.o
        64         26        428          0       1536        860   startup_stm32f427xx.o
       212         36          0          9          0       9713   stm32f4xx_hal.o
      2090          6          0          0          0      13312   stm32f4xx_hal_can.o
       304         22          0          0          0      34623   stm32f4xx_hal_cortex.o
      1436         16          8          0          0       7222   stm32f4xx_hal_dma.o
       536         52          0          0          0       2208   stm32f4xx_hal_gpio.o
        72          4          0          0          0        914   stm32f4xx_hal_msp.o
       140         12          0          0          0       1340   stm32f4xx_hal_pwr_ex.o
      1820         84          0          0          0       5768   stm32f4xx_hal_rcc.o
      2854         38          0          0          0      17399   stm32f4xx_hal_uart.o
       114         30          0          0          0       6982   stm32f4xx_it.o
        20          6         24          4          0       1207   system_stm32f4xx.o
       340         36          0          0        260       1984   usart.o

    ----------------------------------------------------------------------
     18450       1148        498       1012       6972    2224235   Object Totals
         0          0         32          0          0          0   (incl. Generated)
        38          0          2          3          0          0   (incl. Padding)

    ----------------------------------------------------------------------

      Code (inc. data)   RO Data    RW Data    ZI Data      Debug   Library Member Name

        90          0          0          0          0          0   __dczerorl2.o
         8          0          0          0          0         68   __main.o
         0          0          0          0          0          0   __rtentry.o
        12          0          0          0          0          0   __rtentry2.o
         6          0          0          0          0          0   __rtentry4.o
        52          8          0          0          0          0   __scatter.o
        28          0          0          0          0          0   __scatter_zi.o
        22          0          0          0          0        100   _rserrno.o
        18          0          0          0          0         80   exit.o
         6          0          0          0          0        152   heapauxi.o
         0          0          0          0          0          0   indicate_semi.o
        36         10          0          0          0         80   init_aeabi.o
         2          0          0          0          0          0   libinit.o
        10          0          0          0          0          0   libinit2.o
         2          0          0          0          0          0   libshutdown.o
         2          0          0          0          0          0   libshutdown2.o
         8          4          0          0         96         68   libspace.o
       238          0          0          0          0        100   lludivv7m.o
         8          4          0          0          0         68   rt_errno_addr_intlibspace.o
        78          0          0          0          0         80   rt_memclr_w.o
         2          0          0          0          0          0   rtexit.o
        10          0          0          0          0          0   rtexit2.o
       128          0          0          0          0         68   strcmpv7m.o
        12          4          0          0          0         68   sys_exit.o
        74          0          0          0          0         80   sys_stackheap_outer.o
         2          0          0          0          0         68   use_no_semi.o
        98          4          0          0          0        140   d2f.o
       156          4          0          0          0        140   dnaninf.o
        12          0          0          0          0        116   dretinf.o
        86          4          0          0          0        132   f2d.o
       140          4          0          0          0        132   fnaninf.o
        10          0          0          0          0        116   fpinit.o
        10          0          0          0          0        116   fretinf.o
         0          0          0          0          0          0   usenofp.o
        38          0          0          0          0        116   fpclassifyf.o
        74         24          0          0          0        580   funder.o
      1636        110        320          0          0        372   powf.o

    ----------------------------------------------------------------------
      3128        180        320          0         96       3040   Library Totals
        14          0          0          0          0          0   (incl. Padding)

    ----------------------------------------------------------------------

      Code (inc. data)   RO Data    RW Data    ZI Data      Debug   Library Name

       854         30          0          0         96       1080   c_w.l
       512         16          0          0          0        892   fz_wm.l
      1748        134        320          0          0       1068   m_wm.l

    ----------------------------------------------------------------------
      3128        180        320          0         96       3040   Library Totals

    ----------------------------------------------------------------------

==============================================================================


      Code (inc. data)   RO Data    RW Data    ZI Data      Debug   

     21578       1328        818       1012       7068    2210107   Grand Totals
     21578       1328        818         48       7068    2210107   ELF Image Totals (compressed)
     21578       1328        818         48          0          0   ROM Totals

==============================================================================

    Total RO  Size (Code + RO Data)                22396 (  21.87kB)
    Total RW  Size (RW Data + ZI Data)              8080 (   7.89kB)
    Total ROM Size (Code + RO Data + RW Data)      22444 (  21.92kB)

==============================================================================

