Component: ARM Compiler 5.06 update 7 (build 960) Tool: armlink [4d3601]

==============================================================================

Section Cross References

    startup_stm32f427xx.o(STACK) refers (Special) to heapauxi.o(.text) for __use_two_region_memory
    startup_stm32f427xx.o(HEAP) refers (Special) to heapauxi.o(.text) for __use_two_region_memory
    startup_stm32f427xx.o(RESET) refers (Special) to heapauxi.o(.text) for __use_two_region_memory
    startup_stm32f427xx.o(RESET) refers to startup_stm32f427xx.o(STACK) for __initial_sp
    startup_stm32f427xx.o(RESET) refers to startup_stm32f427xx.o(.text) for Reset_Handler
    startup_stm32f427xx.o(RESET) refers to stm32f4xx_it.o(i.NMI_Handler) for NMI_Handler
    startup_stm32f427xx.o(RESET) refers to stm32f4xx_it.o(i.HardFault_Handler) for HardFault_Handler
    startup_stm32f427xx.o(RESET) refers to stm32f4xx_it.o(i.MemManage_Handler) for MemManage_Handler
    startup_stm32f427xx.o(RESET) refers to stm32f4xx_it.o(i.BusFault_Handler) for BusFault_Handler
    startup_stm32f427xx.o(RESET) refers to stm32f4xx_it.o(i.UsageFault_Handler) for UsageFault_Handler
    startup_stm32f427xx.o(RESET) refers to stm32f4xx_it.o(i.SVC_Handler) for SVC_Handler
    startup_stm32f427xx.o(RESET) refers to stm32f4xx_it.o(i.DebugMon_Handler) for DebugMon_Handler
    startup_stm32f427xx.o(RESET) refers to stm32f4xx_it.o(i.PendSV_Handler) for PendSV_Handler
    startup_stm32f427xx.o(RESET) refers to stm32f4xx_it.o(i.SysTick_Handler) for SysTick_Handler
    startup_stm32f427xx.o(RESET) refers to stm32f4xx_it.o(i.DMA1_Stream5_IRQHandler) for DMA1_Stream5_IRQHandler
    startup_stm32f427xx.o(RESET) refers to stm32f4xx_it.o(i.DMA1_Stream6_IRQHandler) for DMA1_Stream6_IRQHandler
    startup_stm32f427xx.o(RESET) refers to stm32f4xx_it.o(i.CAN1_RX0_IRQHandler) for CAN1_RX0_IRQHandler
    startup_stm32f427xx.o(RESET) refers to stm32f4xx_it.o(i.CAN1_RX1_IRQHandler) for CAN1_RX1_IRQHandler
    startup_stm32f427xx.o(RESET) refers to stm32f4xx_it.o(i.USART2_IRQHandler) for USART2_IRQHandler
    startup_stm32f427xx.o(.text) refers (Special) to heapauxi.o(.text) for __use_two_region_memory
    startup_stm32f427xx.o(.text) refers to system_stm32f4xx.o(i.SystemInit) for SystemInit
    startup_stm32f427xx.o(.text) refers to __main.o(!!!main) for __main
    startup_stm32f427xx.o(.text) refers to startup_stm32f427xx.o(HEAP) for Heap_Mem
    startup_stm32f427xx.o(.text) refers to startup_stm32f427xx.o(STACK) for Stack_Mem
    main.o(i._Z18SystemClock_Configv) refers to rt_memclr_w.o(.text) for __aeabi_memclr4
    main.o(i._Z18SystemClock_Configv) refers to stm32f4xx_hal_rcc.o(i.HAL_RCC_OscConfig) for HAL_RCC_OscConfig
    main.o(i._Z18SystemClock_Configv) refers to main.o(i.Error_Handler) for Error_Handler
    main.o(i._Z18SystemClock_Configv) refers to stm32f4xx_hal_pwr_ex.o(i.HAL_PWREx_EnableOverDrive) for HAL_PWREx_EnableOverDrive
    main.o(i._Z18SystemClock_Configv) refers to stm32f4xx_hal_rcc.o(i.HAL_RCC_ClockConfig) for HAL_RCC_ClockConfig
    main.o(i._Z19CAN_Motor_Call_BackP20Struct_CAN_Rx_Buffer) refers to dvc_motor.o(i._ZN16Class_Motor_C62018CAN_RxCpltCallbackEPh) for Class_Motor_C620::CAN_RxCpltCallback(unsigned char*)
    main.o(i._Z19CAN_Motor_Call_BackP20Struct_CAN_Rx_Buffer) refers to main.o(.bss) for .bss
    main.o(i._Z25UART_Serialplot_Call_BackPht) refers to dvc_serialplot.o(i._ZN16Class_Serialplot19UART_RxCpltCallbackEPh) for Class_Serialplot::UART_RxCpltCallback(unsigned char*)
    main.o(i._Z25UART_Serialplot_Call_BackPht) refers to dvc_serialplot.o(i._ZN16Class_Serialplot18Get_Variable_IndexEv) for Class_Serialplot::Get_Variable_Index()
    main.o(i._Z25UART_Serialplot_Call_BackPht) refers to dvc_serialplot.o(i._ZN16Class_Serialplot18Get_Variable_ValueEv) for Class_Serialplot::Get_Variable_Value()
    main.o(i._Z25UART_Serialplot_Call_BackPht) refers to d2f.o(x$fpl$d2f) for __aeabi_d2f
    main.o(i._Z25UART_Serialplot_Call_BackPht) refers to alg_pid.o(i._ZN9Class_PID7Set_K_PEf) for Class_PID::Set_K_P(float)
    main.o(i._Z25UART_Serialplot_Call_BackPht) refers to alg_pid.o(i._ZN9Class_PID7Set_K_IEf) for Class_PID::Set_K_I(float)
    main.o(i._Z25UART_Serialplot_Call_BackPht) refers to alg_pid.o(i._ZN9Class_PID7Set_K_DEf) for Class_PID::Set_K_D(float)
    main.o(i._Z25UART_Serialplot_Call_BackPht) refers to main.o(.bss) for .bss
    main.o(i.__sti___6_main_c_18ce1bfb) refers to main.o(i._ZN9Class_PIDC1Ev) for Class_PID::Class_PID()
    main.o(i.__sti___6_main_c_18ce1bfb) refers to main.o(.bss) for .bss
    main.o(i.main) refers to stm32f4xx_hal.o(i.HAL_Init) for HAL_Init
    main.o(i.main) refers to main.o(i._Z18SystemClock_Configv) for SystemClock_Config()
    main.o(i.main) refers to gpio.o(i.MX_GPIO_Init) for MX_GPIO_Init
    main.o(i.main) refers to dma.o(i.MX_DMA_Init) for MX_DMA_Init
    main.o(i.main) refers to can.o(i.MX_CAN1_Init) for MX_CAN1_Init
    main.o(i.main) refers to usart.o(i.MX_USART2_UART_Init) for MX_USART2_UART_Init
[...]
    i._ZN41_INTERNAL_19_stm32f4xx_hal_dma_c_c25f65ec23DMA_CalcBaseAndBitshiftEP19__DMA_HandleTypeDef 0x08002e30   Section        0  stm32f4xx_hal_dma.o(i._ZN41_INTERNAL_19_stm32f4xx_hal_dma_c_c25f65ec23DMA_CalcBaseAndBitshiftEP19__DMA_HandleTypeDef)
    [local to stm32f4xx_hal_dma_c]::DMA_CalcBaseAndBitshift(__DMA_HandleTypeDef*) 0x08002e31   Thumb Code    38  stm32f4xx_hal_dma.o(i._ZN41_INTERNAL_19_stm32f4xx_hal_dma_c_c25f65ec23DMA_CalcBaseAndBitshiftEP19__DMA_HandleTypeDef)
    i._ZN42_INTERNAL_20_stm32f4xx_hal_uart_c_d497114f13UART_DMAErrorEP19__DMA_HandleTypeDef 0x08002e5c   Section        0  stm32f4xx_hal_uart.o(i._ZN42_INTERNAL_20_stm32f4xx_hal_uart_c_d497114f13UART_DMAErrorEP19__DMA_HandleTypeDef)
    [local to stm32f4xx_hal_uart_c]::UART_DMAError(__DMA_HandleTypeDef*) 0x08002e5d   Thumb Code    74  stm32f4xx_hal_uart.o(i._ZN42_INTERNAL_20_stm32f4xx_hal_uart_c_d497114f13UART_DMAErrorEP19__DMA_HandleTypeDef)
    i._ZN42_INTERNAL_20_stm32f4xx_hal_uart_c_d497114f14UART_SetConfigEP20__UART_HandleTypeDef 0x08002ea8   Section        0  stm32f4xx_hal_uart.o(i._ZN42_INTERNAL_20_stm32f4xx_hal_uart_c_d497114f14UART_SetConfigEP20__UART_HandleTypeDef)
    [local to stm32f4xx_hal_uart_c]::UART_SetConfig(__UART_HandleTypeDef*) 0x08002ea9   Thumb Code   266  stm32f4xx_hal_uart.o(i._ZN42_INTERNAL_20_stm32f4xx_hal_uart_c_d497114f14UART_SetConfigEP20__UART_HandleTypeDef)
    i._ZN42_INTERNAL_20_stm32f4xx_hal_uart_c_d497114f15UART_Receive_ITEP20__UART_HandleTypeDef 0x08002fbc   Section        0  stm32f4xx_hal_uart.o(i._ZN42_INTERNAL_20_stm32f4xx_hal_uart_c_d497114f15UART_Receive_ITEP20__UART_HandleTypeDef)
    [local to stm32f4xx_hal_uart_c]::UART_Receive_IT(__UART_HandleTypeDef*) 0x08002fbd   Thumb Code   198  stm32f4xx_hal_uart.o(i._ZN42_INTERNAL_20_stm32f4xx_hal_uart_c_d497114f15UART_Receive_ITEP20__UART_HandleTypeDef)
    i._ZN42_INTERNAL_20_stm32f4xx_hal_uart_c_d497114f16UART_Transmit_ITEP20__UART_HandleTypeDef 0x08003082   Section        0  stm32f4xx_hal_uart.o(i._ZN42_INTERNAL_20_stm32f4xx_hal_uart_c_d497114f16UART_Transmit_ITEP20__UART_HandleTypeDef)
    [local to stm32f4xx_hal_uart_c]::UART_Transmit_IT(__UART_HandleTypeDef*) 0x08003083   Thumb Code    94  stm32f4xx_hal_uart.o(i._ZN42_INTERNAL_20_stm32f4xx_hal_uart_c_d497114f16UART_Transmit_ITEP20__UART_HandleTypeDef)
    i._ZN42_INTERNAL_20_stm32f4xx_hal_uart_c_d497114f18UART_DMARxHalfCpltEP19__DMA_HandleTypeDef 0x080030e0   Section        0  stm32f4xx_hal_uart.o(i._ZN42_INTERNAL_20_stm32f4xx_hal_uart_c_d497114f18UART_DMARxHalfCpltEP19__DMA_HandleTypeDef)
    [local to stm32f4xx_hal_uart_c]::UART_DMARxHalfCplt(__DMA_HandleTypeDef*) 0x080030e1   Thumb Code    26  stm32f4xx_hal_uart.o(i._ZN42_INTERNAL_20_stm32f4xx_hal_uart_c_d497114f18UART_DMARxHalfCpltEP19__DMA_HandleTypeDef)
    i._ZN42_INTERNAL_20_stm32f4xx_hal_uart_c_d497114f18UART_DMATxHalfCpltEP19__DMA_HandleTypeDef 0x080030fa   Section        0  stm32f4xx_hal_uart.o(i._ZN42_INTERNAL_20_stm32f4xx_hal_uart_c_d497114f18UART_DMATxHalfCpltEP19__DMA_HandleTypeDef)
    [local to stm32f4xx_hal_uart_c]::UART_DMATxHalfCplt(__DMA_HandleTypeDef*) 0x080030fb   Thumb Code    10  stm32f4xx_hal_uart.o(i._ZN42_INTERNAL_20_stm32f4xx_hal_uart_c_d497114f18UART_DMATxHalfCpltEP19__DMA_HandleTypeDef)
    i._ZN42_INTERNAL_20_stm32f4xx_hal_uart_c_d497114f18UART_EndRxTransferEP20__UART_HandleTypeDef 0x08003104   Section        0  stm32f4xx_hal_uart.o(i._ZN42_INTERNAL_20_stm32f4xx_hal_uart_c_d497114f18UART_EndRxTransferEP20__UART_HandleTypeDef)
    [local to stm32f4xx_hal_uart_c]::UART_EndRxTransfer(__UART_HandleTypeDef*) 0x08003105   Thumb Code    78  stm32f4xx_hal_uart.o(i._ZN42_INTERNAL_20_stm32f4xx_hal_uart_c_d497114f18UART_EndRxTransferEP20__UART_HandleTypeDef)
    i._ZN42_INTERNAL_20_stm32f4xx_hal_uart_c_d497114f18UART_EndTxTransferEP20__UART_HandleTypeDef 0x08003152   Section        0  stm32f4xx_hal_uart.o(i._ZN42_INTERNAL_20_stm32f4xx_hal_uart_c_d497114f18UART_EndTxTransferEP20__UART_HandleTypeDef)
    [local to stm32f4xx_hal_uart_c]::UART_EndTxTransfer(__UART_HandleTypeDef*) 0x08003153   Thumb Code    28  stm32f4xx_hal_uart.o(i._ZN42_INTERNAL_20_stm32f4xx_hal_uart_c_d497114f18UART_EndTxTransferEP20__UART_HandleTypeDef)
    i._ZN42_INTERNAL_20_stm32f4xx_hal_uart_c_d497114f19UART_DMAReceiveCpltEP19__DMA_HandleTypeDef 0x0800316e   Section        0  stm32f4xx_hal_uart.o(i._ZN42_INTERNAL_20_stm32f4xx_hal_uart_c_d497114f19UART_DMAReceiveCpltEP19__DMA_HandleTypeDef)
    [local to stm32f4xx_hal_uart_c]::UART_DMAReceiveCplt(__DMA_HandleTypeDef*) 0x0800316f   Thumb Code   130  stm32f4xx_hal_uart.o(i._ZN42_INTERNAL_20_stm32f4xx_hal_uart_c_d497114f19UART_DMAReceiveCpltEP19__DMA_HandleTypeDef)
    i._ZN42_INTERNAL_20_stm32f4xx_hal_uart_c_d497114f19UART_EndTransmit_ITEP20__UART_HandleTypeDef 0x080031f0   Section        0  stm32f4xx_hal_uart.o(i._ZN42_INTERNAL_20_stm32f4xx_hal_uart_c_d497114f19UART_EndTransmit_ITEP20__UART_HandleTypeDef)
    [local to stm32f4xx_hal_uart_c]::UART_EndTransmit_IT(__UART_HandleTypeDef*) 0x080031f1   Thumb Code    26  stm32f4xx_hal_uart.o(i._ZN42_INTERNAL_20_stm32f4xx_hal_uart_c_d497114f19UART_EndTransmit_ITEP20__UART_HandleTypeDef)
    i._ZN42_INTERNAL_20_stm32f4xx_hal_uart_c_d497114f20UART_DMAAbortOnErrorEP19__DMA_HandleTypeDef 0x0800320a   Section        0  stm32f4xx_hal_uart.o(i._ZN42_INTERNAL_20_stm32f4xx_hal_uart_c_d497114f20UART_DMAAbortOnErrorEP19__DMA_HandleTypeDef)
    [local to stm32f4xx_hal_uart_c]::UART_DMAAbortOnError(__DMA_HandleTypeDef*) 0x0800320b   Thumb Code    16  stm32f4xx_hal_uart.o(i._ZN42_INTERNAL_20_stm32f4xx_hal_uart_c_d497114f20UART_DMAAbortOnErrorEP19__DMA_HandleTypeDef)
    i._ZN42_INTERNAL_20_stm32f4xx_hal_uart_c_d497114f20UART_DMATransmitCpltEP19__DMA_HandleTypeDef 0x0800321a   Section        0  stm32f4xx_hal_uart.o(i._ZN42_INTERNAL_20_stm32f4xx_hal_uart_c_d497114f20UART_DMATransmitCpltEP19__DMA_HandleTypeDef)
    [local to stm32f4xx_hal_uart_c]::UART_DMATransmitCplt(__DMA_HandleTypeDef*) 0x0800321b   Thumb Code    66  stm32f4xx_hal_uart.o(i._ZN42_INTERNAL_20_stm32f4xx_hal_uart_c_d497114f20UART_DMATransmitCpltEP19__DMA_HandleTypeDef)
    i._ZN44_INTERNAL_22_stm32f4xx_hal_cortex_c_2992dbc018__NVIC_SetPriorityE9IRQn_Typej 0x0800325c   Section        0  stm32f4xx_hal_cortex.o(i._ZN44_INTERNAL_22_stm32f4xx_hal_cortex_c_2992dbc018__NVIC_SetPriorityE9IRQn_Typej)
    [local to stm32f4xx_hal_cortex_c]::__NVIC_SetPriority(IRQn_Type, unsigned) 0x0800325d   Thumb Code    32  stm32f4xx_hal_cortex.o(i._ZN44_INTERNAL_22_stm32f4xx_hal_cortex_c_2992dbc018__NVIC_SetPriorityE9IRQn_Typej)
    i._ZN9Class_PID10Set_TargetEf            0x0800327c   Section        0  alg_pid.o(i._ZN9Class_PID10Set_TargetEf)
    i._ZN9Class_PID32TIM_Adjust_PeriodElapsedCallbackEv 0x08003284   Section        0  alg_pid.o(i._ZN9Class_PID32TIM_Adjust_PeriodElapsedCallbackEv)
    i._ZN9Class_PID4InitEfffffffffff16Enum_PID_D_First 0x08003458   Section        0  alg_pid.o(i._ZN9Class_PID4InitEfffffffffff16Enum_PID_D_First)
    i._ZN9Class_PID7Get_OutEv                0x08003488   Section        0  alg_pid.o(i._ZN9Class_PID7Get_OutEv)
    i._ZN9Class_PID7Set_K_DEf                0x0800348e   Section        0  alg_pid.o(i._ZN9Class_PID7Set_K_DEf)
    i._ZN9Class_PID7Set_K_IEf                0x08003494   Section        0  alg_pid.o(i._ZN9Class_PID7Set_K_IEf)
    i._ZN9Class_PID7Set_K_PEf                0x0800349a   Section        0  alg_pid.o(i._ZN9Class_PID7Set_K_PEf)
    i._ZN9Class_PID7Set_NowEf                0x080034a0   Section        0  alg_pid.o(i._ZN9Class_PID7Set_NowEf)
    i._ZN9Class_PIDC1Ev                      0x080034a8   Section        0  main.o(i._ZN9Class_PIDC1Ev)
    i.__ARM_fpclassifyf                      0x080034f8   Section        0  fpclassifyf.o(i.__ARM_fpclassifyf)
    i.__hardfp_powf                          0x08003520   Section        0  powf.o(i.__hardfp_powf)
    i.__mathlib_flt_divzero                  0x08003b84   Section        0  funder.o(i.__mathlib_flt_divzero)
    i.__mathlib_flt_infnan2                  0x08003b98   Section        0  funder.o(i.__mathlib_flt_infnan2)
    i.__mathlib_flt_invalid                  0x08003ba0   Section        0  funder.o(i.__mathlib_flt_invalid)
    i.__mathlib_flt_overflow                 0x08003bb0   Section        0  funder.o(i.__mathlib_flt_overflow)
    i.__mathlib_flt_underflow                0x08003bc0   Section        0  funder.o(i.__mathlib_flt_underflow)
    i.__sti___6_main_c_18ce1bfb              0x08003bd0   Section        0  main.o(i.__sti___6_main_c_18ce1bfb)
    __sti___6_main_c_18ce1bfb                0x08003bd1   Thumb Code   128  main.o(i.__sti___6_main_c_18ce1bfb)
    i.main                                   0x08003c60   Section        0  main.o(i.main)
    t._Z14Math_ConstrainIfEvPT_S0_S0_        0x08003e4c   Section        0  alg_pid.o(t._Z14Math_ConstrainIfEvPT_S0_S0_)
    t._Z8Math_AbsIfET_S0_                    0x08003e70   Section        0  drv_math.o(t._Z8Math_AbsIfET_S0_)
    x$fpl$d2f                                0x08003e80   Section       98  d2f.o(x$fpl$d2f)
    $v0                                      0x08003e80   Number         0  d2f.o(x$fpl$d2f)
    x$fpl$dnaninf                            0x08003ee2   Section      156  dnaninf.o(x$fpl$dnaninf)
    $v0                                      0x08003ee2   Number         0  dnaninf.o(x$fpl$dnaninf)
    x$fpl$dretinf                            0x08003f7e   Section       12  dretinf.o(x$fpl$dretinf)
    $v0                                      0x08003f7e   Number         0  dretinf.o(x$fpl$dretinf)
    x$fpl$f2d                                0x08003f8c   Section       86  f2d.o(x$fpl$f2d)
    $v0                                      0x08003f8c   Number         0  f2d.o(x$fpl$f2d)
    x$fpl$fnaninf                            0x08003fe2   Section      140  fnaninf.o(x$fpl$fnaninf)
    $v0                                      0x08003fe2   Number         0  fnaninf.o(x$fpl$fnaninf)
    x$fpl$fpinit                             0x0800406e   Section       10  fpinit.o(x$fpl$fpinit)
    $v0                                      0x0800406e   Number         0  fpinit.o(x$fpl$fpinit)
    x$fpl$fretinf                            0x08004078   Section       10  fretinf.o(x$fpl$fretinf)
    $v0                                      0x08004078   Number         0  fretinf.o(x$fpl$fretinf)
    .constdata                               0x08004082   Section        8  stm32f4xx_hal_dma.o(.constdata)
    x$fpl$usenofp                            0x08004082   Section        0  usenofp.o(x$fpl$usenofp)
    [local to stm32f4xx_hal_dma_c]::DMA_CalcBaseAndBitshift(__DMA_HandleTypeDef*)::flagBitshiftOffset 0x08004082   Data           8  stm32f4xx_hal_dma.o(.constdata)
    .constdata                               0x0800408a   Section       16  system_stm32f4xx.o(.constdata)
    .constdata                               0x0800409a   Section        8  system_stm32f4xx.o(.constdata)
    .constdata                               0x080040a4   Section      320  powf.o(.constdata)
    table                                    0x080040a4   Data         128  powf.o(.constdata)
    powersof2to1over16top                    0x08004124   Data          64  powf.o(.constdata)
    powersof2to1over16bot                    0x08004164   Data          64  powf.o(.constdata)
    powersof2to1over16all                    0x080041a4   Data          64  powf.o(.constdata)
    .init_array                              0x08004204   Section        4  main.o(.init_array)
    .init_array                              0x08004208   Section        0  init_aeabi.o(.init_array)
    .data                                    0x20000000   Section      620  main.o(.data)
    Variable_Assignment_List                 0x20000014   Data         600  main.o(.data)
    .data                                    0x2000026c   Section       12  drv_can.o(.data)
    TIM_CAN_PeriodElapsedCallback()::mod10   0x2000026c   Data           4  drv_can.o(.data)
    .data                                    0x20000278   Section        8  drv_can.o(.data)
    .data                                    0x20000280   Section        8  drv_can.o(.data)
    .data                                    0x20000288   Section       12  stm32f4xx_hal.o(.data)
    .data                                    0x20000294   Section        4  system_stm32f4xx.o(.data)
    .bss                                     0x20000298   Section      320  main.o(.bss)
    .bss                                     0x200003d8   Section       40  can.o(.bss)
    .bss                                     0x20000400   Section      260  usart.o(.bss)
    .bss                                     0x20000504   Section     4192  drv_uart.o(.bss)
    .bss                                     0x20001564   Section       88  drv_can.o(.bss)
    .bss                                     0x200015bc   Section       96  libspace.o(.bss)
    HEAP                                     0x20001620   Section      512  startup_stm32f427xx.o(HEAP)
    Heap_Mem                                 0x20001620   Data         512  startup_stm32f427xx.o(HEAP)
    STACK                                    0x20001820   Section     1024  startup_stm32f427xx.o(STACK)
    Stack_Mem                                0x20001820   Data        1024  startup_stm32f427xx.o(STACK)
    __initial_sp                             0x20001c20   Data           0  startup_stm32f427xx.o(STACK)

    Global Symbols

    Symbol Name                              Value     Ov Type        Size  Object(Section)

    BuildAttributes$$THM_ISAv4$E$P$D$K$B$S$7EM$VFPi3$EXTD16$VFPS$VFMA$PE$A:L22UL41UL21$X:L11$S22US41US21$IEEE1$IW$USESV6$~STKCKD$USESV7$~SHL$OTIME$ROPI$IEEEX$EBA8$UX$STANDARDLIB$REQ8$PRES8$EABIv2 0x00000000   Number         0  anon$$obj.o ABSOLUTE
    __ARM_use_no_argv                        0x00000000   Number         0  main.o ABSOLUTE
    __ARM_exceptions_init                     - Undefined Weak Reference
    __alloca_initialize                       - Undefined Weak Reference
    __arm_fini_                               - Undefined Weak Reference
    __arm_preinit_                            - Undefined Weak Reference
    __cxa_finalize                            - Undefined Weak Reference
    __rt_locale                               - Undefined Weak Reference
    __sigvec_lookup                           - Undefined Weak Reference
    _atexit_init                              - Undefined Weak Reference
    _call_atexit_fns                          - Undefined Weak Reference
    _clock_init                               - Undefined Weak Reference
    _fp_trap_init                             - Undefined Weak Reference
    _fp_trap_shutdown                         - Undefined Weak Reference
    _get_lc_collate                           - Undefined Weak Reference
    _get_lc_ctype                             - Undefined Weak Reference
    _get_lc_monetary                          - Undefined Weak Reference
    _get_lc_numeric                           - Undefined Weak Reference
    _get_lc_time                              - Undefined Weak Reference
    _getenv_init                              - Undefined Weak Reference
    _handle_redirection                       - Undefined Weak Reference
    _init_alloc                               - Undefined Weak Reference
    _init_user_alloc                          - Undefined Weak Reference
    _initio                                   - Undefined Weak Reference
    _rand_init                                - Undefined Weak Reference
    _signal_finish                            - Undefined Weak Reference
    _signal_init                              - Undefined Weak Reference
    _terminate_alloc                          - Undefined Weak Reference
    _terminate_user_alloc                     - Undefined Weak Reference
    _terminateio                              - Undefined Weak Reference
    __Vectors_Size                           0x000001ac   Number         0  startup_stm32f427xx.o ABSOLUTE
    __Vectors                                0x08000000   Data           4  startup_stm32f427xx.o(RESET)
    __Vectors_End                            0x080001ac   Data           0  startup_stm32f427xx.o(RESET)
    __main                                   0x080001ad   Thumb Code     8  __main.o(!!!main)
    __scatterload                            0x080001b5   Thumb Code     0  __scatter.o(!!!scatter)
    __scatterload_rt2                        0x080001b5   Thumb Code    44  __scatter.o(!!!scatter)
    __scatterload_rt2_thumb_only             0x080001b5   Thumb Code     0  __scatter.o(!!!scatter)
    __scatterload_null                       0x080001c3   Thumb Code     0  __scatter.o(!!!scatter)
    __decompress                             0x080001e9   Thumb Code    58  __dczerorl.o(!!dczerorl)
    __decompress0                            0x080001e9   Thumb Code     0  __dczerorl.o(!!dczerorl)
    __scatterload_zeroinit                   0x08000225   Thumb Code    28  __scatter_zi.o(!!handler_zi)
    __rt_lib_init                            0x08000241   Thumb Code     0  libinit.o(.ARM.Collect$$libinit$$00000000)
    __rt_lib_init_fp_1                       0x08000243   Thumb Code     0  libinit2.o(.ARM.Collect$$libinit$$00000001)
    __rt_lib_init_alloca_1                   0x08000247   Thumb Code     0  libinit2.o(.ARM.Collect$$libinit$$0000002E)
    __rt_lib_init_argv_1                     0x08000247   Thumb Code     0  libinit2.o(.ARM.Collect$$libinit$$0000002C)
    __rt_lib_init_atexit_1                   0x08000247   Thumb Code     0  libinit2.o(.ARM.Collect$$libinit$$0000001B)
    __rt_lib_init_clock_1                    0x08000247   Thumb Code     0  libinit2.o(.ARM.Collect$$libinit$$00000021)
    __rt_lib_init_cpp_2                      0x08000247   Thumb Code     0  libinit2.o(.ARM.Collect$$libinit$$00000031)
    __rt_lib_init_exceptions_1               0x08000247   Thumb Code     0  libinit2.o(.ARM.Collect$$libinit$$00000030)
    __rt_lib_init_fp_trap_1                  0x08000247   Thumb Code     0  libinit2.o(.ARM.Collect$$libinit$$0000001F)
    __rt_lib_init_getenv_1                   0x08000247   Thumb Code     0  libinit2.o(.ARM.Collect$$libinit$$00000023)
    __rt_lib_init_heap_1                     0x08000247   Thumb Code     0  libinit2.o(.ARM.Collect$$libinit$$0000000A)
    __rt_lib_init_lc_collate_1               0x08000247   Thumb Code     0  libinit2.o(.ARM.Collect$$libinit$$00000011)
    __rt_lib_init_lc_ctype_1                 0x08000247   Thumb Code     0  libinit2.o(.ARM.Collect$$libinit$$00000013)
    __rt_lib_init_lc_monetary_1              0x08000247   Thumb Code     0  libinit2.o(.ARM.Collect$$libinit$$00000015)
    __rt_lib_init_lc_numeric_1               0x08000247   Thumb Code     0  libinit2.o(.ARM.Collect$$libinit$$00000017)
    __rt_lib_init_lc_time_1                  0x08000247   Thumb Code     0  libinit2.o(.ARM.Collect$$libinit$$00000019)
    __rt_lib_init_preinit_1                  0x08000247   Thumb Code     0  libinit2.o(.ARM.Collect$$libinit$$00000004)
    __rt_lib_init_rand_1                     0x08000247   Thumb Code     0  libinit2.o(.ARM.Collect$$libinit$$0000000E)
    __rt_lib_init_signal_1                   0x08000247   Thumb Code     0  libinit2.o(.ARM.Collect$$libinit$$0000001D)
    __rt_lib_init_stdio_1                    0x08000247   Thumb Code     0  libinit2.o(.ARM.Collect$$libinit$$00000025)
    __rt_lib_init_user_alloc_1               0x08000247   Thumb Code     0  libinit2.o(.ARM.Collect$$libinit$$0000000C)
    __rt_lib_init_cpp_1                      0x0800024b   Thumb Code     0  libinit2.o(.ARM.Collect$$libinit$$00000032)
    __rt_lib_init_return                     0x0800024b   Thumb Code     0  libinit2.o(.ARM.Collect$$libinit$$00000033)
    __rt_lib_shutdown                        0x0800024d   Thumb Code     0  libshutdown.o(.ARM.Collect$$libshutdown$$00000000)
    __rt_lib_shutdown_cpp_1                  0x0800024f   Thumb Code     0  libshutdown2.o(.ARM.Collect$$libshutdown$$00000004)
    __rt_lib_shutdown_fini_1                 0x0800024f   Thumb Code     0  libshutdown2.o(.ARM.Collect$$libshutdown$$00000002)
    __rt_lib_shutdown_fp_trap_1              0x0800024f   Thumb Code     0  libshutdown2.o(.ARM.Collect$$libshutdown$$00000009)
    __rt_lib_shutdown_heap_1                 0x0800024f   Thumb Code     0  libshutdown2.o(.ARM.Collect$$libshutdown$$00000011)
    __rt_lib_shutdown_return                 0x0800024f   Thumb Code     0  libshutdown2.o(.ARM.Collect$$libshutdown$$00000012)
    __rt_lib_shutdown_signal_1               0x0800024f   Thumb Code     0  libshutdown2.o(.ARM.Collect$$libshutdown$$0000000C)
    __rt_lib_shutdown_stdio_1                0x0800024f   Thumb Code     0  libshutdown2.o(.ARM.Collect$$libshutdown$$00000006)
    __rt_lib_shutdown_user_alloc_1           0x0800024f   Thumb Code     0  libshutdown2.o(.ARM.Collect$$libshutdown$$0000000E)
    __rt_entry                               0x08000251   Thumb Code     0  __rtentry.o(.ARM.Collect$$rtentry$$00000000)
    __rt_entry_presh_1                       0x08000251   Thumb Code     0  __rtentry2.o(.ARM.Collect$$rtentry$$00000002)
    __rt_entry_sh                            0x08000251   Thumb Code     0  __rtentry4.o(.ARM.Collect$$rtentry$$00000004)
    __rt_entry_li                            0x08000257   Thumb Code     0  __rtentry2.o(.ARM.Collect$$rtentry$$0000000A)
    __rt_entry_postsh_1                      0x08000257   Thumb Code     0  __rtentry2.o(.ARM.Collect$$rtentry$$00000009)
    __rt_entry_main                          0x0800025b   Thumb Code     0  __rtentry2.o(.ARM.Collect$$rtentry$$0000000D)
    __rt_entry_postli_1                      0x0800025b   Thumb Code     0  __rtentry2.o(.ARM.Collect$$rtentry$$0000000C)
    __rt_exit                                0x08000263   Thumb Code     0  rtexit.o(.ARM.Collect$$rtexit$$00000000)
    __rt_exit_ls                             0x08000265   Thumb Code     0  rtexit2.o(.ARM.Collect$$rtexit$$00000003)
    __rt_exit_prels_1                        0x08000265   Thumb Code     0  rtexit2.o(.ARM.Collect$$rtexit$$00000002)
    __rt_exit_exit                           0x08000269   Thumb Code     0  rtexit2.o(.ARM.Collect$$rtexit$$00000004)
    Reset_Handler                            0x08000271   Thumb Code     8  startup_stm32f427xx.o(.text)
    ADC_IRQHandler                           0x0800028b   Thumb Code     0  startup_stm32f427xx.o(.text)
    CAN1_SCE_IRQHandler                      0x0800028b   Thumb Code     0  startup_stm32f427xx.o(.text)
    CAN1_TX_IRQHandler                       0x0800028b   Thumb Code     0  startup_stm32f427xx.o(.text)
    CAN2_RX0_IRQHandler                      0x0800028b   Thumb Code     0  startup_stm32f427xx.o(.text)
    CAN2_RX1_IRQHandler                      0x0800028b   Thumb Code     0  startup_stm32f427xx.o(.text)
    CAN2_SCE_IRQHandler                      0x0800028b   Thumb Code     0  startup_stm32f427xx.o(.text)
    CAN2_TX_IRQHandler                       0x0800028b   Thumb Code     0  startup_stm32f427xx.o(.text)
    DCMI_IRQHandler                          0x0800028b   Thumb Code     0  startup_stm32f427xx.o(.text)
    DMA1_Stream0_IRQHandler                  0x0800028b   Thumb Code     0  startup_stm32f427xx.o(.text)
    DMA1_Stream1_IRQHandler                  0x0800028b   Thumb Code     0  startup_stm32f427xx.o(.text)
    DMA1_Stream2_IRQHandler                  0x0800028b   Thumb Code     0  startup_stm32f427xx.o(.text)
    DMA1_Stream3_IRQHandler                  0x0800028b   Thumb Code     0  startup_stm32f427xx.o(.text)
    DMA1_Stream4_IRQHandler                  0x0800028b   Thumb Code     0  startup_stm32f427xx.o(.text)
    DMA1_Stream7_IRQHandler                  0x0800028b   Thumb Code     0  startup_stm32f427xx.o(.text)
    DMA2D_IRQHandler                         0x0800028b   Thumb Code     0  startup_stm32f427xx.o(.text)
    DMA2_Stream0_IRQHandler                  0x0800028b   Thumb Code     0  startup_stm32f427xx.o(.text)
    DMA2_Stream1_IRQHandler                  0x0800028b   Thumb Code     0  startup_stm32f427xx.o(.text)
    DMA2_Stream2_IRQHandler                  0x0800028b   Thumb Code     0  startup_stm32f427xx.o(.text)
    DMA2_Stream3_IRQHandler                  0x0800028b   Thumb Code     0  startup_stm32f427xx.o(.text)
    DMA2_Stream4_IRQHandler                  0x0800028b   Thumb Code     0  startup_stm32f427xx.o(.text)
    DMA2_Stream5_IRQHandler                  0x0800028b   Thumb Code     0  startup_stm32f427xx.o(.text)
    DMA2_Stream6_IRQHandler                  0x0800028b   Thumb Code     0  startup_stm32f427xx.o(.text)
    DMA2_Stream7_IRQHandler                  0x0800028b   Thumb Code     0  startup_stm32f427xx.o(.text)
    ETH_IRQHandler                           0x0800028b   Thumb Code     0  startup_stm32f427xx.o(.text)
    ETH_WKUP_IRQHandler                      0x0800028b   Thumb Code     0  startup_stm32f427xx.o(.text)
    EXTI0_IRQHandler                         0x0800028b   Thumb Code     0  startup_stm32f427xx.o(.text)
    EXTI15_10_IRQHandler                     0x0800028b   Thumb Code     0  startup_stm32f427xx.o(.text)
    EXTI1_IRQHandler                         0x0800028b   Thumb Code     0  startup_stm32f427xx.o(.text)
    EXTI2_IRQHandler                         0x0800028b   Thumb Code     0  startup_stm32f427xx.o(.text)
    EXTI3_IRQHandler                         0x0800028b   Thumb Code     0  startup_stm32f427xx.o(.text)
    EXTI4_IRQHandler                         0x0800028b   Thumb Code     0  startup_stm32f427xx.o(.text)
    EXTI9_5_IRQHandler                       0x0800028b   Thumb Code     0  startup_stm32f427xx.o(.text)
    FLASH_IRQHandler                         0x0800028b   Thumb Code     0  startup_stm32f427xx.o(.text)
    FMC_IRQHandler                           0x0800028b   Thumb Code     0  startup_stm32f427xx.o(.text)
    FPU_IRQHandler                           0x0800028b   Thumb Code     0  startup_stm32f427xx.o(.text)
    HASH_RNG_IRQHandler                      0x0800028b   Thumb Code     0  startup_stm32f427xx.o(.text)
    I2C1_ER_IRQHandler                       0x0800028b   Thumb Code     0  startup_stm32f427xx.o(.text)
    I2C1_EV_IRQHandler                       0x0800028b   Thumb Code     0  startup_stm32f427xx.o(.text)
    I2C2_ER_IRQHandler                       0x0800028b   Thumb Code     0  startup_stm32f427xx.o(.text)
    I2C2_EV_IRQHandler                       0x0800028b   Thumb Code     0  startup_stm32f427xx.o(.text)
    I2C3_ER_IRQHandler                       0x0800028b   Thumb Code     0  startup_stm32f427xx.o(.text)
    I2C3_EV_IRQHandler                       0x0800028b   Thumb Code     0  startup_stm32f427xx.o(.text)
    OTG_FS_IRQHandler                        0x0800028b   Thumb Code     0  startup_stm32f427xx.o(.text)
    OTG_FS_WKUP_IRQHandler                   0x0800028b   Thumb Code     0  startup_stm32f427xx.o(.text)
    OTG_HS_EP1_IN_IRQHandler                 0x0800028b   Thumb Code     0  startup_stm32f427xx.o(.text)
    OTG_HS_EP1_OUT_IRQHandler                0x0800028b   Thumb Code     0  startup_stm32f427xx.o(.text)
    OTG_HS_IRQHandler                        0x0800028b   Thumb Code     0  startup_stm32f427xx.o(.text)
    OTG_HS_WKUP_IRQHandler                   0x0800028b   Thumb Code     0  startup_stm32f427xx.o(.text)
    PVD_IRQHandler                           0x0800028b   Thumb Code     0  startup_stm32f427xx.o(.text)
    RCC_IRQHandler                           0x0800028b   Thumb Code     0  startup_stm32f427xx.o(.text)
    RTC_Alarm_IRQHandler                     0x0800028b   Thumb Code     0  startup_stm32f427xx.o(.text)
    RTC_WKUP_IRQHandler                      0x0800028b   Thumb Code     0  startup_stm32f427xx.o(.text)
    SAI1_IRQHandler                          0x0800028b   Thumb Code     0  startup_stm32f427xx.o(.text)
    SDIO_IRQHandler                          0x0800028b   Thumb Code     0  startup_stm32f427xx.o(.text)
    SPI1_IRQHandler                          0x0800028b   Thumb Code     0  startup_stm32f427xx.o(.text)
    SPI2_IRQHandler                          0x0800028b   Thumb Code     0  startup_stm32f427xx.o(.text)
    SPI3_IRQHandler                          0x0800028b   Thumb Code     0  startup_stm32f427xx.o(.text)
    SPI4_IRQHandler                          0x0800028b   Thumb Code     0  startup_stm32f427xx.o(.text)
    SPI5_IRQHandler                          0x0800028b   Thumb Code     0  startup_stm32f427xx.o(.text)
    SPI6_IRQHandler                          0x0800028b   Thumb Code     0  startup_stm32f427xx.o(.text)
    TAMP_STAMP_IRQHandler                    0x0800028b   Thumb Code     0  startup_stm32f427xx.o(.text)
    TIM1_BRK_TIM9_IRQHandler                 0x0800028b   Thumb Code     0  startup_stm32f427xx.o(.text)
    TIM1_CC_IRQHandler                       0x0800028b   Thumb Code     0  startup_stm32f427xx.o(.text)
    TIM1_TRG_COM_TIM11_IRQHandler            0x0800028b   Thumb Code     0  startup_stm32f427xx.o(.text)
    TIM1_UP_TIM10_IRQHandler                 0x0800028b   Thumb Code     0  startup_stm32f427xx.o(.text)
    TIM2_IRQHandler                          0x0800028b   Thumb Code     0  startup_stm32f427xx.o(.text)
    TIM3_IRQHandler                          0x0800028b   Thumb Code     0  startup_stm32f427xx.o(.text)
    TIM4_IRQHandler                          0x0800028b   Thumb Code     0  startup_stm32f427xx.o(.text)
    TIM5_IRQHandler                          0x0800028b   Thumb Code     0  startup_stm32f427xx.o(.text)
    TIM6_DAC_IRQHandler                      0x0800028b   Thumb Code     0  startup_stm32f427xx.o(.text)
    TIM7_IRQHandler                          0x0800028b   Thumb Code     0  startup_stm32f427xx.o(.text)
    TIM8_BRK_TIM12_IRQHandler                0x0800028b   Thumb Code     0  startup_stm32f427xx.o(.text)
    TIM8_CC_IRQHandler                       0x0800028b   Thumb Code     0  startup_stm32f427xx.o(.text)
    TIM8_TRG_COM_TIM14_IRQHandler            0x0800028b   Thumb Code     0  startup_stm32f427xx.o(.text)
    TIM8_UP_TIM13_IRQHandler                 0x0800028b   Thumb Code     0  startup_stm32f427xx.o(.text)
    UART4_IRQHandler                         0x0800028b   Thumb Code     0  startup_stm32f427xx.o(.text)
    UART5_IRQHandler                         0x0800028b   Thumb Code     0  startup_stm32f427xx.o(.text)
    UART7_IRQHandler                         0x0800028b   Thumb Code     0  startup_stm32f427xx.o(.text)
    UART8_IRQHandler                         0x0800028b   Thumb Code     0  startup_stm32f427xx.o(.text)
    USART1_IRQHandler                        0x0800028b   Thumb Code     0  startup_stm32f427xx.o(.text)
    USART3_IRQHandler                        0x0800028b   Thumb Code     0  startup_stm32f427xx.o(.text)
    USART6_IRQHandler                        0x0800028b   Thumb Code     0  startup_stm32f427xx.o(.text)
    WWDG_IRQHandler                          0x0800028b   Thumb Code     0  startup_stm32f427xx.o(.text)
    __user_initial_stackheap                 0x0800028d   Thumb Code     0  startup_stm32f427xx.o(.text)
    __aeabi_uldivmod                         0x080002b1   Thumb Code     0  lludivv7m.o(.text)
    _ll_udiv                                 0x080002b1   Thumb Code   238  lludivv7m.o(.text)
    __aeabi_memclr4                          0x0800039f   Thumb Code     0  rt_memclr_w.o(.text)
    __aeabi_memclr8                          0x0800039f   Thumb Code     0  rt_memclr_w.o(.text)
    __rt_memclr_w                            0x0800039f   Thumb Code    78  rt_memclr_w.o(.text)
    _memset_w                                0x080003a3   Thumb Code     0  rt_memclr_w.o(.text)
    strcmp                                   0x080003ed   Thumb Code   128  strcmpv7m.o(.text)
    __use_two_region_memory                  0x0800046d   Thumb Code     2  heapauxi.o(.text)
    __rt_heap_escrow$2region                 0x0800046f   Thumb Code     2  heapauxi.o(.text)
    __rt_heap_expand$2region                 0x08000471   Thumb Code     2  heapauxi.o(.text)
    __cpp_initialize__aeabi_                 0x08000475   Thumb Code    26  init_aeabi.o(.text)
    __read_errno                             0x08000499   Thumb Code    10  _rserrno.o(.text)
    __set_errno                              0x080004a3   Thumb Code    12  _rserrno.o(.text)
    __aeabi_errno_addr                       0x080004b1   Thumb Code     8  rt_errno_addr_intlibspace.o(.text)
    __errno$intlibspace                      0x080004b1   Thumb Code     0  rt_errno_addr_intlibspace.o(.text)
    __rt_errno_addr$intlibspace              0x080004b1   Thumb Code     0  rt_errno_addr_intlibspace.o(.text)
    __user_libspace                          0x080004b9   Thumb Code     8  libspace.o(.text)
    __user_perproc_libspace                  0x080004b9   Thumb Code     0  libspace.o(.text)
    __user_perthread_libspace                0x080004b9   Thumb Code     0  libspace.o(.text)
    __user_setup_stackheap                   0x080004c1   Thumb Code    74  sys_stackheap_outer.o(.text)
    exit                                     0x0800050b   Thumb Code    18  exit.o(.text)
    _sys_exit                                0x0800051d   Thumb Code     8  sys_exit.o(.text)
    __I$use$semihosting                      0x08000529   Thumb Code     0  use_no_semi.o(.text)
    __use_no_semihosting_swi                 0x08000529   Thumb Code     2  use_no_semi.o(.text)
    BusFault_Handler                         0x0800052b   Thumb Code     2  stm32f4xx_it.o(i.BusFault_Handler)
    __semihosting_library_function           0x0800052b   Thumb Code     0  indicate_semi.o(.text)
    CAN1_RX0_IRQHandler                      0x0800052d   Thumb Code     6  stm32f4xx_it.o(i.CAN1_RX0_IRQHandler)
    CAN1_RX1_IRQHandler                      0x08000539   Thumb Code     6  stm32f4xx_it.o(i.CAN1_RX1_IRQHandler)
    DMA1_Stream5_IRQHandler                  0x08000545   Thumb Code     6  stm32f4xx_it.o(i.DMA1_Stream5_IRQHandler)
    DMA1_Stream6_IRQHandler                  0x08000551   Thumb Code     6  stm32f4xx_it.o(i.DMA1_Stream6_IRQHandler)
    DebugMon_Handler                         0x0800055d   Thumb Code     2  stm32f4xx_it.o(i.DebugMon_Handler)
    Error_Handler                            0x0800055f   Thumb Code     4  main.o(i.Error_Handler)
    HAL_CAN_AddTxMessage                     0x08000563   Thumb Code   242  stm32f4xx_hal_can.o(i.HAL_CAN_AddTxMessage)
    HAL_CAN_ConfigFilter                     0x08000655   Thumb Code   266  stm32f4xx_hal_can.o(i.HAL_CAN_ConfigFilter)
    HAL_CAN_ErrorCallback                    0x08000765   Thumb Code     2  stm32f4xx_hal_can.o(i.HAL_CAN_ErrorCallback)
    HAL_CAN_GetRxMessage                     0x08000767   Thumb Code   262  stm32f4xx_hal_can.o(i.HAL_CAN_GetRxMessage)
    HAL_CAN_IRQHandler                       0x0800086d   Thumb Code   508  stm32f4xx_hal_can.o(i.HAL_CAN_IRQHandler)
    HAL_CAN_Init                             0x08000a69   Thumb Code   338  stm32f4xx_hal_can.o(i.HAL_CAN_Init)
    HAL_CAN_MspInit                          0x08000bbd   Thumb Code   122  can.o(i.HAL_CAN_MspInit)
    HAL_CAN_RxFifo0FullCallback              0x08000c45   Thumb Code     2  stm32f4xx_hal_can.o(i.HAL_CAN_RxFifo0FullCallback)
    HAL_CAN_RxFifo0MsgPendingCallback        0x08000c49   Thumb Code    68  drv_can.o(i.HAL_CAN_RxFifo0MsgPendingCallback)
    HAL_CAN_RxFifo1FullCallback              0x08000c99   Thumb Code     2  stm32f4xx_hal_can.o(i.HAL_CAN_RxFifo1FullCallback)
    HAL_CAN_RxFifo1MsgPendingCallback        0x08000c9d   Thumb Code    68  drv_can.o(i.HAL_CAN_RxFifo1MsgPendingCallback)
    HAL_CAN_SleepCallback                    0x08000ced   Thumb Code     2  stm32f4xx_hal_can.o(i.HAL_CAN_SleepCallback)
    HAL_CAN_Start                            0x08000cef   Thumb Code    88  stm32f4xx_hal_can.o(i.HAL_CAN_Start)
    HAL_CAN_TxMailbox0AbortCallback          0x08000d47   Thumb Code     2  stm32f4xx_hal_can.o(i.HAL_CAN_TxMailbox0AbortCallback)
    HAL_CAN_TxMailbox0CompleteCallback       0x08000d49   Thumb Code     2  stm32f4xx_hal_can.o(i.HAL_CAN_TxMailbox0CompleteCallback)
    HAL_CAN_TxMailbox1AbortCallback          0x08000d4b   Thumb Code     2  stm32f4xx_hal_can.o(i.HAL_CAN_TxMailbox1AbortCallback)
    HAL_CAN_TxMailbox1CompleteCallback       0x08000d4d   Thumb Code     2  stm32f4xx_hal_can.o(i.HAL_CAN_TxMailbox1CompleteCallback)
    HAL_CAN_TxMailbox2AbortCallback          0x08000d4f   Thumb Code     2  stm32f4xx_hal_can.o(i.HAL_CAN_TxMailbox2AbortCallback)
    HAL_CAN_TxMailbox2CompleteCallback       0x08000d51   Thumb Code     2  stm32f4xx_hal_can.o(i.HAL_CAN_TxMailbox2CompleteCallback)
    HAL_CAN_WakeUpFromRxMsgCallback          0x08000d53   Thumb Code     2  stm32f4xx_hal_can.o(i.HAL_CAN_WakeUpFromRxMsgCallback)
    HAL_DMA_Abort                            0x08000d55   Thumb Code   142  stm32f4xx_hal_dma.o(i.HAL_DMA_Abort)
    HAL_DMA_Abort_IT                         0x08000de3   Thumb Code    36  stm32f4xx_hal_dma.o(i.HAL_DMA_Abort_IT)
    HAL_DMA_IRQHandler                       0x08000e09   Thumb Code   460  stm32f4xx_hal_dma.o(i.HAL_DMA_IRQHandler)
    HAL_DMA_Init                             0x08000fd9   Thumb Code   208  stm32f4xx_hal_dma.o(i.HAL_DMA_Init)
    HAL_DMA_Start_IT                         0x080010ad   Thumb Code   110  stm32f4xx_hal_dma.o(i.HAL_DMA_Start_IT)
    HAL_Delay                                0x0800111d   Thumb Code    32  stm32f4xx_hal.o(i.HAL_Delay)
    HAL_GPIO_Init                            0x08001141   Thumb Code   440  stm32f4xx_hal_gpio.o(i.HAL_GPIO_Init)
    HAL_GPIO_WritePin                        0x0800132d   Thumb Code    14  stm32f4xx_hal_gpio.o(i.HAL_GPIO_WritePin)
    HAL_GetTick                              0x0800133d   Thumb Code     6  stm32f4xx_hal.o(i.HAL_GetTick)
    HAL_IncTick                              0x08001349   Thumb Code    12  stm32f4xx_hal.o(i.HAL_IncTick)
    HAL_Init                                 0x08001359   Thumb Code    48  stm32f4xx_hal.o(i.HAL_Init)
    HAL_InitTick                             0x0800138d   Thumb Code    58  stm32f4xx_hal.o(i.HAL_InitTick)
    HAL_MspInit                              0x080013d1   Thumb Code    42  stm32f4xx_hal_msp.o(i.HAL_MspInit)
    HAL_NVIC_EnableIRQ                       0x08001401   Thumb Code    26  stm32f4xx_hal_cortex.o(i.HAL_NVIC_EnableIRQ)
    HAL_NVIC_SetPriority                     0x0800141d   Thumb Code    60  stm32f4xx_hal_cortex.o(i.HAL_NVIC_SetPriority)
    HAL_NVIC_SetPriorityGrouping             0x0800145d   Thumb Code    26  stm32f4xx_hal_cortex.o(i.HAL_NVIC_SetPriorityGrouping)
    HAL_PWREx_EnableOverDrive                0x08001481   Thumb Code   104  stm32f4xx_hal_pwr_ex.o(i.HAL_PWREx_EnableOverDrive)
    HAL_RCC_ClockConfig                      0x080014f5   Thumb Code   310  stm32f4xx_hal_rcc.o(i.HAL_RCC_ClockConfig)
    HAL_RCC_GetHCLKFreq                      0x08001641   Thumb Code     6  stm32f4xx_hal_rcc.o(i.HAL_RCC_GetHCLKFreq)
    HAL_RCC_GetPCLK1Freq                     0x0800164d   Thumb Code    22  stm32f4xx_hal_rcc.o(i.HAL_RCC_GetPCLK1Freq)
    HAL_RCC_GetPCLK2Freq                     0x0800166d   Thumb Code    22  stm32f4xx_hal_rcc.o(i.HAL_RCC_GetPCLK2Freq)
    HAL_RCC_GetSysClockFreq                  0x0800168d   Thumb Code    94  stm32f4xx_hal_rcc.o(i.HAL_RCC_GetSysClockFreq)
    HAL_RCC_OscConfig                        0x080016f9   Thumb Code   942  stm32f4xx_hal_rcc.o(i.HAL_RCC_OscConfig)
    HAL_SYSTICK_Config                       0x08001ab9   Thumb Code    40  stm32f4xx_hal_cortex.o(i.HAL_SYSTICK_Config)
    HAL_UARTEx_ReceiveToIdle_DMA             0x08001ae1   Thumb Code    98  stm32f4xx_hal_uart.o(i.HAL_UARTEx_ReceiveToIdle_DMA)
    HAL_UARTEx_RxEventCallback               0x08001b45   Thumb Code   296  drv_uart.o(i.HAL_UARTEx_RxEventCallback)
    HAL_UART_ErrorCallback                   0x08001cad   Thumb Code     2  stm32f4xx_hal_uart.o(i.HAL_UART_ErrorCallback)
    HAL_UART_IRQHandler                      0x08001cb1   Thumb Code   546  stm32f4xx_hal_uart.o(i.HAL_UART_IRQHandler)
    HAL_UART_Init                            0x08001ed9   Thumb Code   100  stm32f4xx_hal_uart.o(i.HAL_UART_Init)
    HAL_UART_MspInit                         0x08001f3d   Thumb Code   208  usart.o(i.HAL_UART_MspInit)
    HAL_UART_RxCpltCallback                  0x08002021   Thumb Code     2  stm32f4xx_hal_uart.o(i.HAL_UART_RxCpltCallback)
    HAL_UART_RxHalfCpltCallback              0x08002023   Thumb Code     2  stm32f4xx_hal_uart.o(i.HAL_UART_RxHalfCpltCallback)
    HAL_UART_Transmit_DMA                    0x08002025   Thumb Code   134  stm32f4xx_hal_uart.o(i.HAL_UART_Transmit_DMA)
    HAL_UART_TxCpltCallback                  0x080020b9   Thumb Code     2  stm32f4xx_hal_uart.o(i.HAL_UART_TxCpltCallback)
    HAL_UART_TxHalfCpltCallback              0x080020bb   Thumb Code     2  stm32f4xx_hal_uart.o(i.HAL_UART_TxHalfCpltCallback)
    HardFault_Handler                        0x080020bd   Thumb Code     2  stm32f4xx_it.o(i.HardFault_Handler)
    MX_CAN1_Init                             0x080020c1   Thumb Code    60  can.o(i.MX_CAN1_Init)
    MX_DMA_Init                              0x08002105   Thumb Code    56  dma.o(i.MX_DMA_Init)
    MX_GPIO_Init                             0x08002141   Thumb Code   102  gpio.o(i.MX_GPIO_Init)
    MX_USART2_UART_Init                      0x080021b1   Thumb Code    48  usart.o(i.MX_USART2_UART_Init)
    MemManage_Handler                        0x080021e9   Thumb Code     2  stm32f4xx_it.o(i.MemManage_Handler)
    NMI_Handler                              0x080021eb   Thumb Code     2  stm32f4xx_it.o(i.NMI_Handler)
    PendSV_Handler                           0x080021ed   Thumb Code     2  stm32f4xx_it.o(i.PendSV_Handler)
    SVC_Handler                              0x080021ef   Thumb Code     2  stm32f4xx_it.o(i.SVC_Handler)
    SysTick_Handler                          0x080021f1   Thumb Code     4  stm32f4xx_it.o(i.SysTick_Handler)
    SystemInit                               0x080021f5   Thumb Code    12  system_stm32f4xx.o(i.SystemInit)
    UART_Start_Receive_DMA                   0x08002205   Thumb Code   138  stm32f4xx_hal_uart.o(i.UART_Start_Receive_DMA)
    USART2_IRQHandler                        0x0800229d   Thumb Code     6  stm32f4xx_it.o(i.USART2_IRQHandler)
    UsageFault_Handler                       0x080022a9   Thumb Code     2  stm32f4xx_it.o(i.UsageFault_Handler)
    BSP_DC24_LD(Enum_BSP_DC24_Status)        0x080022ad   Thumb Code    10  drv_bsp.o(i._Z11BSP_DC24_LD20Enum_BSP_DC24_Status)
    BSP_DC24_LU(Enum_BSP_DC24_Status)        0x080022bd   Thumb Code    10  drv_bsp.o(i._Z11BSP_DC24_LU20Enum_BSP_DC24_Status)
    BSP_DC24_RD(Enum_BSP_DC24_Status)        0x080022cd   Thumb Code    10  drv_bsp.o(i._Z11BSP_DC24_RD20Enum_BSP_DC24_Status)
    BSP_DC24_RU(Enum_BSP_DC24_Status)        0x080022dd   Thumb Code    10  drv_bsp.o(i._Z11BSP_DC24_RU20Enum_BSP_DC24_Status)
    CAN_Send_Data(__CAN_HandleTypeDef*, unsigned short, unsigned char*, unsigned short) 0x080022ed   Thumb Code    28  drv_can.o(i._Z13CAN_Send_DataP19__CAN_HandleTypeDeftPht)
    UART_Send_Data(__UART_HandleTypeDef*, unsigned char*, unsigned short) 0x08002309   Thumb Code     4  drv_uart.o(i._Z14UART_Send_DataP20__UART_HandleTypeDefPht)
    allocate_tx_data(__CAN_HandleTypeDef*, Enum_CAN_Motor_ID) 0x0800230d   Thumb Code    78  dvc_motor.o(i._Z16allocate_tx_dataP19__CAN_HandleTypeDef17Enum_CAN_Motor_ID)
    SystemClock_Config()                     0x0800236d   Thumb Code   150  main.o(i._Z18SystemClock_Configv)
    CAN_Motor_Call_Back(Struct_CAN_Rx_Buffer*) 0x0800240d   Thumb Code    22  main.o(i._Z19CAN_Motor_Call_BackP20Struct_CAN_Rx_Buffer)
    CAN_Filter_Mask_Config(__CAN_HandleTypeDef*, unsigned char, unsigned, unsigned) 0x08002429   Thumb Code    86  drv_can.o(i._Z22CAN_Filter_Mask_ConfigP19__CAN_HandleTypeDefhjj)
    UART_Serialplot_Call_Back(unsigned char*, unsigned short) 0x08002481   Thumb Code   210  main.o(i._Z25UART_Serialplot_Call_BackPht)
    TIM_CAN_PeriodElapsedCallback()          0x08002559   Thumb Code    34  drv_can.o(i._Z29TIM_CAN_PeriodElapsedCallbackv)
    TIM_UART_PeriodElapsedCallback()         0x08002585   Thumb Code    10  drv_uart.o(i._Z30TIM_UART_PeriodElapsedCallbackv)
    BSP_Init(unsigned, float, float)         0x08002599   Thumb Code   140  drv_bsp.o(i._Z8BSP_Initjff)
    CAN_Init(__CAN_HandleTypeDef*, void(*)(Struct_CAN_Rx_Buffer*)) 0x08002625   Thumb Code   118  drv_can.o(i._Z8CAN_InitP19__CAN_HandleTypeDefPFvP20Struct_CAN_Rx_BufferE)
    BSP_LED_1(Enum_BSP_LED_Status)           0x080026a9   Thumb Code    10  drv_bsp.o(i._Z9BSP_LED_119Enum_BSP_LED_Status)
    BSP_LED_2(Enum_BSP_LED_Status)           0x080026b9   Thumb Code    10  drv_bsp.o(i._Z9BSP_LED_219Enum_BSP_LED_Status)
    BSP_LED_3(Enum_BSP_LED_Status)           0x080026c9   Thumb Code    10  drv_bsp.o(i._Z9BSP_LED_319Enum_BSP_LED_Status)
    BSP_LED_4(Enum_BSP_LED_Status)           0x080026d9   Thumb Code    10  drv_bsp.o(i._Z9BSP_LED_419Enum_BSP_LED_Status)
    BSP_LED_5(Enum_BSP_LED_Status)           0x080026e9   Thumb Code    10  drv_bsp.o(i._Z9BSP_LED_519Enum_BSP_LED_Status)
    BSP_LED_6(Enum_BSP_LED_Status)           0x080026f9   Thumb Code    10  drv_bsp.o(i._Z9BSP_LED_619Enum_BSP_LED_Status)
    BSP_LED_7(Enum_BSP_LED_Status)           0x08002709   Thumb Code    10  drv_bsp.o(i._Z9BSP_LED_719Enum_BSP_LED_Status)
    BSP_LED_8(Enum_BSP_LED_Status)           0x08002719   Thumb Code    12  drv_bsp.o(i._Z9BSP_LED_819Enum_BSP_LED_Status)
    BSP_LED_G(Enum_BSP_LED_Status)           0x08002729   Thumb Code    12  drv_bsp.o(i._Z9BSP_LED_G19Enum_BSP_LED_Status)
    BSP_LED_R(Enum_BSP_LED_Status)           0x08002739   Thumb Code    12  drv_bsp.o(i._Z9BSP_LED_R19Enum_BSP_LED_Status)
    UART_Init(__UART_HandleTypeDef*, void(*)(unsigned char*, unsigned short), unsigned short) 0x08002749   Thumb Code   232  drv_uart.o(i._Z9UART_InitP20__UART_HandleTypeDefPFvPhtEt)
    Class_Motor_C620::Get_Now_Angle()        0x08002871   Thumb Code     6  dvc_motor.o(i._ZN16Class_Motor_C62013Get_Now_AngleEv)
    Class_Motor_C620::Get_Now_Omega()        0x08002877   Thumb Code     6  dvc_motor.o(i._ZN16Class_Motor_C62013Get_Now_OmegaEv)
    Class_Motor_C620::Get_Target_Angle()     0x0800287d   Thumb Code     6  dvc_motor.o(i._ZN16Class_Motor_C62016Get_Target_AngleEv)
    Class_Motor_C620::Get_Target_Omega()     0x08002883   Thumb Code     6  dvc_motor.o(i._ZN16Class_Motor_C62016Get_Target_OmegaEv)
    Class_Motor_C620::Set_Target_Angle(float) 0x08002889   Thumb Code     6  dvc_motor.o(i._ZN16Class_Motor_C62016Set_Target_AngleEf)
    Class_Motor_C620::CAN_RxCpltCallback(unsigned char*) 0x08002891   Thumb Code   188  dvc_motor.o(i._ZN16Class_Motor_C62018CAN_RxCpltCallbackEPh)
    Class_Motor_C620::TIM_PID_PeriodElapsedCallback() 0x08002955   Thumb Code   232  dvc_motor.o(i._ZN16Class_Motor_C62029TIM_PID_PeriodElapsedCallbackEv)
    Class_Motor_C620::Init(__CAN_HandleTypeDef*, Enum_CAN_Motor_ID, Enum_Control_Method, float, float) 0x08002a41   Thumb Code    62  dvc_motor.o(i._ZN16Class_Motor_C6204InitEP19__CAN_HandleTypeDef17Enum_CAN_Motor_ID19Enum_Control_Methodff)
    Class_Motor_C620::Output()               0x08002a91   Thumb Code    38  dvc_motor.o(i._ZN16Class_Motor_C6206OutputEv)
    Class_Motor_C620::Set_Out(float)         0x08002ab7   Thumb Code     6  dvc_motor.o(i._ZN16Class_Motor_C6207Set_OutEf)
    Class_Serialplot::Get_Variable_Index()   0x08002abd   Thumb Code     6  dvc_serialplot.o(i._ZN16Class_Serialplot18Get_Variable_IndexEv)
    Class_Serialplot::Get_Variable_Value()   0x08002ac3   Thumb Code    14  dvc_serialplot.o(i._ZN16Class_Serialplot18Get_Variable_ValueEv)
    Class_Serialplot::Judge_Variable_Name()  0x08002ad1   Thumb Code    90  dvc_serialplot.o(i._ZN16Class_Serialplot19Judge_Variable_NameEv)
    Class_Serialplot::UART_RxCpltCallback(unsigned char*) 0x08002b2b   Thumb Code    22  dvc_serialplot.o(i._ZN16Class_Serialplot19UART_RxCpltCallbackEPh)
    Class_Serialplot::Judge_Variable_Value(int) 0x08002b41   Thumb Code   150  dvc_serialplot.o(i._ZN16Class_Serialplot20Judge_Variable_ValueEi)
    Class_Serialplot::TIM_Write_PeriodElapsedCallback() 0x08002bdd   Thumb Code     4  dvc_serialplot.o(i._ZN16Class_Serialplot31TIM_Write_PeriodElapsedCallbackEv)
    Class_Serialplot::Init(__UART_HandleTypeDef*, unsigned char, char**, Enum_Serialplot_Data_Type, unsigned char) 0x08002be1   Thumb Code   116  dvc_serialplot.o(i._ZN16Class_Serialplot4InitEP20__UART_HandleTypeDefhPPc25Enum_Serialplot_Data_Typeh)
    Class_Serialplot::Output()               0x08002c95   Thumb Code   196  dvc_serialplot.o(i._ZN16Class_Serialplot6OutputEv)
    Class_Serialplot::Set_Data(unsigned char, ...) 0x08002d59   Thumb Code    52  dvc_serialplot.o(i._ZN16Class_Serialplot8Set_DataEhz)
    Class_PID::Set_Target(float)             0x0800327d   Thumb Code     6  alg_pid.o(i._ZN9Class_PID10Set_TargetEf)
    Class_PID::TIM_Adjust_PeriodElapsedCallback() 0x08003285   Thumb Code   464  alg_pid.o(i._ZN9Class_PID32TIM_Adjust_PeriodElapsedCallbackEv)
    Class_PID::Init(float, float, float, float, float, float, float, float, float, float, float, Enum_PID_D_First) 0x08003459   Thumb Code    48  alg_pid.o(i._ZN9Class_PID4InitEfffffffffff16Enum_PID_D_First)
    Class_PID::Get_Out()                     0x08003489   Thumb Code     6  alg_pid.o(i._ZN9Class_PID7Get_OutEv)
    Class_PID::Set_K_D(float)                0x0800348f   Thumb Code     6  alg_pid.o(i._ZN9Class_PID7Set_K_DEf)
    Class_PID::Set_K_I(float)                0x08003495   Thumb Code     6  alg_pid.o(i._ZN9Class_PID7Set_K_IEf)
    Class_PID::Set_K_P(float)                0x0800349b   Thumb Code     6  alg_pid.o(i._ZN9Class_PID7Set_K_PEf)
    Class_PID::Set_Now(float)                0x080034a1   Thumb Code     6  alg_pid.o(i._ZN9Class_PID7Set_NowEf)
    Class_PID::Class_PID()                   0x080034a9   Thumb Code    74  main.o(i._ZN9Class_PIDC1Ev)
    Class_PID::Class_PID__sub_object()       0x080034a9   Thumb Code     0  main.o(i._ZN9Class_PIDC1Ev)
    __ARM_fpclassifyf                        0x080034f9   Thumb Code    38  fpclassifyf.o(i.__ARM_fpclassifyf)
    __hardfp_powf                            0x08003521   Thumb Code  1606  powf.o(i.__hardfp_powf)
    __mathlib_powf                           0x08003521   Thumb Code     0  powf.o(i.__hardfp_powf)
    __mathlib_flt_divzero                    0x08003b85   Thumb Code    14  funder.o(i.__mathlib_flt_divzero)
    __mathlib_flt_infnan2                    0x08003b99   Thumb Code     6  funder.o(i.__mathlib_flt_infnan2)
    __mathlib_flt_invalid                    0x08003ba1   Thumb Code    10  funder.o(i.__mathlib_flt_invalid)
    __mathlib_flt_overflow                   0x08003bb1   Thumb Code    10  funder.o(i.__mathlib_flt_overflow)
    __mathlib_flt_underflow                  0x08003bc1   Thumb Code    10  funder.o(i.__mathlib_flt_underflow)
    main                                     0x08003c61   Thumb Code   420  main.o(i.main)
    void Math_Constrain<float>(T1*, T1, T1)  0x08003e4d   Thumb Code    36  alg_pid.o(t._Z14Math_ConstrainIfEvPT_S0_S0_)
    T1 Math_Abs<float>(T1)                   0x08003e71   Thumb Code    16  drv_math.o(t._Z8Math_AbsIfET_S0_)
    __aeabi_d2f                              0x08003e81   Thumb Code     0  d2f.o(x$fpl$d2f)
    _d2f                                     0x08003e81   Thumb Code    98  d2f.o(x$fpl$d2f)
    __fpl_dnaninf                            0x08003ee3   Thumb Code   156  dnaninf.o(x$fpl$dnaninf)
    __fpl_dretinf                            0x08003f7f   Thumb Code    12  dretinf.o(x$fpl$dretinf)
    __aeabi_f2d                              0x08003f8d   Thumb Code     0  f2d.o(x$fpl$f2d)
    _f2d                                     0x08003f8d   Thumb Code    86  f2d.o(x$fpl$f2d)
    __fpl_fnaninf                            0x08003fe3   Thumb Code   140  fnaninf.o(x$fpl$fnaninf)
    _fp_init                                 0x0800406f   Thumb Code    10  fpinit.o(x$fpl$fpinit)
    __fplib_config_fpu_vfp                   0x08004077   Thumb Code     0  fpinit.o(x$fpl$fpinit)
    __fplib_config_pureend_doubles           0x08004077   Thumb Code     0  fpinit.o(x$fpl$fpinit)
    __fpl_fretinf                            0x08004079   Thumb Code    10  fretinf.o(x$fpl$fretinf)
    __I$use$fp                               0x08004082   Number         0  usenofp.o(x$fpl$usenofp)
    AHBPrescTable                            0x0800408a   Data          16  system_stm32f4xx.o(.constdata)
    APBPrescTable                            0x0800409a   Data           8  system_stm32f4xx.o(.constdata)
    Region$$Table$$Base                      0x080041e4   Number         0  anon$$obj.o(Region$$Table)
    Region$$Table$$Limit                     0x08004204   Number         0  anon$$obj.o(Region$$Table)
    SHT$$INIT_ARRAY$$Base                    0x08004204   Number         0  main.o(.init_array)
    SHT$$INIT_ARRAY$$Limit                   0x08004208   Number         0  init_aeabi.o(.init_array)
    Counter                                  0x20000000   Data           4  main.o(.data)
    Target_Angle                             0x20000004   Data           4  main.o(.data)
    Now_Angle                                0x20000008   Data           4  main.o(.data)
    Target_Omega                             0x2000000c   Data           4  main.o(.data)
    Now_Omega                                0x20000010   Data           4  main.o(.data)
    CAN1_0x200_Tx_Data                       0x20000270   Data           8  drv_can.o(.data)
    CAN1_0x1ff_Tx_Data                       0x20000278   Data           8  drv_can.o(.data)
    CAN1_0x2ff_Tx_Data                       0x20000280   Data           8  drv_can.o(.data)
    uwTickFreq                               0x20000288   Data           1  stm32f4xx_hal.o(.data)
    uwTickPrio                               0x2000028c   Data           4  stm32f4xx_hal.o(.data)
    uwTick                                   0x20000290   Data           4  stm32f4xx_hal.o(.data)
    SystemCoreClock                          0x20000294   Data           4  system_stm32f4xx.o(.data)
    serialplot                               0x20000298   Data          72  main.o(.bss)
    motor                                    0x200002e0   Data         248  main.o(.bss)
    hcan1                                    0x200003d8   Data          40  can.o(.bss)
    huart2                                   0x20000400   Data          68  usart.o(.bss)
    hdma_usart2_rx                           0x20000444   Data          96  usart.o(.bss)
    hdma_usart2_tx                           0x200004a4   Data          96  usart.o(.bss)
    UART1_Manage_Object                      0x20000504   Data         524  drv_uart.o(.bss)
    UART2_Manage_Object                      0x20000710   Data         524  drv_uart.o(.bss)
    UART3_Manage_Object                      0x2000091c   Data         524  drv_uart.o(.bss)
    UART4_Manage_Object                      0x20000b28   Data         524  drv_uart.o(.bss)
    UART5_Manage_Object                      0x20000d34   Data         524  drv_uart.o(.bss)
    UART6_Manage_Object                      0x20000f40   Data         524  drv_uart.o(.bss)
    UART7_Manage_Object                      0x2000114c   Data         524  drv_uart.o(.bss)
    UART8_Manage_Object                      0x20001358   Data         524  drv_uart.o(.bss)
    CAN1_Manage_Object                       0x20001564   Data          44  drv_can.o(.bss)
    CAN2_Manage_Object                       0x20001590   Data          44  drv_can.o(.bss)
    __libspace_start                         0x200015bc   Data          96  libspace.o(.bss)
    __temporary_stack_top$libspace           0x2000161c   Data           0  libspace.o(.bss)



==============================================================================

Memory Map of the image

  Image Entry point : 0x080001ad

  Load Region LR_IROM1 (Base: 0x08000000, Size: 0x000044a0, Max: 0x00200000, ABSOLUTE, COMPRESSED[0x0000422c])

    Execution Region ER_IROM1 (Exec base: 0x08000000, Load base: 0x08000000, Size: 0x00004208, Max: 0x00200000, ABSOLUTE)

    Exec Addr    Load Addr    Size         Type   Attr      Idx    E Section Name        Object

    0x08000000   0x08000000   0x000001ac   Data   RO            3    RESET               startup_stm32f427xx.o
    0x080001ac   0x080001ac   0x00000008   Code   RO         3733  * !!!main             c_w.l(__main.o)
    0x080001b4   0x080001b4   0x00000034   Code   RO         3977    !!!scatter          c_w.l(__scatter.o)
    0x080001e8   0x080001e8   0x0000003a   Code   RO         3975    !!dczerorl          c_w.l(__dczerorl.o)
    0x08000222   0x08000222   0x00000002   PAD
    0x08000224   0x08000224   0x0000001c   Code   RO         3979    !!handler_zi        c_w.l(__scatter_zi.o)
    0x08000240   0x08000240   0x00000002   Code   RO         3899    .ARM.Collect$$libinit$$00000000  c_w.l(libinit.o)
    0x08000242   0x08000242   0x00000004   Code   RO         3778    .ARM.Collect$$libinit$$00000001  c_w.l(libinit2.o)
    0x08000246   0x08000246   0x00000000   Code   RO         3781    .ARM.Collect$$libinit$$00000004  c_w.l(libinit2.o)
    0x08000246   0x08000246   0x00000000   Code   RO         3784    .ARM.Collect$$libinit$$0000000A  c_w.l(libinit2.o)
    0x08000246   0x08000246   0x00000000   Code   RO         3786    .ARM.Collect$$libinit$$0000000C  c_w.l(libinit2.o)
    0x08000246   0x08000246   0x00000000   Code   RO         3788    .ARM.Collect$$libinit$$0000000E  c_w.l(libinit2.o)
    0x08000246   0x08000246   0x00000000   Code   RO         3791    .ARM.Collect$$libinit$$00000011  c_w.l(libinit2.o)
    0x08000246   0x08000246   0x00000000   Code   RO         3793    .ARM.Collect$$libinit$$00000013  c_w.l(libinit2.o)
    0x08000246   0x08000246   0x00000000   Code   RO         3795    .ARM.Collect$$libinit$$00000015  c_w.l(libinit2.o)
    0x08000246   0x08000246   0x00000000   Code   RO         3797    .ARM.Collect$$libinit$$00000017  c_w.l(libinit2.o)
    0x08000246   0x08000246   0x00000000   Code   RO         3799    .ARM.Collect$$libinit$$00000019  c_w.l(libinit2.o)
    0x08000246   0x08000246   0x00000000   Code   RO         3801    .ARM.Collect$$libinit$$0000001B  c_w.l(libinit2.o)
    0x08000246   0x08000246   0x00000000   Code   RO         3803    .ARM.Collect$$libinit$$0000001D  c_w.l(libinit2.o)
    0x08000246   0x08000246   0x00000000   Code   RO         3805    .ARM.Collect$$libinit$$0000001F  c_w.l(libinit2.o)
    0x08000246   0x08000246   0x00000000   Code   RO         3807    .ARM.Collect$$libinit$$00000021  c_w.l(libinit2.o)
    0x08000246   0x08000246   0x00000000   Code   RO         3809    .ARM.Collect$$libinit$$00000023  c_w.l(libinit2.o)
    0x08000246   0x08000246   0x00000000   Code   RO         3811    .ARM.Collect$$libinit$$00000025  c_w.l(libinit2.o)
    0x08000246   0x08000246   0x00000000   Code   RO         3815    .ARM.Collect$$libinit$$0000002C  c_w.l(libinit2.o)
    0x08000246   0x08000246   0x00000000   Code   RO         3817    .ARM.Collect$$libinit$$0000002E  c_w.l(libinit2.o)
    0x08000246   0x08000246   0x00000000   Code   RO         3819    .ARM.Collect$$libinit$$00000030  c_w.l(libinit2.o)
    0x08000246   0x08000246   0x00000004   Code   RO         3820    .ARM.Collect$$libinit$$00000031  c_w.l(libinit2.o)
    0x0800024a   0x0800024a   0x00000000   Code   RO         3821    .ARM.Collect$$libinit$$00000032  c_w.l(libinit2.o)
    0x0800024a   0x0800024a   0x00000002   Code   RO         3822    .ARM.Collect$$libinit$$00000033  c_w.l(libinit2.o)
    0x0800024c   0x0800024c   0x00000002   Code   RO         3940    .ARM.Collect$$libshutdown$$00000000  c_w.l(libshutdown.o)
    0x0800024e   0x0800024e   0x00000000   Code   RO         3956    .ARM.Collect$$libshutdown$$00000002  c_w.l(libshutdown2.o)
    0x0800024e   0x0800024e   0x00000000   Code   RO         3958    .ARM.Collect$$libshutdown$$00000004  c_w.l(libshutdown2.o)
    0x0800024e   0x0800024e   0x00000000   Code   RO         3960    .ARM.Collect$$libshutdown$$00000006  c_w.l(libshutdown2.o)
    0x0800024e   0x0800024e   0x00000000   Code   RO         3963    .ARM.Collect$$libshutdown$$00000009  c_w.l(libshutdown2.o)
    0x0800024e   0x0800024e   0x00000000   Code   RO         3966    .ARM.Collect$$libshutdown$$0000000C  c_w.l(libshutdown2.o)
    0x0800024e   0x0800024e   0x00000000   Code   RO         3968    .ARM.Collect$$libshutdown$$0000000E  c_w.l(libshutdown2.o)
    0x0800024e   0x0800024e   0x00000000   Code   RO         3971    .ARM.Collect$$libshutdown$$00000011  c_w.l(libshutdown2.o)
    0x0800024e   0x0800024e   0x00000002   Code   RO         3972    .ARM.Collect$$libshutdown$$00000012  c_w.l(libshutdown2.o)
    0x08000250   0x08000250   0x00000000   Code   RO         3771    .ARM.Collect$$rtentry$$00000000  c_w.l(__rtentry.o)
    0x08000250   0x08000250   0x00000000   Code   RO         3854    .ARM.Collect$$rtentry$$00000002  c_w.l(__rtentry2.o)
    0x08000250   0x08000250   0x00000006   Code   RO         3866    .ARM.Collect$$rtentry$$00000004  c_w.l(__rtentry4.o)
    0x08000256   0x08000256   0x00000000   Code   RO         3856    .ARM.Collect$$rtentry$$00000009  c_w.l(__rtentry2.o)
    0x08000256   0x08000256   0x00000004   Code   RO         3857    .ARM.Collect$$rtentry$$0000000A  c_w.l(__rtentry2.o)
    0x0800025a   0x0800025a   0x00000000   Code   RO         3859    .ARM.Collect$$rtentry$$0000000C  c_w.l(__rtentry2.o)
    0x0800025a   0x0800025a   0x00000008   Code   RO         3860    .ARM.Collect$$rtentry$$0000000D  c_w.l(__rtentry2.o)
    0x08000262   0x08000262   0x00000002   Code   RO         3902    .ARM.Collect$$rtexit$$00000000  c_w.l(rtexit.o)
    0x08000264   0x08000264   0x00000000   Code   RO         3922    .ARM.Collect$$rtexit$$00000002  c_w.l(rtexit2.o)
    0x08000264   0x08000264   0x00000004   Code   RO         3923    .ARM.Collect$$rtexit$$00000003  c_w.l(rtexit2.o)
    0x08000268   0x08000268   0x00000006   Code   RO         3924    .ARM.Collect$$rtexit$$00000004  c_w.l(rtexit2.o)
    0x0800026e   0x0800026e   0x00000002   PAD
    0x08000270   0x08000270   0x00000040   Code   RO            4    .text               startup_stm32f427xx.o
    0x080002b0   0x080002b0   0x000000ee   Code   RO         3725    .text               c_w.l(lludivv7m.o)
    0x0800039e   0x0800039e   0x0000004e   Code   RO         3727    .text               c_w.l(rt_memclr_w.o)
    0x080003ec   0x080003ec   0x00000080   Code   RO         3729    .text               c_w.l(strcmpv7m.o)
    0x0800046c   0x0800046c   0x00000006   Code   RO         3731    .text               c_w.l(heapauxi.o)
    0x08000472   0x08000472   0x00000002   PAD
    0x08000474   0x08000474   0x00000024   Code   RO         3738    .text               c_w.l(init_aeabi.o)
    0x08000498   0x08000498   0x00000016   Code   RO         3776    .text               c_w.l(_rserrno.o)
    0x080004ae   0x080004ae   0x00000002   PAD
    0x080004b0   0x080004b0   0x00000008   Code   RO         3873    .text               c_w.l(rt_errno_addr_intlibspace.o)
    0x080004b8   0x080004b8   0x00000008   Code   RO         3879    .text               c_w.l(libspace.o)
    0x080004c0   0x080004c0   0x0000004a   Code   RO         3882    .text               c_w.l(sys_stackheap_outer.o)
    0x0800050a   0x0800050a   0x00000012   Code   RO         3884    .text               c_w.l(exit.o)
    0x0800051c   0x0800051c   0x0000000c   Code   RO         3916    .text               c_w.l(sys_exit.o)
    0x08000528   0x08000528   0x00000002   Code   RO         3918    .text               c_w.l(use_no_semi.o)
    0x0800052a   0x0800052a   0x00000000   Code   RO         3920    .text               c_w.l(indicate_semi.o)
    0x0800052a   0x0800052a   0x00000002   Code   RO          365    i.BusFault_Handler  stm32f4xx_it.o
    0x0800052c   0x0800052c   0x0000000c   Code   RO          366    i.CAN1_RX0_IRQHandler  stm32f4xx_it.o
    0x08000538   0x08000538   0x0000000c   Code   RO          367    i.CAN1_RX1_IRQHandler  stm32f4xx_it.o
    0x08000544   0x08000544   0x0000000c   Code   RO          368    i.DMA1_Stream5_IRQHandler  stm32f4xx_it.o
    0x08000550   0x08000550   0x0000000c   Code   RO          369    i.DMA1_Stream6_IRQHandler  stm32f4xx_it.o
    0x0800055c   0x0800055c   0x00000002   Code   RO          370    i.DebugMon_Handler  stm32f4xx_it.o
    0x0800055e   0x0800055e   0x00000004   Code   RO           13    i.Error_Handler     main.o
    0x08000562   0x08000562   0x000000f2   Code   RO         1517    i.HAL_CAN_AddTxMessage  stm32f4xx_hal_can.o
    0x08000654   0x08000654   0x00000110   Code   RO         1518    i.HAL_CAN_ConfigFilter  stm32f4xx_hal_can.o
    0x08000764   0x08000764   0x00000002   Code   RO         1521    i.HAL_CAN_ErrorCallback  stm32f4xx_hal_can.o
    0x08000766   0x08000766   0x00000106   Code   RO         1524    i.HAL_CAN_GetRxMessage  stm32f4xx_hal_can.o
    0x0800086c   0x0800086c   0x000001fc   Code   RO         1528    i.HAL_CAN_IRQHandler  stm32f4xx_hal_can.o
    0x08000a68   0x08000a68   0x00000152   Code   RO         1529    i.HAL_CAN_Init      stm32f4xx_hal_can.o
    0x08000bba   0x08000bba   0x00000002   PAD
    0x08000bbc   0x08000bbc   0x00000088   Code   RO          251    i.HAL_CAN_MspInit   can.o
    0x08000c44   0x08000c44   0x00000002   Code   RO         1536    i.HAL_CAN_RxFifo0FullCallback  stm32f4xx_hal_can.o
    0x08000c46   0x08000c46   0x00000002   PAD
    0x08000c48   0x08000c48   0x00000050   Code   RO          686    i.HAL_CAN_RxFifo0MsgPendingCallback  drv_can.o
    0x08000c98   0x08000c98   0x00000002   Code   RO         1538    i.HAL_CAN_RxFifo1FullCallback  stm32f4xx_hal_can.o
    0x08000c9a   0x08000c9a   0x00000002   PAD
    0x08000c9c   0x08000c9c   0x00000050   Code   RO          687    i.HAL_CAN_RxFifo1MsgPendingCallback  drv_can.o
    0x08000cec   0x08000cec   0x00000002   Code   RO         1540    i.HAL_CAN_SleepCallback  stm32f4xx_hal_can.o
    0x08000cee   0x08000cee   0x00000058   Code   RO         1541    i.HAL_CAN_Start     stm32f4xx_hal_can.o
    0x08000d46   0x08000d46   0x00000002   Code   RO         1543    i.HAL_CAN_TxMailbox0AbortCallback  stm32f4xx_hal_can.o
    0x08000d48   0x08000d48   0x00000002   Code   RO         1544    i.HAL_CAN_TxMailbox0CompleteCallback  stm32f4xx_hal_can.o
    0x08000d4a   0x08000d4a   0x00000002   Code   RO         1545    i.HAL_CAN_TxMailbox1AbortCallback  stm32f4xx_hal_can.o
    0x08000d4c   0x08000d4c   0x00000002   Code   RO         1546    i.HAL_CAN_TxMailbox1CompleteCallback  stm32f4xx_hal_can.o
    0x08000d4e   0x08000d4e   0x00000002   Code   RO         1547    i.HAL_CAN_TxMailbox2AbortCallback  stm32f4xx_hal_can.o
    0x08000d50   0x08000d50   0x00000002   Code   RO         1548    i.HAL_CAN_TxMailbox2CompleteCallback  stm32f4xx_hal_can.o
    0x08000d52   0x08000d52   0x00000002   Code   RO         1550    i.HAL_CAN_WakeUpFromRxMsgCallback  stm32f4xx_hal_can.o
    0x08000d54   0x08000d54   0x0000008e   Code   RO         2421    i.HAL_DMA_Abort     stm32f4xx_hal_dma.o
    0x08000de2   0x08000de2   0x00000024   Code   RO         2422    i.HAL_DMA_Abort_IT  stm32f4xx_hal_dma.o
    0x08000e06   0x08000e06   0x00000002   PAD
    0x08000e08   0x08000e08   0x000001d0   Code   RO         2426    i.HAL_DMA_IRQHandler  stm32f4xx_hal_dma.o
    0x08000fd8   0x08000fd8   0x000000d4   Code   RO         2427    i.HAL_DMA_Init      stm32f4xx_hal_dma.o
    0x080010ac   0x080010ac   0x0000006e   Code   RO         2430    i.HAL_DMA_Start_IT  stm32f4xx_hal_dma.o
    0x0800111a   0x0800111a   0x00000002   PAD
    0x0800111c   0x0800111c   0x00000024   Code   RO         2921    i.HAL_Delay         stm32f4xx_hal.o
    0x08001140   0x08001140   0x000001ec   Code   RO         2305    i.HAL_GPIO_Init     stm32f4xx_hal_gpio.o
    0x0800132c   0x0800132c   0x0000000e   Code   RO         2309    i.HAL_GPIO_WritePin  stm32f4xx_hal_gpio.o
    0x0800133a   0x0800133a   0x00000002   PAD
    0x0800133c   0x0800133c   0x0000000c   Code   RO         2929    i.HAL_GetTick       stm32f4xx_hal.o
    0x08001348   0x08001348   0x00000010   Code   RO         2935    i.HAL_IncTick       stm32f4xx_hal.o
    0x08001358   0x08001358   0x00000034   Code   RO         2936    i.HAL_Init          stm32f4xx_hal.o
    0x0800138c   0x0800138c   0x00000044   Code   RO         2937    i.HAL_InitTick      stm32f4xx_hal.o
    0x080013d0   0x080013d0   0x00000030   Code   RO          485    i.HAL_MspInit       stm32f4xx_hal_msp.o
    0x08001400   0x08001400   0x0000001a   Code   RO         2765    i.HAL_NVIC_EnableIRQ  stm32f4xx_hal_cortex.o
    0x0800141a   0x0800141a   0x00000002   PAD
    0x0800141c   0x0800141c   0x00000040   Code   RO         2771    i.HAL_NVIC_SetPriority  stm32f4xx_hal_cortex.o
    0x0800145c   0x0800145c   0x00000024   Code   RO         2772    i.HAL_NVIC_SetPriorityGrouping  stm32f4xx_hal_cortex.o
    0x08001480   0x08001480   0x00000074   Code   RO         2685    i.HAL_PWREx_EnableOverDrive  stm32f4xx_hal_pwr_ex.o
    0x080014f4   0x080014f4   0x0000014c   Code   RO         1786    i.HAL_RCC_ClockConfig  stm32f4xx_hal_rcc.o
    0x08001640   0x08001640   0x0000000c   Code   RO         1791    i.HAL_RCC_GetHCLKFreq  stm32f4xx_hal_rcc.o
    0x0800164c   0x0800164c   0x00000020   Code   RO         1793    i.HAL_RCC_GetPCLK1Freq  stm32f4xx_hal_rcc.o
    0x0800166c   0x0800166c   0x00000020   Code   RO         1794    i.HAL_RCC_GetPCLK2Freq  stm32f4xx_hal_rcc.o
    0x0800168c   0x0800168c   0x0000006c   Code   RO         1795    i.HAL_RCC_GetSysClockFreq  stm32f4xx_hal_rcc.o
    0x080016f8   0x080016f8   0x000003c0   Code   RO         1798    i.HAL_RCC_OscConfig  stm32f4xx_hal_rcc.o
    0x08001ab8   0x08001ab8   0x00000028   Code   RO         2776    i.HAL_SYSTICK_Config  stm32f4xx_hal_cortex.o
    0x08001ae0   0x08001ae0   0x00000062   Code   RO         3267    i.HAL_UARTEx_ReceiveToIdle_DMA  stm32f4xx_hal_uart.o
    0x08001b42   0x08001b42   0x00000002   PAD
    0x08001b44   0x08001b44   0x00000168   Code   RO          633    i.HAL_UARTEx_RxEventCallback  drv_uart.o
    0x08001cac   0x08001cac   0x00000002   Code   RO         3283    i.HAL_UART_ErrorCallback  stm32f4xx_hal_uart.o
    0x08001cae   0x08001cae   0x00000002   PAD
    0x08001cb0   0x08001cb0   0x00000228   Code   RO         3286    i.HAL_UART_IRQHandler  stm32f4xx_hal_uart.o
    0x08001ed8   0x08001ed8   0x00000064   Code   RO         3287    i.HAL_UART_Init     stm32f4xx_hal_uart.o
    0x08001f3c   0x08001f3c   0x000000e4   Code   RO          321    i.HAL_UART_MspInit  usart.o
    0x08002020   0x08002020   0x00000002   Code   RO         3293    i.HAL_UART_RxCpltCallback  stm32f4xx_hal_uart.o
    0x08002022   0x08002022   0x00000002   Code   RO         3294    i.HAL_UART_RxHalfCpltCallback  stm32f4xx_hal_uart.o
    0x08002024   0x08002024   0x00000094   Code   RO         3296    i.HAL_UART_Transmit_DMA  stm32f4xx_hal_uart.o
    0x080020b8   0x080020b8   0x00000002   Code   RO         3298    i.HAL_UART_TxCpltCallback  stm32f4xx_hal_uart.o
    0x080020ba   0x080020ba   0x00000002   Code   RO         3299    i.HAL_UART_TxHalfCpltCallback  stm32f4xx_hal_uart.o
    0x080020bc   0x080020bc   0x00000002   Code   RO          371    i.HardFault_Handler  stm32f4xx_it.o
    0x080020be   0x080020be   0x00000002   PAD
    0x080020c0   0x080020c0   0x00000044   Code   RO          252    i.MX_CAN1_Init      can.o
    0x08002104   0x08002104   0x0000003c   Code   RO          295    i.MX_DMA_Init       dma.o
    0x08002140   0x08002140   0x00000070   Code   RO          225    i.MX_GPIO_Init      gpio.o
    0x080021b0   0x080021b0   0x00000038   Code   RO          322    i.MX_USART2_UART_Init  usart.o
    0x080021e8   0x080021e8   0x00000002   Code   RO          372    i.MemManage_Handler  stm32f4xx_it.o
    0x080021ea   0x080021ea   0x00000002   Code   RO          373    i.NMI_Handler       stm32f4xx_it.o
    0x080021ec   0x080021ec   0x00000002   Code   RO          374    i.PendSV_Handler    stm32f4xx_it.o
    0x080021ee   0x080021ee   0x00000002   Code   RO          375    i.SVC_Handler       stm32f4xx_it.o
    0x080021f0   0x080021f0   0x00000004   Code   RO          376    i.SysTick_Handler   stm32f4xx_it.o
    0x080021f4   0x080021f4   0x00000010   Code   RO         3687    i.SystemInit        system_stm32f4xx.o
    0x08002204   0x08002204   0x00000098   Code   RO         3300    i.UART_Start_Receive_DMA  stm32f4xx_hal_uart.o
    0x0800229c   0x0800229c   0x0000000c   Code   RO          377    i.USART2_IRQHandler  stm32f4xx_it.o
    0x080022a8   0x080022a8   0x00000002   Code   RO          378    i.UsageFault_Handler  stm32f4xx_it.o
    0x080022aa   0x080022aa   0x00000002   PAD
    0x080022ac   0x080022ac   0x00000010   Code   RO          510    i._Z11BSP_DC24_LD20Enum_BSP_DC24_Status  drv_bsp.o
    0x080022bc   0x080022bc   0x00000010   Code   RO          511    i._Z11BSP_DC24_LU20Enum_BSP_DC24_Status  drv_bsp.o
    0x080022cc   0x080022cc   0x00000010   Code   RO          512    i._Z11BSP_DC24_RD20Enum_BSP_DC24_Status  drv_bsp.o
    0x080022dc   0x080022dc   0x00000010   Code   RO          513    i._Z11BSP_DC24_RU20Enum_BSP_DC24_Status  drv_bsp.o
    0x080022ec   0x080022ec   0x0000001c   Code   RO          688    i._Z13CAN_Send_DataP19__CAN_HandleTypeDeftPht  drv_can.o
    0x08002308   0x08002308   0x00000004   Code   RO          634    i._Z14UART_Send_DataP20__UART_HandleTypeDefPht  drv_uart.o
    0x0800230c   0x0800230c   0x00000060   Code   RO         1048    i._Z16allocate_tx_dataP19__CAN_HandleTypeDef17Enum_CAN_Motor_ID  dvc_motor.o
    0x0800236c   0x0800236c   0x000000a0   Code   RO           14    i._Z18SystemClock_Configv  main.o
    0x0800240c   0x0800240c   0x0000001c   Code   RO           15    i._Z19CAN_Motor_Call_BackP20Struct_CAN_Rx_Buffer  main.o
    0x08002428   0x08002428   0x00000056   Code   RO          689    i._Z22CAN_Filter_Mask_ConfigP19__CAN_HandleTypeDefhjj  drv_can.o
    0x0800247e   0x0800247e   0x00000002   PAD
    0x08002480   0x08002480   0x000000d8   Code   RO           16    i._Z25UART_Serialplot_Call_BackPht  main.o
    0x08002558   0x08002558   0x0000002c   Code   RO          690    i._Z29TIM_CAN_PeriodElapsedCallbackv  drv_can.o
    0x08002584   0x08002584   0x00000014   Code   RO          635    i._Z30TIM_UART_PeriodElapsedCallbackv  drv_uart.o
    0x08002598   0x08002598   0x0000008c   Code   RO          514    i._Z8BSP_Initjff    drv_bsp.o
    0x08002624   0x08002624   0x00000084   Code   RO          691    i._Z8CAN_InitP19__CAN_HandleTypeDefPFvP20Struct_CAN_Rx_BufferE  drv_can.o
    0x080026a8   0x080026a8   0x00000010   Code   RO          515    i._Z9BSP_LED_119Enum_BSP_LED_Status  drv_bsp.o
    0x080026b8   0x080026b8   0x00000010   Code   RO          516    i._Z9BSP_LED_219Enum_BSP_LED_Status  drv_bsp.o
    0x080026c8   0x080026c8   0x00000010   Code   RO          517    i._Z9BSP_LED_319Enum_BSP_LED_Status  drv_bsp.o
    0x080026d8   0x080026d8   0x00000010   Code   RO          518    i._Z9BSP_LED_419Enum_BSP_LED_Status  drv_bsp.o
    0x080026e8   0x080026e8   0x00000010   Code   RO          519    i._Z9BSP_LED_519Enum_BSP_LED_Status  drv_bsp.o
    0x080026f8   0x080026f8   0x00000010   Code   RO          520    i._Z9BSP_LED_619Enum_BSP_LED_Status  drv_bsp.o
    0x08002708   0x08002708   0x00000010   Code   RO          521    i._Z9BSP_LED_719Enum_BSP_LED_Status  drv_bsp.o
    0x08002718   0x08002718   0x00000010   Code   RO          522    i._Z9BSP_LED_819Enum_BSP_LED_Status  drv_bsp.o
    0x08002728   0x08002728   0x00000010   Code   RO          523    i._Z9BSP_LED_G19Enum_BSP_LED_Status  drv_bsp.o
    0x08002738   0x08002738   0x00000010   Code   RO          524    i._Z9BSP_LED_R19Enum_BSP_LED_Status  drv_bsp.o
    0x08002748   0x08002748   0x00000128   Code   RO          636    i._Z9UART_InitP20__UART_HandleTypeDefPFvPhtEt  drv_uart.o
    0x08002870   0x08002870   0x00000006   Code   RO         1070    i._ZN16Class_Motor_C62013Get_Now_AngleEv  dvc_motor.o
    0x08002876   0x08002876   0x00000006   Code   RO         1071    i._ZN16Class_Motor_C62013Get_Now_OmegaEv  dvc_motor.o
    0x0800287c   0x0800287c   0x00000006   Code   RO         1074    i._ZN16Class_Motor_C62016Get_Target_AngleEv  dvc_motor.o
    0x08002882   0x08002882   0x00000006   Code   RO         1075    i._ZN16Class_Motor_C62016Get_Target_OmegaEv  dvc_motor.o
    0x08002888   0x08002888   0x00000006   Code   RO         1076    i._ZN16Class_Motor_C62016Set_Target_AngleEf  dvc_motor.o
    0x0800288e   0x0800288e   0x00000002   PAD
    0x08002890   0x08002890   0x000000c4   Code   RO         1080    i._ZN16Class_Motor_C62018CAN_RxCpltCallbackEPh  dvc_motor.o
    0x08002954   0x08002954   0x000000ec   Code   RO         1085    i._ZN16Class_Motor_C62029TIM_PID_PeriodElapsedCallbackEv  dvc_motor.o
    0x08002a40   0x08002a40   0x00000050   Code   RO         1087    i._ZN16Class_Motor_C6204InitEP19__CAN_HandleTypeDef17Enum_CAN_Motor_ID19Enum_Control_Methodff  dvc_motor.o
    0x08002a90   0x08002a90   0x00000026   Code   RO         1088    i._ZN16Class_Motor_C6206OutputEv  dvc_motor.o
    0x08002ab6   0x08002ab6   0x00000006   Code   RO         1090    i._ZN16Class_Motor_C6207Set_OutEf  dvc_motor.o
    0x08002abc   0x08002abc   0x00000006   Code   RO          955    i._ZN16Class_Serialplot18Get_Variable_IndexEv  dvc_serialplot.o
    0x08002ac2   0x08002ac2   0x0000000e   Code   RO          956    i._ZN16Class_Serialplot18Get_Variable_ValueEv  dvc_serialplot.o
    0x08002ad0   0x08002ad0   0x0000005a   Code   RO          957    i._ZN16Class_Serialplot19Judge_Variable_NameEv  dvc_serialplot.o
    0x08002b2a   0x08002b2a   0x00000016   Code   RO          958    i._ZN16Class_Serialplot19UART_RxCpltCallbackEPh  dvc_serialplot.o
    0x08002b40   0x08002b40   0x0000009c   Code   RO          959    i._ZN16Class_Serialplot20Judge_Variable_ValueEi  dvc_serialplot.o
    0x08002bdc   0x08002bdc   0x00000004   Code   RO          960    i._ZN16Class_Serialplot31TIM_Write_PeriodElapsedCallbackEv  dvc_serialplot.o
    0x08002be0   0x08002be0   0x000000b4   Code   RO          961    i._ZN16Class_Serialplot4InitEP20__UART_HandleTypeDefhPPc25Enum_Serialplot_Data_Typeh  dvc_serialplot.o
    0x08002c94   0x08002c94   0x000000c4   Code   RO          962    i._ZN16Class_Serialplot6OutputEv  dvc_serialplot.o
    0x08002d58   0x08002d58   0x00000034   Code   RO          963    i._ZN16Class_Serialplot8Set_DataEhz  dvc_serialplot.o
    0x08002d8c   0x08002d8c   0x0000002a   Code   RO         2433    i._ZN41_INTERNAL_19_stm32f4xx_hal_dma_c_c25f65ec13DMA_SetConfigEP19__DMA_HandleTypeDefjjj  stm32f4xx_hal_dma.o
    0x08002db6   0x08002db6   0x00000078   Code   RO         2434    i._ZN41_INTERNAL_19_stm32f4xx_hal_dma_c_c25f65ec18DMA_CheckFifoParamEP19__DMA_HandleTypeDef  stm32f4xx_hal_dma.o
    0x08002e2e   0x08002e2e   0x00000002   PAD
    0x08002e30   0x08002e30   0x0000002c   Code   RO         2435    i._ZN41_INTERNAL_19_stm32f4xx_hal_dma_c_c25f65ec23DMA_CalcBaseAndBitshiftEP19__DMA_HandleTypeDef  stm32f4xx_hal_dma.o
    0x08002e5c   0x08002e5c   0x0000004a   Code   RO         3302    i._ZN42_INTERNAL_20_stm32f4xx_hal_uart_c_d497114f13UART_DMAErrorEP19__DMA_HandleTypeDef  stm32f4xx_hal_uart.o
    0x08002ea6   0x08002ea6   0x00000002   PAD
    0x08002ea8   0x08002ea8   0x00000114   Code   RO         3303    i._ZN42_INTERNAL_20_stm32f4xx_hal_uart_c_d497114f14UART_SetConfigEP20__UART_HandleTypeDef  stm32f4xx_hal_uart.o
    0x08002fbc   0x08002fbc   0x000000c6   Code   RO         3304    i._ZN42_INTERNAL_20_stm32f4xx_hal_uart_c_d497114f15UART_Receive_ITEP20__UART_HandleTypeDef  stm32f4xx_hal_uart.o
    0x08003082   0x08003082   0x0000005e   Code   RO         3305    i._ZN42_INTERNAL_20_stm32f4xx_hal_uart_c_d497114f16UART_Transmit_ITEP20__UART_HandleTypeDef  stm32f4xx_hal_uart.o
    0x080030e0   0x080030e0   0x0000001a   Code   RO         3306    i._ZN42_INTERNAL_20_stm32f4xx_hal_uart_c_d497114f18UART_DMARxHalfCpltEP19__DMA_HandleTypeDef  stm32f4xx_hal_uart.o
    0x080030fa   0x080030fa   0x0000000a   Code   RO         3307    i._ZN42_INTERNAL_20_stm32f4xx_hal_uart_c_d497114f18UART_DMATxHalfCpltEP19__DMA_HandleTypeDef  stm32f4xx_hal_uart.o
    0x08003104   0x08003104   0x0000004e   Code   RO         3308    i._ZN42_INTERNAL_20_stm32f4xx_hal_uart_c_d497114f18UART_EndRxTransferEP20__UART_HandleTypeDef  stm32f4xx_hal_uart.o
    0x08003152   0x08003152   0x0000001c   Code   RO         3309    i._ZN42_INTERNAL_20_stm32f4xx_hal_uart_c_d497114f18UART_EndTxTransferEP20__UART_HandleTypeDef  stm32f4xx_hal_uart.o
    0x0800316e   0x0800316e   0x00000082   Code   RO         3310    i._ZN42_INTERNAL_20_stm32f4xx_hal_uart_c_d497114f19UART_DMAReceiveCpltEP19__DMA_HandleTypeDef  stm32f4xx_hal_uart.o
    0x080031f0   0x080031f0   0x0000001a   Code   RO         3311    i._ZN42_INTERNAL_20_stm32f4xx_hal_uart_c_d497114f19UART_EndTransmit_ITEP20__UART_HandleTypeDef  stm32f4xx_hal_uart.o
    0x0800320a   0x0800320a   0x00000010   Code   RO         3312    i._ZN42_INTERNAL_20_stm32f4xx_hal_uart_c_d497114f20UART_DMAAbortOnErrorEP19__DMA_HandleTypeDef  stm32f4xx_hal_uart.o
    0x0800321a   0x0800321a   0x00000042   Code   RO         3313    i._ZN42_INTERNAL_20_stm32f4xx_hal_uart_c_d497114f20UART_DMATransmitCpltEP19__DMA_HandleTypeDef  stm32f4xx_hal_uart.o
    0x0800325c   0x0800325c   0x00000020   Code   RO         2778    i._ZN44_INTERNAL_22_stm32f4xx_hal_cortex_c_2992dbc018__NVIC_SetPriorityE9IRQn_Typej  stm32f4xx_hal_cortex.o
    0x0800327c   0x0800327c   0x00000006   Code   RO          836    i._ZN9Class_PID10Set_TargetEf  alg_pid.o
    0x08003282   0x08003282   0x00000002   PAD
    0x08003284   0x08003284   0x000001d4   Code   RO          844    i._ZN9Class_PID32TIM_Adjust_PeriodElapsedCallbackEv  alg_pid.o
    0x08003458   0x08003458   0x00000030   Code   RO          845    i._ZN9Class_PID4InitEfffffffffff16Enum_PID_D_First  alg_pid.o
    0x08003488   0x08003488   0x00000006   Code   RO          846    i._ZN9Class_PID7Get_OutEv  alg_pid.o
    0x0800348e   0x0800348e   0x00000006   Code   RO          847    i._ZN9Class_PID7Set_K_DEf  alg_pid.o
    0x08003494   0x08003494   0x00000006   Code   RO          849    i._ZN9Class_PID7Set_K_IEf  alg_pid.o
    0x0800349a   0x0800349a   0x00000006   Code   RO          850    i._ZN9Class_PID7Set_K_PEf  alg_pid.o
    0x080034a0   0x080034a0   0x00000006   Code   RO          851    i._ZN9Class_PID7Set_NowEf  alg_pid.o
    0x080034a6   0x080034a6   0x00000002   PAD
    0x080034a8   0x080034a8   0x00000050   Code   RO           68    i._ZN9Class_PIDC1Ev  main.o
    0x080034f8   0x080034f8   0x00000026   Code   RO         3834    i.__ARM_fpclassifyf  m_wm.l(fpclassifyf.o)
    0x0800351e   0x0800351e   0x00000002   PAD
    0x08003520   0x08003520   0x00000664   Code   RO         3745    i.__hardfp_powf     m_wm.l(powf.o)
    0x08003b84   0x08003b84   0x00000014   Code   RO         3836    i.__mathlib_flt_divzero  m_wm.l(funder.o)
    0x08003b98   0x08003b98   0x00000006   Code   RO         3838    i.__mathlib_flt_infnan2  m_wm.l(funder.o)
    0x08003b9e   0x08003b9e   0x00000002   PAD
    0x08003ba0   0x08003ba0   0x00000010   Code   RO         3839    i.__mathlib_flt_invalid  m_wm.l(funder.o)
    0x08003bb0   0x08003bb0   0x00000010   Code   RO         3840    i.__mathlib_flt_overflow  m_wm.l(funder.o)
    0x08003bc0   0x08003bc0   0x00000010   Code   RO         3842    i.__mathlib_flt_underflow  m_wm.l(funder.o)
    0x08003bd0   0x08003bd0   0x00000090   Code   RO           17    i.__sti___6_main_c_18ce1bfb  main.o
    0x08003c60   0x08003c60   0x000001ec   Code   RO           18    i.main              main.o
    0x08003e4c   0x08003e4c   0x00000024   Code   RO          935    t._Z14Math_ConstrainIfEvPT_S0_S0_  alg_pid.o
    0x08003e70   0x08003e70   0x00000010   Code   RO          816    t._Z8Math_AbsIfET_S0_  drv_math.o
    0x08003e80   0x08003e80   0x00000062   Code   RO         3741    x$fpl$d2f           fz_wm.l(d2f.o)
    0x08003ee2   0x08003ee2   0x0000009c   Code   RO         3823    x$fpl$dnaninf       fz_wm.l(dnaninf.o)
    0x08003f7e   0x08003f7e   0x0000000c   Code   RO         3825    x$fpl$dretinf       fz_wm.l(dretinf.o)
    0x08003f8a   0x08003f8a   0x00000002   PAD
    0x08003f8c   0x08003f8c   0x00000056   Code   RO         3743    x$fpl$f2d           fz_wm.l(f2d.o)
    0x08003fe2   0x08003fe2   0x0000008c   Code   RO         3827    x$fpl$fnaninf       fz_wm.l(fnaninf.o)
    0x0800406e   0x0800406e   0x0000000a   Code   RO         3877    x$fpl$fpinit        fz_wm.l(fpinit.o)
    0x08004078   0x08004078   0x0000000a   Code   RO         3829    x$fpl$fretinf       fz_wm.l(fretinf.o)
    0x08004082   0x08004082   0x00000000   Code   RO         3833    x$fpl$usenofp       fz_wm.l(usenofp.o)
    0x08004082   0x08004082   0x00000008   Data   RO         2451    .constdata          stm32f4xx_hal_dma.o
    0x0800408a   0x0800408a   0x00000010   Data   RO         3690    .constdata          system_stm32f4xx.o
    0x0800409a   0x0800409a   0x00000008   Data   RO         3691    .constdata          system_stm32f4xx.o
    0x080040a2   0x080040a2   0x00000002   PAD
    0x080040a4   0x080040a4   0x00000140   Data   RO         3748    .constdata          m_wm.l(powf.o)
    0x080041e4   0x080041e4   0x00000020   Data   RO         3973    Region$$Table       anon$$obj.o
    0x08004204   0x08004204   0x00000004   Data   RO           27    .init_array         main.o
    0x08004208   0x08004204   0x00000000   Data   RO         3736    .init_array         c_w.l(init_aeabi.o)


    Execution Region RW_IRAM2 (Exec base: 0x10000000, Load base: 0x0800422c, Size: 0x00000000, Max: 0x00010000, ABSOLUTE)

    **** No section assigned to this execution region ****


    Execution Region RW_IRAM1 (Exec base: 0x20000000, Load base: 0x08004208, Size: 0x00001c20, Max: 0x00030000, ABSOLUTE, COMPRESSED[0x00000024])

    Exec Addr    Load Addr    Size         Type   Attr      Idx    E Section Name        Object

    0x20000000   COMPRESSED   0x0000026c   Data   RW           26    .data               main.o
    0x2000026c   COMPRESSED   0x0000000c   Data   RW          699    .data               drv_can.o
    0x20000278   COMPRESSED   0x00000008   Data   RW          700    .data               drv_can.o
    0x20000280   COMPRESSED   0x00000008   Data   RW          701    .data               drv_can.o
    0x20000288   COMPRESSED   0x0000000c   Data   RW         2972    .data               stm32f4xx_hal.o
    0x20000294   COMPRESSED   0x00000004   Data   RW         3692    .data               system_stm32f4xx.o
    0x20000298        -       0x00000140   Zero   RW           25    .bss                main.o
    0x200003d8        -       0x00000028   Zero   RW          256    .bss                can.o
    0x20000400        -       0x00000104   Zero   RW          326    .bss                usart.o
    0x20000504        -       0x00001060   Zero   RW          641    .bss                drv_uart.o
    0x20001564        -       0x00000058   Zero   RW          698    .bss                drv_can.o
    0x200015bc        -       0x00000060   Zero   RW         3880    .bss                c_w.l(libspace.o)
    0x2000161c   COMPRESSED   0x00000004   PAD
    0x20001620        -       0x00000200   Zero   RW            2    HEAP                startup_stm32f427xx.o
    0x20001820        -       0x00000400   Zero   RW            1    STACK               startup_stm32f427xx.o


==============================================================================

Image component sizes


      Code (inc. data)   RO Data    RW Data    ZI Data      Debug   Object Name

       588          4          0          0          0       5773   alg_pid.o
       204         22          0          0         40       1773   can.o
        60          4          0          0          0        826   dma.o
       364         78          0          0          0       7483   drv_bsp.o
       450         48          0         28         88       5891   drv_can.o
        16          0          0          0          0        535   drv_math.o
       680        138          0          0       4192       4966   drv_uart.o
       682         60          0          0          0     625048   dvc_motor.o
       720         70          0          0          0       9319   dvc_serialplot.o
       112         10          0          0          0        963   gpio.o
      1124        122          4        620        320     733804   main.o
        64         26        428          0       1536        856   startup_stm32f427xx.o
       184         28          0         12          0       9677   stm32f4xx_hal.o
      1732          6          0          0          0      13520   stm32f4xx_hal_can.o
       198         14          0          0          0      34123   stm32f4xx_hal_cortex.o
      1170         14          8          0          0       7626   stm32f4xx_hal_dma.o
       506         52          0          0          0       2380   stm32f4xx_hal_gpio.o
        48          6          0          0          0        894   stm32f4xx_hal_msp.o
       116         12          0          0          0       1364   stm32f4xx_hal_pwr_ex.o
      1476         80          0          0          0       6440   stm32f4xx_hal_rcc.o
      2082         44          0          0          0      17375   stm32f4xx_hal_uart.o
        80         30          0          0          0       6686   stm32f4xx_it.o
        16          4         24          4          0       1187   system_stm32f4xx.o
       284         28          0          0        260       1956   usart.o

    ----------------------------------------------------------------------
     12990        900        498        664       6436    1500465   Object Totals
         0          0         32          0          0          0   (incl. Generated)
        34          0          2          0          0          0   (incl. Padding)

    ----------------------------------------------------------------------

      Code (inc. data)   RO Data    RW Data    ZI Data      Debug   Library Member Name

        58          0          0          0          0          0   __dczerorl.o
         8          0          0          0          0         68   __main.o
         0          0          0          0          0          0   __rtentry.o
        12          0          0          0          0          0   __rtentry2.o
         6          0          0          0          0          0   __rtentry4.o
        52          8          0          0          0          0   __scatter.o
        28          0          0          0          0          0   __scatter_zi.o
        22          0          0          0          0        100   _rserrno.o
        18          0          0          0          0         80   exit.o
         6          0          0          0          0        152   heapauxi.o
         0          0          0          0          0          0   indicate_semi.o
        36         10          0          0          0         80   init_aeabi.o
         2          0          0          0          0          0   libinit.o
        10          0          0          0          0          0   libinit2.o
         2          0          0          0          0          0   libshutdown.o
         2          0          0          0          0          0   libshutdown2.o
         8          4          0          0         96         68   libspace.o
       238          0          0          0          0        100   lludivv7m.o
         8          4          0          0          0         68   rt_errno_addr_intlibspace.o
        78          0          0          0          0         80   rt_memclr_w.o
         2          0          0          0          0          0   rtexit.o
        10          0          0          0          0          0   rtexit2.o
       128          0          0          0          0         68   strcmpv7m.o
        12          4          0          0          0         68   sys_exit.o
        74          0          0          0          0         80   sys_stackheap_outer.o
         2          0          0          0          0         68   use_no_semi.o
        98          4          0          0          0        140   d2f.o
       156          4          0          0          0        140   dnaninf.o
        12          0          0          0          0        116   dretinf.o
        86          4          0          0          0        132   f2d.o
       140          4          0          0          0        132   fnaninf.o
        10          0          0          0          0        116   fpinit.o
        10          0          0          0          0        116   fretinf.o
         0          0          0          0          0          0   usenofp.o
        38          0          0          0          0        116   fpclassifyf.o
        74         24          0          0          0        580   funder.o
      1636        110        320          0          0        372   powf.o

    ----------------------------------------------------------------------
      3096        180        320          0        100       3040   Library Totals
        14          0          0          0          4          0   (incl. Padding)

    ----------------------------------------------------------------------

      Code (inc. data)   RO Data    RW Data    ZI Data      Debug   Library Name

       822         30          0          0         96       1080   c_w.l
       512         16          0          0          0        892   fz_wm.l
      1748        134        320          0          0       1068   m_wm.l

    ----------------------------------------------------------------------
      3096        180        320          0        100       3040   Library Totals

    ----------------------------------------------------------------------

==============================================================================


      Code (inc. data)   RO Data    RW Data    ZI Data      Debug   

     16086       1080        818        664       6536    1487937   Grand Totals
     16086       1080        818         36       6536    1487937   ELF Image Totals (compressed)
     16086       1080        818         36          0          0   ROM Totals

==============================================================================

    Total RO  Size (Code + RO Data)                16904 (  16.51kB)
    Total RW  Size (RW Data + ZI Data)              7200 (   7.03kB)
    Total ROM Size (Code + RO Data + RW Data)      16940 (  16.54kB)

==============================================================================

