Component: ARM Compiler 5.06 update 5 (build 528) Tool: armlink [4d35e2]

==============================================================================

Section Cross References

    startup_stm32f427xx.o(STACK) refers (Special) to heapauxi.o(.text) for __use_two_region_memory
    startup_stm32f427xx.o(HEAP) refers (Special) to heapauxi.o(.text) for __use_two_region_memory
    startup_stm32f427xx.o(RESET) refers (Special) to heapauxi.o(.text) for __use_two_region_memory
    startup_stm32f427xx.o(RESET) refers to startup_stm32f427xx.o(STACK) for __initial_sp
    startup_stm32f427xx.o(RESET) refers to startup_stm32f427xx.o(.text) for Reset_Handler
    startup_stm32f427xx.o(RESET) refers to stm32f4xx_it.o(i.NMI_Handler) for NMI_Handler
    startup_stm32f427xx.o(RESET) refers to stm32f4xx_it.o(i.HardFault_Handler) for HardFault_Handler
    startup_stm32f427xx.o(RESET) refers to stm32f4xx_it.o(i.MemManage_Handler) for MemManage_Handler
    startup_stm32f427xx.o(RESET) refers to stm32f4xx_it.o(i.BusFault_Handler) for BusFault_Handler
    startup_stm32f427xx.o(RESET) refers to stm32f4xx_it.o(i.UsageFault_Handler) for UsageFault_Handler
    startup_stm32f427xx.o(RESET) refers to stm32f4xx_it.o(i.SVC_Handler) for SVC_Handler
    startup_stm32f427xx.o(RESET) refers to stm32f4xx_it.o(i.DebugMon_Handler) for DebugMon_Handler
    startup_stm32f427xx.o(RESET) refers to stm32f4xx_it.o(i.PendSV_Handler) for PendSV_Handler
    startup_stm32f427xx.o(RESET) refers to stm32f4xx_it.o(i.SysTick_Handler) for SysTick_Handler
    startup_stm32f427xx.o(RESET) refers to stm32f4xx_it.o(i.DMA1_Stream5_IRQHandler) for DMA1_Stream5_IRQHandler
    startup_stm32f427xx.o(RESET) refers to stm32f4xx_it.o(i.DMA1_Stream6_IRQHandler) for DMA1_Stream6_IRQHandler
    startup_stm32f427xx.o(RESET) refers to stm32f4xx_it.o(i.CAN1_RX0_IRQHandler) for CAN1_RX0_IRQHandler
    startup_stm32f427xx.o(RESET) refers to stm32f4xx_it.o(i.CAN1_RX1_IRQHandler) for CAN1_RX1_IRQHandler
    startup_stm32f427xx.o(RESET) refers to stm32f4xx_it.o(i.USART2_IRQHandler) for USART2_IRQHandler
    startup_stm32f427xx.o(.text) refers (Special) to heapauxi.o(.text) for __use_two_region_memory
    startup_stm32f427xx.o(.text) refers to system_stm32f4xx.o(i.SystemInit) for SystemInit
    startup_stm32f427xx.o(.text) refers to __main.o(!!!main) for __main
    startup_stm32f427xx.o(.text) refers to startup_stm32f427xx.o(HEAP) for Heap_Mem
    startup_stm32f427xx.o(.text) refers to startup_stm32f427xx.o(STACK) for Stack_Mem
    gpio.o(i.MX_GPIO_Init) refers to rt_memclr_w.o(.text) for __aeabi_memclr4
    gpio.o(i.MX_GPIO_Init) refers to stm32f4xx_hal_gpio.o(i.HAL_GPIO_Init) for HAL_GPIO_Init
    gpio.o(.ARM.exidx) refers to gpio.o(i.MX_GPIO_Init) for i.MX_GPIO_Init
    can.o(i.HAL_CAN_MspDeInit) refers to stm32f4xx_hal_gpio.o(i.HAL_GPIO_DeInit) for HAL_GPIO_DeInit
    can.o(i.HAL_CAN_MspDeInit) refers to stm32f4xx_hal_cortex.o(i.HAL_NVIC_DisableIRQ) for HAL_NVIC_DisableIRQ
    can.o(i.HAL_CAN_MspInit) refers to rt_memclr_w.o(.text) for __aeabi_memclr4
    can.o(i.HAL_CAN_MspInit) refers to stm32f4xx_hal_gpio.o(i.HAL_GPIO_Init) for HAL_GPIO_Init
    can.o(i.HAL_CAN_MspInit) refers to stm32f4xx_hal_cortex.o(i.HAL_NVIC_SetPriority) for HAL_NVIC_SetPriority
    can.o(i.HAL_CAN_MspInit) refers to stm32f4xx_hal_cortex.o(i.HAL_NVIC_EnableIRQ) for HAL_NVIC_EnableIRQ
    can.o(i.MX_CAN1_Init) refers to stm32f4xx_hal_can.o(i.HAL_CAN_Init) for HAL_CAN_Init
    can.o(i.MX_CAN1_Init) refers to main.o(i.Error_Handler) for Error_Handler
    can.o(i.MX_CAN1_Init) refers to can.o(.bss) for hcan1
    can.o(.ARM.exidx) refers to can.o(i.MX_CAN1_Init) for i.MX_CAN1_Init
    can.o(.ARM.exidx) refers to can.o(i.HAL_CAN_MspInit) for i.HAL_CAN_MspInit
    can.o(.ARM.exidx) refers to can.o(i.HAL_CAN_MspDeInit) for i.HAL_CAN_MspDeInit
    dma.o(i.MX_DMA_Init) refers to stm32f4xx_hal_cortex.o(i.HAL_NVIC_SetPriority) for HAL_NVIC_SetPriority
    dma.o(i.MX_DMA_Init) refers to stm32f4xx_hal_cortex.o(i.HAL_NVIC_EnableIRQ) for HAL_NVIC_EnableIRQ
    dma.o(.ARM.exidx) refers to dma.o(i.MX_DMA_Init) for i.MX_DMA_Init
    usart.o(i.HAL_UART_MspDeInit) refers to stm32f4xx_hal_gpio.o(i.HAL_GPIO_DeInit) for HAL_GPIO_DeInit
    usart.o(i.HAL_UART_MspDeInit) refers to stm32f4xx_hal_dma.o(i.HAL_DMA_DeInit) for HAL_DMA_DeInit
    usart.o(i.HAL_UART_MspDeInit) refers to stm32f4xx_hal_cortex.o(i.HAL_NVIC_DisableIRQ) for HAL_NVIC_DisableIRQ
    usart.o(i.HAL_UART_MspInit) refers to rt_memclr_w.o(.text) for __aeabi_memclr4
    usart.o(i.HAL_UART_MspInit) refers to stm32f4xx_hal_gpio.o(i.HAL_GPIO_Init) for HAL_GPIO_Init
    usart.o(i.HAL_UART_MspInit) refers to stm32f4xx_hal_dma.o(i.HAL_DMA_Init) for HAL_DMA_Init
    usart.o(i.HAL_UART_MspInit) refers to main.o(i.Error_Handler) for Error_Handler
    usart.o(i.HAL_UART_MspInit) refers to stm32f4xx_hal_cortex.o(i.HAL_NVIC_SetPriority) for HAL_NVIC_SetPriority
    usart.o(i.HAL_UART_MspInit) refers to stm32f4xx_hal_cortex.o(i.HAL_NVIC_EnableIRQ) for HAL_NVIC_EnableIRQ
[...]
    i.USART2_IRQHandler                      0x08002828   Section        0  stm32f4xx_it.o(i.USART2_IRQHandler)
    i.UsageFault_Handler                     0x08002838   Section        0  stm32f4xx_it.o(i.UsageFault_Handler)
    i._Z10move_frontf                        0x0800283c   Section        0  main.o(i._Z10move_frontf)
    i._Z10move_rightf                        0x08002860   Section        0  main.o(i._Z10move_rightf)
    i._Z10turn_rightf                        0x08002884   Section        0  main.o(i._Z10turn_rightf)
    i._Z13CAN_Send_DataP17CAN_HandleTypeDeftPht 0x080028a8   Section        0  drv_can.o(i._Z13CAN_Send_DataP17CAN_HandleTypeDeftPht)
    i._Z14Direction_Initv                    0x080028d0   Section        0  main.o(i._Z14Direction_Initv)
    i._Z16allocate_tx_dataP17CAN_HandleTypeDef17Enum_CAN_Motor_ID 0x080028e0   Section        0  dvc_motor.o(i._Z16allocate_tx_dataP17CAN_HandleTypeDef17Enum_CAN_Motor_ID)
    i._Z18SystemClock_Configv                0x0800294c   Section        0  main.o(i._Z18SystemClock_Configv)
    i._Z19CAN_Motor_Call_BackP20Struct_CAN_Rx_Buffer 0x08002a08   Section        0  main.o(i._Z19CAN_Motor_Call_BackP20Struct_CAN_Rx_Buffer)
    i._Z22CAN_Filter_Mask_ConfigP17CAN_HandleTypeDefhjj 0x08002a68   Section        0  drv_can.o(i._Z22CAN_Filter_Mask_ConfigP17CAN_HandleTypeDefhjj)
    i._Z25UART_Serialplot_Call_BackPht       0x08002ad8   Section        0  main.o(i._Z25UART_Serialplot_Call_BackPht)
    i._Z29TIM_CAN_PeriodElapsedCallbackv     0x0800302c   Section        0  drv_can.o(i._Z29TIM_CAN_PeriodElapsedCallbackv)
    i._Z4stopf                               0x08003060   Section        0  main.o(i._Z4stopf)
    i._Z8CAN_InitP17CAN_HandleTypeDefPFvP20Struct_CAN_Rx_BufferE 0x08003084   Section        0  drv_can.o(i._Z8CAN_InitP17CAN_HandleTypeDefPFvP20Struct_CAN_Rx_BufferE)
    i._Z9UART_InitP20__UART_HandleTypeDefPFvPhtEt 0x08003108   Section        0  drv_uart.o(i._Z9UART_InitP20__UART_HandleTypeDefPFvPhtEt)
    i._Z9move_backf                          0x08003218   Section        0  main.o(i._Z9move_backf)
    i._Z9move_leftf                          0x0800323c   Section        0  main.o(i._Z9move_leftf)
    i._Z9omni_movefff                        0x08003260   Section        0  main.o(i._Z9omni_movefff)
    i._Z9turn_leftf                          0x080034b8   Section        0  main.o(i._Z9turn_leftf)
    i._ZN16Class_Motor_C62016Set_Target_OmegaEf 0x080034dc   Section        0  dvc_motor.o(i._ZN16Class_Motor_C62016Set_Target_OmegaEf)
    i._ZN16Class_Motor_C62018CAN_RxCpltCallbackEPh 0x080034e4   Section        0  dvc_motor.o(i._ZN16Class_Motor_C62018CAN_RxCpltCallbackEPh)
    i._ZN16Class_Motor_C62029TIM_PID_PeriodElapsedCallbackEv 0x080035c8   Section        0  dvc_motor.o(i._ZN16Class_Motor_C62029TIM_PID_PeriodElapsedCallbackEv)
    i._ZN16Class_Motor_C6204InitEP17CAN_HandleTypeDef17Enum_CAN_Motor_ID19Enum_Control_Methodff 0x080036f8   Section        0  dvc_motor.o(i._ZN16Class_Motor_C6204InitEP17CAN_HandleTypeDef17Enum_CAN_Motor_ID19Enum_Control_Methodff)
    i._ZN16Class_Motor_C6206OutputEv         0x08003750   Section        0  dvc_motor.o(i._ZN16Class_Motor_C6206OutputEv)
    i._ZN16Class_Motor_C6207Set_OutEf        0x08003778   Section        0  dvc_motor.o(i._ZN16Class_Motor_C6207Set_OutEf)
    i._ZN16Class_Motor_C620C1Ev              0x08003780   Section        0  main.o(i._ZN16Class_Motor_C620C1Ev)
    i._ZN16Class_Serialplot18Get_Variable_IndexEv 0x0800381c   Section        0  dvc_serialplot.o(i._ZN16Class_Serialplot18Get_Variable_IndexEv)
    i._ZN16Class_Serialplot18Get_Variable_ValueEv 0x08003824   Section        0  dvc_serialplot.o(i._ZN16Class_Serialplot18Get_Variable_ValueEv)
    i._ZN16Class_Serialplot19Judge_Variable_NameEv 0x0800383c   Section        0  dvc_serialplot.o(i._ZN16Class_Serialplot19Judge_Variable_NameEv)
    i._ZN16Class_Serialplot19UART_RxCpltCallbackEPh 0x0800389c   Section        0  dvc_serialplot.o(i._ZN16Class_Serialplot19UART_RxCpltCallbackEPh)
    i._ZN16Class_Serialplot20Judge_Variable_ValueEi 0x080038b4   Section        0  dvc_serialplot.o(i._ZN16Class_Serialplot20Judge_Variable_ValueEi)
    i._ZN16Class_Serialplot4InitEP20__UART_HandleTypeDefhPPc25Enum_Serialplot_Data_Typeh 0x08003990   Section        0  dvc_serialplot.o(i._ZN16Class_Serialplot4InitEP20__UART_HandleTypeDefhPPc25Enum_Serialplot_Data_Typeh)
    i._ZN41_INTERNAL_19_stm32f4xx_hal_dma_c_c25f65ec13DMA_SetConfigEP19__DMA_HandleTypeDefjjj 0x08003a28   Section        0  stm32f4xx_hal_dma.o(i._ZN41_INTERNAL_19_stm32f4xx_hal_dma_c_c25f65ec13DMA_SetConfigEP19__DMA_HandleTypeDefjjj)
    [local to stm32f4xx_hal_dma_c]::DMA_SetConfig(__DMA_HandleTypeDef*, unsigned, unsigned, unsigned) 0x08003a29   Thumb Code    44  stm32f4xx_hal_dma.o(i._ZN41_INTERNAL_19_stm32f4xx_hal_dma_c_c25f65ec13DMA_SetConfigEP19__DMA_HandleTypeDefjjj)
    i._ZN41_INTERNAL_19_stm32f4xx_hal_dma_c_c25f65ec18DMA_CheckFifoParamEP19__DMA_HandleTypeDef 0x08003a54   Section        0  stm32f4xx_hal_dma.o(i._ZN41_INTERNAL_19_stm32f4xx_hal_dma_c_c25f65ec18DMA_CheckFifoParamEP19__DMA_HandleTypeDef)
    [local to stm32f4xx_hal_dma_c]::DMA_CheckFifoParam(__DMA_HandleTypeDef*) 0x08003a55   Thumb Code   170  stm32f4xx_hal_dma.o(i._ZN41_INTERNAL_19_stm32f4xx_hal_dma_c_c25f65ec18DMA_CheckFifoParamEP19__DMA_HandleTypeDef)
    i._ZN41_INTERNAL_19_stm32f4xx_hal_dma_c_c25f65ec23DMA_CalcBaseAndBitshiftEP19__DMA_HandleTypeDef 0x08003b00   Section        0  stm32f4xx_hal_dma.o(i._ZN41_INTERNAL_19_stm32f4xx_hal_dma_c_c25f65ec23DMA_CalcBaseAndBitshiftEP19__DMA_HandleTypeDef)
    [local to stm32f4xx_hal_dma_c]::DMA_CalcBaseAndBitshift(__DMA_HandleTypeDef*) 0x08003b01   Thumb Code    46  stm32f4xx_hal_dma.o(i._ZN41_INTERNAL_19_stm32f4xx_hal_dma_c_c25f65ec23DMA_CalcBaseAndBitshiftEP19__DMA_HandleTypeDef)
    i._ZN42_INTERNAL_20_stm32f4xx_hal_uart_c_d497114f13UART_DMAErrorEP19__DMA_HandleTypeDef 0x08003b34   Section        0  stm32f4xx_hal_uart.o(i._ZN42_INTERNAL_20_stm32f4xx_hal_uart_c_d497114f13UART_DMAErrorEP19__DMA_HandleTypeDef)
    [local to stm32f4xx_hal_uart_c]::UART_DMAError(__DMA_HandleTypeDef*) 0x08003b35   Thumb Code    80  stm32f4xx_hal_uart.o(i._ZN42_INTERNAL_20_stm32f4xx_hal_uart_c_d497114f13UART_DMAErrorEP19__DMA_HandleTypeDef)
    i._ZN42_INTERNAL_20_stm32f4xx_hal_uart_c_d497114f14UART_SetConfigEP20__UART_HandleTypeDef 0x08003b84   Section        0  stm32f4xx_hal_uart.o(i._ZN42_INTERNAL_20_stm32f4xx_hal_uart_c_d497114f14UART_SetConfigEP20__UART_HandleTypeDef)
    [local to stm32f4xx_hal_uart_c]::UART_SetConfig(__UART_HandleTypeDef*) 0x08003b85   Thumb Code   546  stm32f4xx_hal_uart.o(i._ZN42_INTERNAL_20_stm32f4xx_hal_uart_c_d497114f14UART_SetConfigEP20__UART_HandleTypeDef)
    i._ZN42_INTERNAL_20_stm32f4xx_hal_uart_c_d497114f15UART_Receive_ITEP20__UART_HandleTypeDef 0x08003db0   Section        0  stm32f4xx_hal_uart.o(i._ZN42_INTERNAL_20_stm32f4xx_hal_uart_c_d497114f15UART_Receive_ITEP20__UART_HandleTypeDef)
    [local to stm32f4xx_hal_uart_c]::UART_Receive_IT(__UART_HandleTypeDef*) 0x08003db1   Thumb Code   252  stm32f4xx_hal_uart.o(i._ZN42_INTERNAL_20_stm32f4xx_hal_uart_c_d497114f15UART_Receive_ITEP20__UART_HandleTypeDef)
    i._ZN42_INTERNAL_20_stm32f4xx_hal_uart_c_d497114f16UART_Transmit_ITEP20__UART_HandleTypeDef 0x08003eac   Section        0  stm32f4xx_hal_uart.o(i._ZN42_INTERNAL_20_stm32f4xx_hal_uart_c_d497114f16UART_Transmit_ITEP20__UART_HandleTypeDef)
    [local to stm32f4xx_hal_uart_c]::UART_Transmit_IT(__UART_HandleTypeDef*) 0x08003ead   Thumb Code    96  stm32f4xx_hal_uart.o(i._ZN42_INTERNAL_20_stm32f4xx_hal_uart_c_d497114f16UART_Transmit_ITEP20__UART_HandleTypeDef)
    i._ZN42_INTERNAL_20_stm32f4xx_hal_uart_c_d497114f18UART_DMARxHalfCpltEP19__DMA_HandleTypeDef 0x08003f0c   Section        0  stm32f4xx_hal_uart.o(i._ZN42_INTERNAL_20_stm32f4xx_hal_uart_c_d497114f18UART_DMARxHalfCpltEP19__DMA_HandleTypeDef)
    [local to stm32f4xx_hal_uart_c]::UART_DMARxHalfCplt(__DMA_HandleTypeDef*) 0x08003f0d   Thumb Code    36  stm32f4xx_hal_uart.o(i._ZN42_INTERNAL_20_stm32f4xx_hal_uart_c_d497114f18UART_DMARxHalfCpltEP19__DMA_HandleTypeDef)
    i._ZN42_INTERNAL_20_stm32f4xx_hal_uart_c_d497114f18UART_EndRxTransferEP20__UART_HandleTypeDef 0x08003f30   Section        0  stm32f4xx_hal_uart.o(i._ZN42_INTERNAL_20_stm32f4xx_hal_uart_c_d497114f18UART_EndRxTransferEP20__UART_HandleTypeDef)
    [local to stm32f4xx_hal_uart_c]::UART_EndRxTransfer(__UART_HandleTypeDef*) 0x08003f31   Thumb Code   108  stm32f4xx_hal_uart.o(i._ZN42_INTERNAL_20_stm32f4xx_hal_uart_c_d497114f18UART_EndRxTransferEP20__UART_HandleTypeDef)
    i._ZN42_INTERNAL_20_stm32f4xx_hal_uart_c_d497114f18UART_EndTxTransferEP20__UART_HandleTypeDef 0x08003f9c   Section        0  stm32f4xx_hal_uart.o(i._ZN42_INTERNAL_20_stm32f4xx_hal_uart_c_d497114f18UART_EndTxTransferEP20__UART_HandleTypeDef)
    [local to stm32f4xx_hal_uart_c]::UART_EndTxTransfer(__UART_HandleTypeDef*) 0x08003f9d   Thumb Code    38  stm32f4xx_hal_uart.o(i._ZN42_INTERNAL_20_stm32f4xx_hal_uart_c_d497114f18UART_EndTxTransferEP20__UART_HandleTypeDef)
    i._ZN42_INTERNAL_20_stm32f4xx_hal_uart_c_d497114f19UART_DMAReceiveCpltEP19__DMA_HandleTypeDef 0x08003fc2   Section        0  stm32f4xx_hal_uart.o(i._ZN42_INTERNAL_20_stm32f4xx_hal_uart_c_d497114f19UART_DMAReceiveCpltEP19__DMA_HandleTypeDef)
    [local to stm32f4xx_hal_uart_c]::UART_DMAReceiveCplt(__DMA_HandleTypeDef*) 0x08003fc3   Thumb Code   180  stm32f4xx_hal_uart.o(i._ZN42_INTERNAL_20_stm32f4xx_hal_uart_c_d497114f19UART_DMAReceiveCpltEP19__DMA_HandleTypeDef)
    i._ZN42_INTERNAL_20_stm32f4xx_hal_uart_c_d497114f19UART_EndTransmit_ITEP20__UART_HandleTypeDef 0x08004076   Section        0  stm32f4xx_hal_uart.o(i._ZN42_INTERNAL_20_stm32f4xx_hal_uart_c_d497114f19UART_EndTransmit_ITEP20__UART_HandleTypeDef)
    [local to stm32f4xx_hal_uart_c]::UART_EndTransmit_IT(__UART_HandleTypeDef*) 0x08004077   Thumb Code    32  stm32f4xx_hal_uart.o(i._ZN42_INTERNAL_20_stm32f4xx_hal_uart_c_d497114f19UART_EndTransmit_ITEP20__UART_HandleTypeDef)
    i._ZN42_INTERNAL_20_stm32f4xx_hal_uart_c_d497114f20UART_DMAAbortOnErrorEP19__DMA_HandleTypeDef 0x08004096   Section        0  stm32f4xx_hal_uart.o(i._ZN42_INTERNAL_20_stm32f4xx_hal_uart_c_d497114f20UART_DMAAbortOnErrorEP19__DMA_HandleTypeDef)
    [local to stm32f4xx_hal_uart_c]::UART_DMAAbortOnError(__DMA_HandleTypeDef*) 0x08004097   Thumb Code    18  stm32f4xx_hal_uart.o(i._ZN42_INTERNAL_20_stm32f4xx_hal_uart_c_d497114f20UART_DMAAbortOnErrorEP19__DMA_HandleTypeDef)
    i._ZN44_INTERNAL_22_stm32f4xx_hal_cortex_c_2992dbc018__NVIC_SetPriorityE9IRQn_Typej 0x080040a8   Section        0  stm32f4xx_hal_cortex.o(i._ZN44_INTERNAL_22_stm32f4xx_hal_cortex_c_2992dbc018__NVIC_SetPriorityE9IRQn_Typej)
    [local to stm32f4xx_hal_cortex_c]::__NVIC_SetPriority(IRQn_Type, unsigned) 0x080040a9   Thumb Code    32  stm32f4xx_hal_cortex.o(i._ZN44_INTERNAL_22_stm32f4xx_hal_cortex_c_2992dbc018__NVIC_SetPriorityE9IRQn_Typej)
    i._ZN44_INTERNAL_22_stm32f4xx_hal_cortex_c_2992dbc026__NVIC_GetPriorityGroupingEv 0x080040d0   Section        0  stm32f4xx_hal_cortex.o(i._ZN44_INTERNAL_22_stm32f4xx_hal_cortex_c_2992dbc026__NVIC_GetPriorityGroupingEv)
    [local to stm32f4xx_hal_cortex_c]::__NVIC_GetPriorityGrouping() 0x080040d1   Thumb Code    10  stm32f4xx_hal_cortex.o(i._ZN44_INTERNAL_22_stm32f4xx_hal_cortex_c_2992dbc026__NVIC_GetPriorityGroupingEv)
    i._ZN9Class_PID10Set_TargetEf            0x080040e0   Section        0  alg_pid.o(i._ZN9Class_PID10Set_TargetEf)
    i._ZN9Class_PID32TIM_Adjust_PeriodElapsedCallbackEv 0x080040e8   Section        0  alg_pid.o(i._ZN9Class_PID32TIM_Adjust_PeriodElapsedCallbackEv)
    i._ZN9Class_PID4InitEfffffffffff16Enum_PID_D_First 0x0800435c   Section        0  alg_pid.o(i._ZN9Class_PID4InitEfffffffffff16Enum_PID_D_First)
    i._ZN9Class_PID7Get_OutEv                0x0800438c   Section        0  alg_pid.o(i._ZN9Class_PID7Get_OutEv)
    i._ZN9Class_PID7Set_K_DEf                0x08004392   Section        0  alg_pid.o(i._ZN9Class_PID7Set_K_DEf)
    i._ZN9Class_PID7Set_K_IEf                0x08004398   Section        0  alg_pid.o(i._ZN9Class_PID7Set_K_IEf)
    i._ZN9Class_PID7Set_K_PEf                0x0800439e   Section        0  alg_pid.o(i._ZN9Class_PID7Set_K_PEf)
    i._ZN9Class_PID7Set_NowEf                0x080043a4   Section        0  alg_pid.o(i._ZN9Class_PID7Set_NowEf)
    i._ZN9Class_PIDC1Ev                      0x080043ac   Section        0  main.o(i._ZN9Class_PIDC1Ev)
    i.__ARM_fpclassifyf                      0x0800443c   Section        0  fpclassifyf.o(i.__ARM_fpclassifyf)
    i.__hardfp_powf                          0x08004464   Section        0  powf.o(i.__hardfp_powf)
    i.__mathlib_flt_divzero                  0x08004ac8   Section        0  funder.o(i.__mathlib_flt_divzero)
    i.__mathlib_flt_infnan2                  0x08004adc   Section        0  funder.o(i.__mathlib_flt_infnan2)
    i.__mathlib_flt_invalid                  0x08004ae4   Section        0  funder.o(i.__mathlib_flt_invalid)
    i.__mathlib_flt_overflow                 0x08004af4   Section        0  funder.o(i.__mathlib_flt_overflow)
    i.__mathlib_flt_underflow                0x08004b04   Section        0  funder.o(i.__mathlib_flt_underflow)
    i.__sti___6_main_c_18ce1bfb              0x08004b14   Section        0  main.o(i.__sti___6_main_c_18ce1bfb)
    __sti___6_main_c_18ce1bfb                0x08004b15   Thumb Code    48  main.o(i.__sti___6_main_c_18ce1bfb)
    i.main                                   0x08004b5c   Section        0  main.o(i.main)
    t._Z14Math_ConstrainIfEvPT_S0_S0_        0x08004d6c   Section        0  alg_pid.o(t._Z14Math_ConstrainIfEvPT_S0_S0_)
    t._Z8Math_AbsIfET_S0_                    0x08004d94   Section        0  alg_pid.o(t._Z8Math_AbsIfET_S0_)
    x$fpl$d2f                                0x08004db0   Section       98  d2f.o(x$fpl$d2f)
    $v0                                      0x08004db0   Number         0  d2f.o(x$fpl$d2f)
    x$fpl$dnaninf                            0x08004e12   Section      156  dnaninf.o(x$fpl$dnaninf)
    $v0                                      0x08004e12   Number         0  dnaninf.o(x$fpl$dnaninf)
    x$fpl$dretinf                            0x08004eae   Section       12  dretinf.o(x$fpl$dretinf)
    $v0                                      0x08004eae   Number         0  dretinf.o(x$fpl$dretinf)
    x$fpl$f2d                                0x08004ebc   Section       86  f2d.o(x$fpl$f2d)
    $v0                                      0x08004ebc   Number         0  f2d.o(x$fpl$f2d)
    x$fpl$fnaninf                            0x08004f12   Section      140  fnaninf.o(x$fpl$fnaninf)
    $v0                                      0x08004f12   Number         0  fnaninf.o(x$fpl$fnaninf)
    x$fpl$fpinit                             0x08004f9e   Section       10  fpinit.o(x$fpl$fpinit)
    $v0                                      0x08004f9e   Number         0  fpinit.o(x$fpl$fpinit)
    x$fpl$fretinf                            0x08004fa8   Section       10  fretinf.o(x$fpl$fretinf)
    $v0                                      0x08004fa8   Number         0  fretinf.o(x$fpl$fretinf)
    .constdata                               0x08004fb2   Section        8  stm32f4xx_hal_dma.o(.constdata)
    x$fpl$usenofp                            0x08004fb2   Section        0  usenofp.o(x$fpl$usenofp)
    [local to stm32f4xx_hal_dma_c]::DMA_CalcBaseAndBitshift(__DMA_HandleTypeDef*)::flagBitshiftOffset 0x08004fb2   Data           8  stm32f4xx_hal_dma.o(.constdata)
    .constdata                               0x08004fba   Section       24  system_stm32f4xx.o(.constdata)
    .constdata                               0x08004fd4   Section      320  powf.o(.constdata)
    table                                    0x08004fd4   Data         128  powf.o(.constdata)
    powersof2to1over16top                    0x08005054   Data          64  powf.o(.constdata)
    powersof2to1over16bot                    0x08005094   Data          64  powf.o(.constdata)
    powersof2to1over16all                    0x080050d4   Data          64  powf.o(.constdata)
    .init_array                              0x08005134   Section        4  main.o(.init_array)
    .init_array                              0x08005138   Section        0  init_aeabi.o(.init_array)
    .data                                    0x20000000   Section      848  main.o(.data)
    Variable_Assignment_List                 0x20000028   Data         800  main.o(.data)
    main::motion_counter                     0x2000034c   Data           4  main.o(.data)
    .data                                    0x20000350   Section        9  stm32f4xx_hal.o(.data)
    .data                                    0x2000035c   Section        4  system_stm32f4xx.o(.data)
    .data                                    0x20000360   Section       60  drv_can.o(.data)
    TIM_CAN_PeriodElapsedCallback()::mod10   0x20000398   Data           4  drv_can.o(.data)
    .bss                                     0x2000039c   Section       40  can.o(.bss)
    .bss                                     0x200003c4   Section      264  usart.o(.bss)
    .bss                                     0x200004cc   Section     1064  main.o(.bss)
    .bss                                     0x200008f4   Section       88  drv_can.o(.bss)
    .bss                                     0x2000094c   Section     4192  drv_uart.o(.bss)
    .bss                                     0x200019ac   Section       96  libspace.o(.bss)
    HEAP                                     0x20001a10   Section      512  startup_stm32f427xx.o(HEAP)
    Heap_Mem                                 0x20001a10   Data         512  startup_stm32f427xx.o(HEAP)
    STACK                                    0x20001c10   Section     1024  startup_stm32f427xx.o(STACK)
    Stack_Mem                                0x20001c10   Data        1024  startup_stm32f427xx.o(STACK)
    __initial_sp                             0x20002010   Data           0  startup_stm32f427xx.o(STACK)

    Global Symbols

    Symbol Name                              Value     Ov Type        Size  Object(Section)

    BuildAttributes$$THM_ISAv4$E$P$D$K$B$S$7EM$VFPi3$EXTD16$VFPS$VFMA$PE$A:L22UL41UL21$X:L11$S22US41US21$IEEE1$IW$USESV6$~STKCKD$USESV7$~SHL$OTIME$ROPI$IEEEX$EBA8$UX$STANDARDLIB$REQ8$PRES8$EABIv2 0x00000000   Number         0  anon$$obj.o ABSOLUTE
    __ARM_use_no_argv                        0x00000000   Number         0  main.o ABSOLUTE
    __ARM_exceptions_init                     - Undefined Weak Reference
    __alloca_initialize                       - Undefined Weak Reference
    __arm_preinit_                            - Undefined Weak Reference
    __cxa_finalize                            - Undefined Weak Reference
    __rt_locale                               - Undefined Weak Reference
    __sigvec_lookup                           - Undefined Weak Reference
    _atexit_init                              - Undefined Weak Reference
    _call_atexit_fns                          - Undefined Weak Reference
    _clock_init                               - Undefined Weak Reference
    _fp_trap_init                             - Undefined Weak Reference
    _fp_trap_shutdown                         - Undefined Weak Reference
    _get_lc_collate                           - Undefined Weak Reference
    _get_lc_ctype                             - Undefined Weak Reference
    _get_lc_monetary                          - Undefined Weak Reference
    _get_lc_numeric                           - Undefined Weak Reference
    _get_lc_time                              - Undefined Weak Reference
    _getenv_init                              - Undefined Weak Reference
    _handle_redirection                       - Undefined Weak Reference
    _init_alloc                               - Undefined Weak Reference
    _init_user_alloc                          - Undefined Weak Reference
    _initio                                   - Undefined Weak Reference
    _rand_init                                - Undefined Weak Reference
    _signal_finish                            - Undefined Weak Reference
    _signal_init                              - Undefined Weak Reference
    _terminate_alloc                          - Undefined Weak Reference
    _terminate_user_alloc                     - Undefined Weak Reference
    _terminateio                              - Undefined Weak Reference
    __Vectors_Size                           0x000001ac   Number         0  startup_stm32f427xx.o ABSOLUTE
    __Vectors                                0x08000000   Data           4  startup_stm32f427xx.o(RESET)
    __Vectors_End                            0x080001ac   Data           0  startup_stm32f427xx.o(RESET)
    __main                                   0x080001ad   Thumb Code     8  __main.o(!!!main)
    __scatterload                            0x080001b5   Thumb Code     0  __scatter.o(!!!scatter)
    __scatterload_rt2                        0x080001b5   Thumb Code    44  __scatter.o(!!!scatter)
    __scatterload_rt2_thumb_only             0x080001b5   Thumb Code     0  __scatter.o(!!!scatter)
    __scatterload_null                       0x080001c3   Thumb Code     0  __scatter.o(!!!scatter)
    __decompress                             0x080001e9   Thumb Code    58  __dczerorl.o(!!dczerorl)
    __decompress0                            0x080001e9   Thumb Code     0  __dczerorl.o(!!dczerorl)
    __scatterload_zeroinit                   0x08000225   Thumb Code    28  __scatter_zi.o(!!handler_zi)
    __rt_lib_init                            0x08000241   Thumb Code     0  libinit.o(.ARM.Collect$$libinit$$00000000)
    __rt_lib_init_fp_1                       0x08000243   Thumb Code     0  libinit2.o(.ARM.Collect$$libinit$$00000001)
    __rt_lib_init_alloca_1                   0x08000247   Thumb Code     0  libinit2.o(.ARM.Collect$$libinit$$0000002E)
    __rt_lib_init_argv_1                     0x08000247   Thumb Code     0  libinit2.o(.ARM.Collect$$libinit$$0000002C)
    __rt_lib_init_atexit_1                   0x08000247   Thumb Code     0  libinit2.o(.ARM.Collect$$libinit$$0000001B)
    __rt_lib_init_clock_1                    0x08000247   Thumb Code     0  libinit2.o(.ARM.Collect$$libinit$$00000021)
    __rt_lib_init_cpp_2                      0x08000247   Thumb Code     0  libinit2.o(.ARM.Collect$$libinit$$00000031)
    __rt_lib_init_exceptions_1               0x08000247   Thumb Code     0  libinit2.o(.ARM.Collect$$libinit$$00000030)
    __rt_lib_init_fp_trap_1                  0x08000247   Thumb Code     0  libinit2.o(.ARM.Collect$$libinit$$0000001F)
    __rt_lib_init_getenv_1                   0x08000247   Thumb Code     0  libinit2.o(.ARM.Collect$$libinit$$00000023)
    __rt_lib_init_heap_1                     0x08000247   Thumb Code     0  libinit2.o(.ARM.Collect$$libinit$$0000000A)
    __rt_lib_init_lc_collate_1               0x08000247   Thumb Code     0  libinit2.o(.ARM.Collect$$libinit$$00000011)
    __rt_lib_init_lc_ctype_1                 0x08000247   Thumb Code     0  libinit2.o(.ARM.Collect$$libinit$$00000013)
    __rt_lib_init_lc_monetary_1              0x08000247   Thumb Code     0  libinit2.o(.ARM.Collect$$libinit$$00000015)
    __rt_lib_init_lc_numeric_1               0x08000247   Thumb Code     0  libinit2.o(.ARM.Collect$$libinit$$00000017)
    __rt_lib_init_lc_time_1                  0x08000247   Thumb Code     0  libinit2.o(.ARM.Collect$$libinit$$00000019)
    __rt_lib_init_preinit_1                  0x08000247   Thumb Code     0  libinit2.o(.ARM.Collect$$libinit$$00000004)
    __rt_lib_init_rand_1                     0x08000247   Thumb Code     0  libinit2.o(.ARM.Collect$$libinit$$0000000E)
    __rt_lib_init_signal_1                   0x08000247   Thumb Code     0  libinit2.o(.ARM.Collect$$libinit$$0000001D)
    __rt_lib_init_stdio_1                    0x08000247   Thumb Code     0  libinit2.o(.ARM.Collect$$libinit$$00000025)
    __rt_lib_init_user_alloc_1               0x08000247   Thumb Code     0  libinit2.o(.ARM.Collect$$libinit$$0000000C)
    __rt_lib_init_cpp_1                      0x0800024b   Thumb Code     0  libinit2.o(.ARM.Collect$$libinit$$00000032)
    __rt_lib_init_return                     0x0800024b   Thumb Code     0  libinit2.o(.ARM.Collect$$libinit$$00000033)
    __rt_lib_shutdown                        0x0800024d   Thumb Code     0  libshutdown.o(.ARM.Collect$$libshutdown$$00000000)
    __rt_lib_shutdown_cpp_1                  0x0800024f   Thumb Code     0  libshutdown2.o(.ARM.Collect$$libshutdown$$00000002)
    __rt_lib_shutdown_fp_trap_1              0x0800024f   Thumb Code     0  libshutdown2.o(.ARM.Collect$$libshutdown$$00000007)
    __rt_lib_shutdown_heap_1                 0x0800024f   Thumb Code     0  libshutdown2.o(.ARM.Collect$$libshutdown$$0000000F)
    __rt_lib_shutdown_return                 0x0800024f   Thumb Code     0  libshutdown2.o(.ARM.Collect$$libshutdown$$00000010)
    __rt_lib_shutdown_signal_1               0x0800024f   Thumb Code     0  libshutdown2.o(.ARM.Collect$$libshutdown$$0000000A)
    __rt_lib_shutdown_stdio_1                0x0800024f   Thumb Code     0  libshutdown2.o(.ARM.Collect$$libshutdown$$00000004)
    __rt_lib_shutdown_user_alloc_1           0x0800024f   Thumb Code     0  libshutdown2.o(.ARM.Collect$$libshutdown$$0000000C)
    __rt_entry                               0x08000251   Thumb Code     0  __rtentry.o(.ARM.Collect$$rtentry$$00000000)
    __rt_entry_presh_1                       0x08000251   Thumb Code     0  __rtentry2.o(.ARM.Collect$$rtentry$$00000002)
    __rt_entry_sh                            0x08000251   Thumb Code     0  __rtentry4.o(.ARM.Collect$$rtentry$$00000004)
    __rt_entry_li                            0x08000257   Thumb Code     0  __rtentry2.o(.ARM.Collect$$rtentry$$0000000A)
    __rt_entry_postsh_1                      0x08000257   Thumb Code     0  __rtentry2.o(.ARM.Collect$$rtentry$$00000009)
    __rt_entry_main                          0x0800025b   Thumb Code     0  __rtentry2.o(.ARM.Collect$$rtentry$$0000000D)
    __rt_entry_postli_1                      0x0800025b   Thumb Code     0  __rtentry2.o(.ARM.Collect$$rtentry$$0000000C)
    __rt_exit                                0x08000263   Thumb Code     0  rtexit.o(.ARM.Collect$$rtexit$$00000000)
    __rt_exit_ls                             0x08000265   Thumb Code     0  rtexit2.o(.ARM.Collect$$rtexit$$00000003)
    __rt_exit_prels_1                        0x08000265   Thumb Code     0  rtexit2.o(.ARM.Collect$$rtexit$$00000002)
    __rt_exit_exit                           0x08000269   Thumb Code     0  rtexit2.o(.ARM.Collect$$rtexit$$00000004)
    Reset_Handler                            0x08000271   Thumb Code     8  startup_stm32f427xx.o(.text)
    ADC_IRQHandler                           0x0800028b   Thumb Code     0  startup_stm32f427xx.o(.text)
    CAN1_SCE_IRQHandler                      0x0800028b   Thumb Code     0  startup_stm32f427xx.o(.text)
    CAN1_TX_IRQHandler                       0x0800028b   Thumb Code     0  startup_stm32f427xx.o(.text)
    CAN2_RX0_IRQHandler                      0x0800028b   Thumb Code     0  startup_stm32f427xx.o(.text)
    CAN2_RX1_IRQHandler                      0x0800028b   Thumb Code     0  startup_stm32f427xx.o(.text)
    CAN2_SCE_IRQHandler                      0x0800028b   Thumb Code     0  startup_stm32f427xx.o(.text)
    CAN2_TX_IRQHandler                       0x0800028b   Thumb Code     0  startup_stm32f427xx.o(.text)
    DCMI_IRQHandler                          0x0800028b   Thumb Code     0  startup_stm32f427xx.o(.text)
    DMA1_Stream0_IRQHandler                  0x0800028b   Thumb Code     0  startup_stm32f427xx.o(.text)
    DMA1_Stream1_IRQHandler                  0x0800028b   Thumb Code     0  startup_stm32f427xx.o(.text)
    DMA1_Stream2_IRQHandler                  0x0800028b   Thumb Code     0  startup_stm32f427xx.o(.text)
    DMA1_Stream3_IRQHandler                  0x0800028b   Thumb Code     0  startup_stm32f427xx.o(.text)
    DMA1_Stream4_IRQHandler                  0x0800028b   Thumb Code     0  startup_stm32f427xx.o(.text)
    DMA1_Stream7_IRQHandler                  0x0800028b   Thumb Code     0  startup_stm32f427xx.o(.text)
    DMA2D_IRQHandler                         0x0800028b   Thumb Code     0  startup_stm32f427xx.o(.text)
    DMA2_Stream0_IRQHandler                  0x0800028b   Thumb Code     0  startup_stm32f427xx.o(.text)
    DMA2_Stream1_IRQHandler                  0x0800028b   Thumb Code     0  startup_stm32f427xx.o(.text)
    DMA2_Stream2_IRQHandler                  0x0800028b   Thumb Code     0  startup_stm32f427xx.o(.text)
    DMA2_Stream3_IRQHandler                  0x0800028b   Thumb Code     0  startup_stm32f427xx.o(.text)
    DMA2_Stream4_IRQHandler                  0x0800028b   Thumb Code     0  startup_stm32f427xx.o(.text)
    DMA2_Stream5_IRQHandler                  0x0800028b   Thumb Code     0  startup_stm32f427xx.o(.text)
    DMA2_Stream6_IRQHandler                  0x0800028b   Thumb Code     0  startup_stm32f427xx.o(.text)
    DMA2_Stream7_IRQHandler                  0x0800028b   Thumb Code     0  startup_stm32f427xx.o(.text)
    ETH_IRQHandler                           0x0800028b   Thumb Code     0  startup_stm32f427xx.o(.text)
    ETH_WKUP_IRQHandler                      0x0800028b   Thumb Code     0  startup_stm32f427xx.o(.text)
    EXTI0_IRQHandler                         0x0800028b   Thumb Code     0  startup_stm32f427xx.o(.text)
    EXTI15_10_IRQHandler                     0x0800028b   Thumb Code     0  startup_stm32f427xx.o(.text)
    EXTI1_IRQHandler                         0x0800028b   Thumb Code     0  startup_stm32f427xx.o(.text)
    EXTI2_IRQHandler                         0x0800028b   Thumb Code     0  startup_stm32f427xx.o(.text)
    EXTI3_IRQHandler                         0x0800028b   Thumb Code     0  startup_stm32f427xx.o(.text)
    EXTI4_IRQHandler                         0x0800028b   Thumb Code     0  startup_stm32f427xx.o(.text)
    EXTI9_5_IRQHandler                       0x0800028b   Thumb Code     0  startup_stm32f427xx.o(.text)
    FLASH_IRQHandler                         0x0800028b   Thumb Code     0  startup_stm32f427xx.o(.text)
    FMC_IRQHandler                           0x0800028b   Thumb Code     0  startup_stm32f427xx.o(.text)
    FPU_IRQHandler                           0x0800028b   Thumb Code     0  startup_stm32f427xx.o(.text)
    HASH_RNG_IRQHandler                      0x0800028b   Thumb Code     0  startup_stm32f427xx.o(.text)
    I2C1_ER_IRQHandler                       0x0800028b   Thumb Code     0  startup_stm32f427xx.o(.text)
    I2C1_EV_IRQHandler                       0x0800028b   Thumb Code     0  startup_stm32f427xx.o(.text)
    I2C2_ER_IRQHandler                       0x0800028b   Thumb Code     0  startup_stm32f427xx.o(.text)
    I2C2_EV_IRQHandler                       0x0800028b   Thumb Code     0  startup_stm32f427xx.o(.text)
    I2C3_ER_IRQHandler                       0x0800028b   Thumb Code     0  startup_stm32f427xx.o(.text)
    I2C3_EV_IRQHandler                       0x0800028b   Thumb Code     0  startup_stm32f427xx.o(.text)
    OTG_FS_IRQHandler                        0x0800028b   Thumb Code     0  startup_stm32f427xx.o(.text)
    OTG_FS_WKUP_IRQHandler                   0x0800028b   Thumb Code     0  startup_stm32f427xx.o(.text)
    OTG_HS_EP1_IN_IRQHandler                 0x0800028b   Thumb Code     0  startup_stm32f427xx.o(.text)
    OTG_HS_EP1_OUT_IRQHandler                0x0800028b   Thumb Code     0  startup_stm32f427xx.o(.text)
    OTG_HS_IRQHandler                        0x0800028b   Thumb Code     0  startup_stm32f427xx.o(.text)
    OTG_HS_WKUP_IRQHandler                   0x0800028b   Thumb Code     0  startup_stm32f427xx.o(.text)
    PVD_IRQHandler                           0x0800028b   Thumb Code     0  startup_stm32f427xx.o(.text)
    RCC_IRQHandler                           0x0800028b   Thumb Code     0  startup_stm32f427xx.o(.text)
    RTC_Alarm_IRQHandler                     0x0800028b   Thumb Code     0  startup_stm32f427xx.o(.text)
    RTC_WKUP_IRQHandler                      0x0800028b   Thumb Code     0  startup_stm32f427xx.o(.text)
    SAI1_IRQHandler                          0x0800028b   Thumb Code     0  startup_stm32f427xx.o(.text)
    SDIO_IRQHandler                          0x0800028b   Thumb Code     0  startup_stm32f427xx.o(.text)
    SPI1_IRQHandler                          0x0800028b   Thumb Code     0  startup_stm32f427xx.o(.text)
    SPI2_IRQHandler                          0x0800028b   Thumb Code     0  startup_stm32f427xx.o(.text)
    SPI3_IRQHandler                          0x0800028b   Thumb Code     0  startup_stm32f427xx.o(.text)
    SPI4_IRQHandler                          0x0800028b   Thumb Code     0  startup_stm32f427xx.o(.text)
    SPI5_IRQHandler                          0x0800028b   Thumb Code     0  startup_stm32f427xx.o(.text)
    SPI6_IRQHandler                          0x0800028b   Thumb Code     0  startup_stm32f427xx.o(.text)
    TAMP_STAMP_IRQHandler                    0x0800028b   Thumb Code     0  startup_stm32f427xx.o(.text)
    TIM1_BRK_TIM9_IRQHandler                 0x0800028b   Thumb Code     0  startup_stm32f427xx.o(.text)
    TIM1_CC_IRQHandler                       0x0800028b   Thumb Code     0  startup_stm32f427xx.o(.text)
    TIM1_TRG_COM_TIM11_IRQHandler            0x0800028b   Thumb Code     0  startup_stm32f427xx.o(.text)
    TIM1_UP_TIM10_IRQHandler                 0x0800028b   Thumb Code     0  startup_stm32f427xx.o(.text)
    TIM2_IRQHandler                          0x0800028b   Thumb Code     0  startup_stm32f427xx.o(.text)
    TIM3_IRQHandler                          0x0800028b   Thumb Code     0  startup_stm32f427xx.o(.text)
    TIM4_IRQHandler                          0x0800028b   Thumb Code     0  startup_stm32f427xx.o(.text)
    TIM5_IRQHandler                          0x0800028b   Thumb Code     0  startup_stm32f427xx.o(.text)
    TIM6_DAC_IRQHandler                      0x0800028b   Thumb Code     0  startup_stm32f427xx.o(.text)
    TIM7_IRQHandler                          0x0800028b   Thumb Code     0  startup_stm32f427xx.o(.text)
    TIM8_BRK_TIM12_IRQHandler                0x0800028b   Thumb Code     0  startup_stm32f427xx.o(.text)
    TIM8_CC_IRQHandler                       0x0800028b   Thumb Code     0  startup_stm32f427xx.o(.text)
    TIM8_TRG_COM_TIM14_IRQHandler            0x0800028b   Thumb Code     0  startup_stm32f427xx.o(.text)
    TIM8_UP_TIM13_IRQHandler                 0x0800028b   Thumb Code     0  startup_stm32f427xx.o(.text)
    UART4_IRQHandler                         0x0800028b   Thumb Code     0  startup_stm32f427xx.o(.text)
    UART5_IRQHandler                         0x0800028b   Thumb Code     0  startup_stm32f427xx.o(.text)
    UART7_IRQHandler                         0x0800028b   Thumb Code     0  startup_stm32f427xx.o(.text)
    UART8_IRQHandler                         0x0800028b   Thumb Code     0  startup_stm32f427xx.o(.text)
    USART1_IRQHandler                        0x0800028b   Thumb Code     0  startup_stm32f427xx.o(.text)
    USART3_IRQHandler                        0x0800028b   Thumb Code     0  startup_stm32f427xx.o(.text)
    USART6_IRQHandler                        0x0800028b   Thumb Code     0  startup_stm32f427xx.o(.text)
    WWDG_IRQHandler                          0x0800028b   Thumb Code     0  startup_stm32f427xx.o(.text)
    __user_initial_stackheap                 0x0800028d   Thumb Code     0  startup_stm32f427xx.o(.text)
    __aeabi_uldivmod                         0x080002b1   Thumb Code     0  lludivv7m.o(.text)
    _ll_udiv                                 0x080002b1   Thumb Code   238  lludivv7m.o(.text)
    __aeabi_memclr4                          0x0800039f   Thumb Code     0  rt_memclr_w.o(.text)
    __aeabi_memclr8                          0x0800039f   Thumb Code     0  rt_memclr_w.o(.text)
    __rt_memclr_w                            0x0800039f   Thumb Code    78  rt_memclr_w.o(.text)
    _memset_w                                0x080003a3   Thumb Code     0  rt_memclr_w.o(.text)
    strcmp                                   0x080003ed   Thumb Code   128  strcmpv7m.o(.text)
    __use_two_region_memory                  0x0800046d   Thumb Code     2  heapauxi.o(.text)
    __rt_heap_escrow$2region                 0x0800046f   Thumb Code     2  heapauxi.o(.text)
    __rt_heap_expand$2region                 0x08000471   Thumb Code     2  heapauxi.o(.text)
    __cpp_initialize__aeabi_                 0x08000475   Thumb Code    26  init_aeabi.o(.text)
    __read_errno                             0x08000499   Thumb Code    10  _rserrno.o(.text)
    __set_errno                              0x080004a3   Thumb Code    12  _rserrno.o(.text)
    __aeabi_errno_addr                       0x080004b1   Thumb Code     8  rt_errno_addr_intlibspace.o(.text)
    __errno$intlibspace                      0x080004b1   Thumb Code     0  rt_errno_addr_intlibspace.o(.text)
    __rt_errno_addr$intlibspace              0x080004b1   Thumb Code     0  rt_errno_addr_intlibspace.o(.text)
    __user_libspace                          0x080004b9   Thumb Code     8  libspace.o(.text)
    __user_perproc_libspace                  0x080004b9   Thumb Code     0  libspace.o(.text)
    __user_perthread_libspace                0x080004b9   Thumb Code     0  libspace.o(.text)
    __user_setup_stackheap                   0x080004c1   Thumb Code    74  sys_stackheap_outer.o(.text)
    exit                                     0x0800050b   Thumb Code    18  exit.o(.text)
    _sys_exit                                0x0800051d   Thumb Code     8  sys_exit.o(.text)
    __I$use$semihosting                      0x08000529   Thumb Code     0  use_no_semi.o(.text)
    __use_no_semihosting_swi                 0x08000529   Thumb Code     2  use_no_semi.o(.text)
    BusFault_Handler                         0x0800052b   Thumb Code     4  stm32f4xx_it.o(i.BusFault_Handler)
    __semihosting_library_function           0x0800052b   Thumb Code     0  indicate_semi.o(.text)
    CAN1_RX0_IRQHandler                      0x08000531   Thumb Code    10  stm32f4xx_it.o(i.CAN1_RX0_IRQHandler)
    CAN1_RX1_IRQHandler                      0x08000541   Thumb Code    10  stm32f4xx_it.o(i.CAN1_RX1_IRQHandler)
    DMA1_Stream5_IRQHandler                  0x08000551   Thumb Code    10  stm32f4xx_it.o(i.DMA1_Stream5_IRQHandler)
    DMA1_Stream6_IRQHandler                  0x08000561   Thumb Code    10  stm32f4xx_it.o(i.DMA1_Stream6_IRQHandler)
    DebugMon_Handler                         0x08000571   Thumb Code     2  stm32f4xx_it.o(i.DebugMon_Handler)
    Error_Handler                            0x08000573   Thumb Code     6  main.o(i.Error_Handler)
    HAL_CAN_AddTxMessage                     0x08000579   Thumb Code   330  stm32f4xx_hal_can.o(i.HAL_CAN_AddTxMessage)
    HAL_CAN_ConfigFilter                     0x080006c5   Thumb Code   284  stm32f4xx_hal_can.o(i.HAL_CAN_ConfigFilter)
    HAL_CAN_ErrorCallback                    0x080007e5   Thumb Code     2  stm32f4xx_hal_can.o(i.HAL_CAN_ErrorCallback)
    HAL_CAN_GetRxMessage                     0x080007e7   Thumb Code   404  stm32f4xx_hal_can.o(i.HAL_CAN_GetRxMessage)
    HAL_CAN_IRQHandler                       0x0800097b   Thumb Code   590  stm32f4xx_hal_can.o(i.HAL_CAN_IRQHandler)
    HAL_CAN_Init                             0x08000bc9   Thumb Code   372  stm32f4xx_hal_can.o(i.HAL_CAN_Init)
    HAL_CAN_MspInit                          0x08000d3d   Thumb Code   154  can.o(i.HAL_CAN_MspInit)
    HAL_CAN_RxFifo0FullCallback              0x08000de5   Thumb Code     2  stm32f4xx_hal_can.o(i.HAL_CAN_RxFifo0FullCallback)
    HAL_CAN_RxFifo0MsgPendingCallback        0x08000de9   Thumb Code    72  drv_can.o(i.HAL_CAN_RxFifo0MsgPendingCallback)
    HAL_CAN_RxFifo1FullCallback              0x08000e41   Thumb Code     2  stm32f4xx_hal_can.o(i.HAL_CAN_RxFifo1FullCallback)
    HAL_CAN_RxFifo1MsgPendingCallback        0x08000e45   Thumb Code    72  drv_can.o(i.HAL_CAN_RxFifo1MsgPendingCallback)
    HAL_CAN_SleepCallback                    0x08000e9d   Thumb Code     2  stm32f4xx_hal_can.o(i.HAL_CAN_SleepCallback)
    HAL_CAN_Start                            0x08000e9f   Thumb Code    94  stm32f4xx_hal_can.o(i.HAL_CAN_Start)
    HAL_CAN_TxMailbox0AbortCallback          0x08000efd   Thumb Code     2  stm32f4xx_hal_can.o(i.HAL_CAN_TxMailbox0AbortCallback)
    HAL_CAN_TxMailbox0CompleteCallback       0x08000eff   Thumb Code     2  stm32f4xx_hal_can.o(i.HAL_CAN_TxMailbox0CompleteCallback)
    HAL_CAN_TxMailbox1AbortCallback          0x08000f01   Thumb Code     2  stm32f4xx_hal_can.o(i.HAL_CAN_TxMailbox1AbortCallback)
    HAL_CAN_TxMailbox1CompleteCallback       0x08000f03   Thumb Code     2  stm32f4xx_hal_can.o(i.HAL_CAN_TxMailbox1CompleteCallback)
    HAL_CAN_TxMailbox2AbortCallback          0x08000f05   Thumb Code     2  stm32f4xx_hal_can.o(i.HAL_CAN_TxMailbox2AbortCallback)
    HAL_CAN_TxMailbox2CompleteCallback       0x08000f07   Thumb Code     2  stm32f4xx_hal_can.o(i.HAL_CAN_TxMailbox2CompleteCallback)
    HAL_CAN_WakeUpFromRxMsgCallback          0x08000f09   Thumb Code     2  stm32f4xx_hal_can.o(i.HAL_CAN_WakeUpFromRxMsgCallback)
    HAL_DMA_Abort                            0x08000f0b   Thumb Code   172  stm32f4xx_hal_dma.o(i.HAL_DMA_Abort)
    HAL_DMA_Abort_IT                         0x08000fb7   Thumb Code    40  stm32f4xx_hal_dma.o(i.HAL_DMA_Abort_IT)
    HAL_DMA_IRQHandler                       0x08000fe1   Thumb Code   570  stm32f4xx_hal_dma.o(i.HAL_DMA_IRQHandler)
    HAL_DMA_Init                             0x08001221   Thumb Code   232  stm32f4xx_hal_dma.o(i.HAL_DMA_Init)
    HAL_DMA_Start_IT                         0x0800130d   Thumb Code   146  stm32f4xx_hal_dma.o(i.HAL_DMA_Start_IT)
    HAL_Delay                                0x080013a1   Thumb Code    36  stm32f4xx_hal.o(i.HAL_Delay)
    HAL_GPIO_Init                            0x080013c9   Thumb Code   474  stm32f4xx_hal_gpio.o(i.HAL_GPIO_Init)
    HAL_GetTick                              0x080015d9   Thumb Code     6  stm32f4xx_hal.o(i.HAL_GetTick)
    HAL_IncTick                              0x080015e5   Thumb Code    16  stm32f4xx_hal.o(i.HAL_IncTick)
    HAL_Init                                 0x080015fd   Thumb Code    54  stm32f4xx_hal.o(i.HAL_Init)
    HAL_InitTick                             0x08001639   Thumb Code    64  stm32f4xx_hal.o(i.HAL_InitTick)
    HAL_MspInit                              0x08001685   Thumb Code    68  stm32f4xx_hal_msp.o(i.HAL_MspInit)
    HAL_NVIC_EnableIRQ                       0x080016cd   Thumb Code    40  stm32f4xx_hal_cortex.o(i.HAL_NVIC_EnableIRQ)
    HAL_NVIC_SetPriority                     0x080016f5   Thumb Code   124  stm32f4xx_hal_cortex.o(i.HAL_NVIC_SetPriority)
    HAL_NVIC_SetPriorityGrouping             0x08001771   Thumb Code    32  stm32f4xx_hal_cortex.o(i.HAL_NVIC_SetPriorityGrouping)
    HAL_PWREx_EnableOverDrive                0x08001799   Thumb Code   128  stm32f4xx_hal_pwr_ex.o(i.HAL_PWREx_EnableOverDrive)
    HAL_RCC_ClockConfig                      0x08001825   Thumb Code   368  stm32f4xx_hal_rcc.o(i.HAL_RCC_ClockConfig)
    HAL_RCC_GetHCLKFreq                      0x080019a9   Thumb Code     6  stm32f4xx_hal_rcc.o(i.HAL_RCC_GetHCLKFreq)
    HAL_RCC_GetPCLK1Freq                     0x080019b5   Thumb Code    22  stm32f4xx_hal_rcc.o(i.HAL_RCC_GetPCLK1Freq)
    HAL_RCC_GetPCLK2Freq                     0x080019d5   Thumb Code    22  stm32f4xx_hal_rcc.o(i.HAL_RCC_GetPCLK2Freq)
    HAL_RCC_GetSysClockFreq                  0x080019f5   Thumb Code   162  stm32f4xx_hal_rcc.o(i.HAL_RCC_GetSysClockFreq)
    HAL_RCC_OscConfig                        0x08001aa5   Thumb Code  1172  stm32f4xx_hal_rcc.o(i.HAL_RCC_OscConfig)
    HAL_SYSTICK_Config                       0x08001f41   Thumb Code    52  stm32f4xx_hal_cortex.o(i.HAL_SYSTICK_Config)
    HAL_UARTEx_ReceiveToIdle_DMA             0x08001f75   Thumb Code   112  stm32f4xx_hal_uart.o(i.HAL_UARTEx_ReceiveToIdle_DMA)
    HAL_UARTEx_RxEventCallback               0x08001fe5   Thumb Code   246  drv_uart.o(i.HAL_UARTEx_RxEventCallback)
    HAL_UART_ErrorCallback                   0x0800210d   Thumb Code     2  stm32f4xx_hal_uart.o(i.HAL_UART_ErrorCallback)
    HAL_UART_IRQHandler                      0x08002111   Thumb Code   772  stm32f4xx_hal_uart.o(i.HAL_UART_IRQHandler)
    HAL_UART_Init                            0x08002419   Thumb Code   118  stm32f4xx_hal_uart.o(i.HAL_UART_Init)
    HAL_UART_MspInit                         0x08002491   Thumb Code   258  usart.o(i.HAL_UART_MspInit)
    HAL_UART_RxCpltCallback                  0x080025ad   Thumb Code     2  stm32f4xx_hal_uart.o(i.HAL_UART_RxCpltCallback)
    HAL_UART_RxHalfCpltCallback              0x080025af   Thumb Code     2  stm32f4xx_hal_uart.o(i.HAL_UART_RxHalfCpltCallback)
    HAL_UART_TxCpltCallback                  0x080025b1   Thumb Code     2  stm32f4xx_hal_uart.o(i.HAL_UART_TxCpltCallback)
    HardFault_Handler                        0x080025b3   Thumb Code     4  stm32f4xx_it.o(i.HardFault_Handler)
    MX_CAN1_Init                             0x080025b9   Thumb Code    56  can.o(i.MX_CAN1_Init)
    MX_DMA_Init                              0x080025f9   Thumb Code    68  dma.o(i.MX_DMA_Init)
    MX_GPIO_Init                             0x08002641   Thumb Code   168  gpio.o(i.MX_GPIO_Init)
    MX_USART2_UART_Init                      0x080026f1   Thumb Code    46  usart.o(i.MX_USART2_UART_Init)
    MemManage_Handler                        0x08002729   Thumb Code     4  stm32f4xx_it.o(i.MemManage_Handler)
    NMI_Handler                              0x0800272d   Thumb Code     4  stm32f4xx_it.o(i.NMI_Handler)
    PendSV_Handler                           0x08002731   Thumb Code     2  stm32f4xx_it.o(i.PendSV_Handler)
    SVC_Handler                              0x08002733   Thumb Code     2  stm32f4xx_it.o(i.SVC_Handler)
    SysTick_Handler                          0x08002735   Thumb Code     8  stm32f4xx_it.o(i.SysTick_Handler)
    SystemInit                               0x0800273d   Thumb Code    14  system_stm32f4xx.o(i.SystemInit)
    UART_Start_Receive_DMA                   0x08002751   Thumb Code   202  stm32f4xx_hal_uart.o(i.UART_Start_Receive_DMA)
    USART2_IRQHandler                        0x08002829   Thumb Code    10  stm32f4xx_it.o(i.USART2_IRQHandler)
    UsageFault_Handler                       0x08002839   Thumb Code     4  stm32f4xx_it.o(i.UsageFault_Handler)
    move_front(float)                        0x0800283d   Thumb Code    32  main.o(i._Z10move_frontf)
    move_right(float)                        0x08002861   Thumb Code    32  main.o(i._Z10move_rightf)
    turn_right(float)                        0x08002885   Thumb Code    32  main.o(i._Z10turn_rightf)
    CAN_Send_Data(CAN_HandleTypeDef*, unsigned short, unsigned char*, unsigned short) 0x080028a9   Thumb Code    40  drv_can.o(i._Z13CAN_Send_DataP17CAN_HandleTypeDeftPht)
    Direction_Init()                         0x080028d1   Thumb Code     8  main.o(i._Z14Direction_Initv)
    allocate_tx_data(CAN_HandleTypeDef*, Enum_CAN_Motor_ID) 0x080028e1   Thumb Code    92  dvc_motor.o(i._Z16allocate_tx_dataP17CAN_HandleTypeDef17Enum_CAN_Motor_ID)
    SystemClock_Config()                     0x0800294d   Thumb Code   180  main.o(i._Z18SystemClock_Configv)
    CAN_Motor_Call_Back(Struct_CAN_Rx_Buffer*) 0x08002a09   Thumb Code    78  main.o(i._Z19CAN_Motor_Call_BackP20Struct_CAN_Rx_Buffer)
    CAN_Filter_Mask_Config(CAN_HandleTypeDef*, unsigned char, unsigned, unsigned) 0x08002a69   Thumb Code   110  drv_can.o(i._Z22CAN_Filter_Mask_ConfigP17CAN_HandleTypeDefhjj)
    UART_Serialplot_Call_Back(unsigned char*, unsigned short) 0x08002ad9   Thumb Code  1322  main.o(i._Z25UART_Serialplot_Call_BackPht)
    TIM_CAN_PeriodElapsedCallback()          0x0800302d   Thumb Code    40  drv_can.o(i._Z29TIM_CAN_PeriodElapsedCallbackv)
    stop(float)                              0x08003061   Thumb Code    32  main.o(i._Z4stopf)
    CAN_Init(CAN_HandleTypeDef*, void(*)(Struct_CAN_Rx_Buffer*)) 0x08003085   Thumb Code   116  drv_can.o(i._Z8CAN_InitP17CAN_HandleTypeDefPFvP20Struct_CAN_Rx_BufferE)
    UART_Init(__UART_HandleTypeDef*, void(*)(unsigned char*, unsigned short), unsigned short) 0x08003109   Thumb Code   224  drv_uart.o(i._Z9UART_InitP20__UART_HandleTypeDefPFvPhtEt)
    move_back(float)                         0x08003219   Thumb Code    32  main.o(i._Z9move_backf)
    move_left(float)                         0x0800323d   Thumb Code    32  main.o(i._Z9move_leftf)
    omni_move(float, float, float)           0x08003261   Thumb Code   558  main.o(i._Z9omni_movefff)
    turn_left(float)                         0x080034b9   Thumb Code    32  main.o(i._Z9turn_leftf)
    Class_Motor_C620::Set_Target_Omega(float) 0x080034dd   Thumb Code     6  dvc_motor.o(i._ZN16Class_Motor_C62016Set_Target_OmegaEf)
    Class_Motor_C620::CAN_RxCpltCallback(unsigned char*) 0x080034e5   Thumb Code   218  dvc_motor.o(i._ZN16Class_Motor_C62018CAN_RxCpltCallbackEPh)
    Class_Motor_C620::TIM_PID_PeriodElapsedCallback() 0x080035c9   Thumb Code   300  dvc_motor.o(i._ZN16Class_Motor_C62029TIM_PID_PeriodElapsedCallbackEv)
    Class_Motor_C620::Init(CAN_HandleTypeDef*, Enum_CAN_Motor_ID, Enum_Control_Method, float, float) 0x080036f9   Thumb Code    70  dvc_motor.o(i._ZN16Class_Motor_C6204InitEP17CAN_HandleTypeDef17Enum_CAN_Motor_ID19Enum_Control_Methodff)
    Class_Motor_C620::Output()               0x08003751   Thumb Code    40  dvc_motor.o(i._ZN16Class_Motor_C6206OutputEv)
    Class_Motor_C620::Set_Out(float)         0x08003779   Thumb Code     6  dvc_motor.o(i._ZN16Class_Motor_C6207Set_OutEf)
    Class_Motor_C620::Class_Motor_C620()     0x08003781   Thumb Code   144  main.o(i._ZN16Class_Motor_C620C1Ev)
    Class_Motor_C620::Class_Motor_C620__sub_object() 0x08003781   Thumb Code     0  main.o(i._ZN16Class_Motor_C620C1Ev)
    Class_Serialplot::Get_Variable_Index()   0x0800381d   Thumb Code     8  dvc_serialplot.o(i._ZN16Class_Serialplot18Get_Variable_IndexEv)
    Class_Serialplot::Get_Variable_Value()   0x08003825   Thumb Code    24  dvc_serialplot.o(i._ZN16Class_Serialplot18Get_Variable_ValueEv)
    Class_Serialplot::Judge_Variable_Name()  0x0800383d   Thumb Code    96  dvc_serialplot.o(i._ZN16Class_Serialplot19Judge_Variable_NameEv)
    Class_Serialplot::UART_RxCpltCallback(unsigned char*) 0x0800389d   Thumb Code    24  dvc_serialplot.o(i._ZN16Class_Serialplot19UART_RxCpltCallbackEPh)
    Class_Serialplot::Judge_Variable_Value(int) 0x080038b5   Thumb Code   214  dvc_serialplot.o(i._ZN16Class_Serialplot20Judge_Variable_ValueEi)
    Class_Serialplot::Init(__UART_HandleTypeDef*, unsigned char, char**, Enum_Serialplot_Data_Type, unsigned char) 0x08003991   Thumb Code   102  dvc_serialplot.o(i._ZN16Class_Serialplot4InitEP20__UART_HandleTypeDefhPPc25Enum_Serialplot_Data_Typeh)
    Class_PID::Set_Target(float)             0x080040e1   Thumb Code     6  alg_pid.o(i._ZN9Class_PID10Set_TargetEf)
    Class_PID::TIM_Adjust_PeriodElapsedCallback() 0x080040e9   Thumb Code   622  alg_pid.o(i._ZN9Class_PID32TIM_Adjust_PeriodElapsedCallbackEv)
    Class_PID::Init(float, float, float, float, float, float, float, float, float, float, float, Enum_PID_D_First) 0x0800435d   Thumb Code    48  alg_pid.o(i._ZN9Class_PID4InitEfffffffffff16Enum_PID_D_First)
    Class_PID::Get_Out()                     0x0800438d   Thumb Code     6  alg_pid.o(i._ZN9Class_PID7Get_OutEv)
    Class_PID::Set_K_D(float)                0x08004393   Thumb Code     6  alg_pid.o(i._ZN9Class_PID7Set_K_DEf)
    Class_PID::Set_K_I(float)                0x08004399   Thumb Code     6  alg_pid.o(i._ZN9Class_PID7Set_K_IEf)
    Class_PID::Set_K_P(float)                0x0800439f   Thumb Code     6  alg_pid.o(i._ZN9Class_PID7Set_K_PEf)
    Class_PID::Set_Now(float)                0x080043a5   Thumb Code     6  alg_pid.o(i._ZN9Class_PID7Set_NowEf)
    Class_PID::Class_PID()                   0x080043ad   Thumb Code   138  main.o(i._ZN9Class_PIDC1Ev)
    Class_PID::Class_PID__sub_object()       0x080043ad   Thumb Code     0  main.o(i._ZN9Class_PIDC1Ev)
    __ARM_fpclassifyf                        0x0800443d   Thumb Code    38  fpclassifyf.o(i.__ARM_fpclassifyf)
    __hardfp_powf                            0x08004465   Thumb Code  1606  powf.o(i.__hardfp_powf)
    __mathlib_powf                           0x08004465   Thumb Code     0  powf.o(i.__hardfp_powf)
    __mathlib_flt_divzero                    0x08004ac9   Thumb Code    14  funder.o(i.__mathlib_flt_divzero)
    __mathlib_flt_infnan2                    0x08004add   Thumb Code     6  funder.o(i.__mathlib_flt_infnan2)
    __mathlib_flt_invalid                    0x08004ae5   Thumb Code    10  funder.o(i.__mathlib_flt_invalid)
    __mathlib_flt_overflow                   0x08004af5   Thumb Code    10  funder.o(i.__mathlib_flt_overflow)
    __mathlib_flt_underflow                  0x08004b05   Thumb Code    10  funder.o(i.__mathlib_flt_underflow)
    main                                     0x08004b5d   Thumb Code   446  main.o(i.main)
    void Math_Constrain<float>(T1*, T1, T1)  0x08004d6d   Thumb Code    40  alg_pid.o(t._Z14Math_ConstrainIfEvPT_S0_S0_)
    T1 Math_Abs<float>(T1)                   0x08004d95   Thumb Code    26  alg_pid.o(t._Z8Math_AbsIfET_S0_)
    __aeabi_d2f                              0x08004db1   Thumb Code     0  d2f.o(x$fpl$d2f)
    _d2f                                     0x08004db1   Thumb Code    98  d2f.o(x$fpl$d2f)
    __fpl_dnaninf                            0x08004e13   Thumb Code   156  dnaninf.o(x$fpl$dnaninf)
    __fpl_dretinf                            0x08004eaf   Thumb Code    12  dretinf.o(x$fpl$dretinf)
    __aeabi_f2d                              0x08004ebd   Thumb Code     0  f2d.o(x$fpl$f2d)
    _f2d                                     0x08004ebd   Thumb Code    86  f2d.o(x$fpl$f2d)
    __fpl_fnaninf                            0x08004f13   Thumb Code   140  fnaninf.o(x$fpl$fnaninf)
    _fp_init                                 0x08004f9f   Thumb Code    10  fpinit.o(x$fpl$fpinit)
    __fplib_config_fpu_vfp                   0x08004fa7   Thumb Code     0  fpinit.o(x$fpl$fpinit)
    __fplib_config_pureend_doubles           0x08004fa7   Thumb Code     0  fpinit.o(x$fpl$fpinit)
    __fpl_fretinf                            0x08004fa9   Thumb Code    10  fretinf.o(x$fpl$fretinf)
    __I$use$fp                               0x08004fb2   Number         0  usenofp.o(x$fpl$usenofp)
    AHBPrescTable                            0x08004fba   Data          16  system_stm32f4xx.o(.constdata)
    APBPrescTable                            0x08004fca   Data           8  system_stm32f4xx.o(.constdata)
    Region$$Table$$Base                      0x08005114   Number         0  anon$$obj.o(Region$$Table)
    Region$$Table$$Limit                     0x08005134   Number         0  anon$$obj.o(Region$$Table)
    SHT$$INIT_ARRAY$$Base                    0x08005134   Number         0  main.o(.init_array)
    SHT$$INIT_ARRAY$$Limit                   0x08005138   Number         0  init_aeabi.o(.init_array)
    Target_Angle                             0x20000000   Data           4  main.o(.data)
    Now_Angle                                0x20000004   Data           4  main.o(.data)
    Target_Omega                             0x20000008   Data           4  main.o(.data)
    Now_Omega                                0x2000000c   Data           4  main.o(.data)
    torque                                   0x20000010   Data           4  main.o(.data)
    fx                                       0x20000014   Data           4  main.o(.data)
    target_torque                            0x20000018   Data           4  main.o(.data)
    vx_f                                     0x2000001c   Data           4  main.o(.data)
    vy_f                                     0x20000020   Data           4  main.o(.data)
    w_f                                      0x20000024   Data           4  main.o(.data)
    last_fxfunction                          0x20000348   Data           4  main.o(.data)
    uwTick                                   0x20000350   Data           4  stm32f4xx_hal.o(.data)
    uwTickPrio                               0x20000354   Data           4  stm32f4xx_hal.o(.data)
    uwTickFreq                               0x20000358   Data           1  stm32f4xx_hal.o(.data)
    SystemCoreClock                          0x2000035c   Data           4  system_stm32f4xx.o(.data)
    CAN1_0x1ff_Tx_Data                       0x20000360   Data           8  drv_can.o(.data)
    CAN1_0x200_Tx_Data                       0x20000368   Data           8  drv_can.o(.data)
    CAN1_0x2ff_Tx_Data                       0x20000370   Data           8  drv_can.o(.data)
    CAN2_0x1ff_Tx_Data                       0x20000378   Data           8  drv_can.o(.data)
    CAN2_0x200_Tx_Data                       0x20000380   Data           8  drv_can.o(.data)
    CAN2_0x2ff_Tx_Data                       0x20000388   Data           8  drv_can.o(.data)
    CAN_Supercap_Tx_Data                     0x20000390   Data           8  drv_can.o(.data)
    hcan1                                    0x2000039c   Data          40  can.o(.bss)
    huart2                                   0x200003c4   Data          72  usart.o(.bss)
    hdma_usart2_rx                           0x2000040c   Data          96  usart.o(.bss)
    hdma_usart2_tx                           0x2000046c   Data          96  usart.o(.bss)
    serialplot                               0x200004cc   Data          72  main.o(.bss)
    motor1                                   0x20000514   Data         248  main.o(.bss)
    motor2                                   0x2000060c   Data         248  main.o(.bss)
    motor3                                   0x20000704   Data         248  main.o(.bss)
    motor4                                   0x200007fc   Data         248  main.o(.bss)
    CAN1_Manage_Object                       0x200008f4   Data          44  drv_can.o(.bss)
    CAN2_Manage_Object                       0x20000920   Data          44  drv_can.o(.bss)
    UART1_Manage_Object                      0x2000094c   Data         524  drv_uart.o(.bss)
    UART2_Manage_Object                      0x20000b58   Data         524  drv_uart.o(.bss)
    UART3_Manage_Object                      0x20000d64   Data         524  drv_uart.o(.bss)
    UART4_Manage_Object                      0x20000f70   Data         524  drv_uart.o(.bss)
    UART5_Manage_Object                      0x2000117c   Data         524  drv_uart.o(.bss)
    UART6_Manage_Object                      0x20001388   Data         524  drv_uart.o(.bss)
    UART7_Manage_Object                      0x20001594   Data         524  drv_uart.o(.bss)
    UART8_Manage_Object                      0x200017a0   Data         524  drv_uart.o(.bss)
    __libspace_start                         0x200019ac   Data          96  libspace.o(.bss)
    __temporary_stack_top$libspace           0x20001a0c   Data           0  libspace.o(.bss)



==============================================================================

Memory Map of the image

  Image Entry point : 0x080001ad

  Load Region LR_IROM1 (Base: 0x08000000, Size: 0x000054d4, Max: 0x00200000, ABSOLUTE, COMPRESSED[0x00005168])

    Execution Region ER_IROM1 (Exec base: 0x08000000, Load base: 0x08000000, Size: 0x00005138, Max: 0x00200000, ABSOLUTE)

    Exec Addr    Load Addr    Size         Type   Attr      Idx    E Section Name        Object

    0x08000000   0x08000000   0x000001ac   Data   RO            3    RESET               startup_stm32f427xx.o
    0x080001ac   0x080001ac   0x00000008   Code   RO         3835  * !!!main             c_w.l(__main.o)
    0x080001b4   0x080001b4   0x00000034   Code   RO         4077    !!!scatter          c_w.l(__scatter.o)
    0x080001e8   0x080001e8   0x0000003a   Code   RO         4075    !!dczerorl          c_w.l(__dczerorl.o)
    0x08000222   0x08000222   0x00000002   PAD
    0x08000224   0x08000224   0x0000001c   Code   RO         4079    !!handler_zi        c_w.l(__scatter_zi.o)
    0x08000240   0x08000240   0x00000002   Code   RO         4001    .ARM.Collect$$libinit$$00000000  c_w.l(libinit.o)
    0x08000242   0x08000242   0x00000004   Code   RO         3880    .ARM.Collect$$libinit$$00000001  c_w.l(libinit2.o)
    0x08000246   0x08000246   0x00000000   Code   RO         3883    .ARM.Collect$$libinit$$00000004  c_w.l(libinit2.o)
    0x08000246   0x08000246   0x00000000   Code   RO         3886    .ARM.Collect$$libinit$$0000000A  c_w.l(libinit2.o)
    0x08000246   0x08000246   0x00000000   Code   RO         3888    .ARM.Collect$$libinit$$0000000C  c_w.l(libinit2.o)
    0x08000246   0x08000246   0x00000000   Code   RO         3890    .ARM.Collect$$libinit$$0000000E  c_w.l(libinit2.o)
    0x08000246   0x08000246   0x00000000   Code   RO         3893    .ARM.Collect$$libinit$$00000011  c_w.l(libinit2.o)
    0x08000246   0x08000246   0x00000000   Code   RO         3895    .ARM.Collect$$libinit$$00000013  c_w.l(libinit2.o)
    0x08000246   0x08000246   0x00000000   Code   RO         3897    .ARM.Collect$$libinit$$00000015  c_w.l(libinit2.o)
    0x08000246   0x08000246   0x00000000   Code   RO         3899    .ARM.Collect$$libinit$$00000017  c_w.l(libinit2.o)
    0x08000246   0x08000246   0x00000000   Code   RO         3901    .ARM.Collect$$libinit$$00000019  c_w.l(libinit2.o)
    0x08000246   0x08000246   0x00000000   Code   RO         3903    .ARM.Collect$$libinit$$0000001B  c_w.l(libinit2.o)
    0x08000246   0x08000246   0x00000000   Code   RO         3905    .ARM.Collect$$libinit$$0000001D  c_w.l(libinit2.o)
    0x08000246   0x08000246   0x00000000   Code   RO         3907    .ARM.Collect$$libinit$$0000001F  c_w.l(libinit2.o)
    0x08000246   0x08000246   0x00000000   Code   RO         3909    .ARM.Collect$$libinit$$00000021  c_w.l(libinit2.o)
    0x08000246   0x08000246   0x00000000   Code   RO         3911    .ARM.Collect$$libinit$$00000023  c_w.l(libinit2.o)
    0x08000246   0x08000246   0x00000000   Code   RO         3913    .ARM.Collect$$libinit$$00000025  c_w.l(libinit2.o)
    0x08000246   0x08000246   0x00000000   Code   RO         3917    .ARM.Collect$$libinit$$0000002C  c_w.l(libinit2.o)
    0x08000246   0x08000246   0x00000000   Code   RO         3919    .ARM.Collect$$libinit$$0000002E  c_w.l(libinit2.o)
    0x08000246   0x08000246   0x00000000   Code   RO         3921    .ARM.Collect$$libinit$$00000030  c_w.l(libinit2.o)
    0x08000246   0x08000246   0x00000004   Code   RO         3922    .ARM.Collect$$libinit$$00000031  c_w.l(libinit2.o)
    0x0800024a   0x0800024a   0x00000000   Code   RO         3923    .ARM.Collect$$libinit$$00000032  c_w.l(libinit2.o)
    0x0800024a   0x0800024a   0x00000002   Code   RO         3924    .ARM.Collect$$libinit$$00000033  c_w.l(libinit2.o)
    0x0800024c   0x0800024c   0x00000002   Code   RO         4042    .ARM.Collect$$libshutdown$$00000000  c_w.l(libshutdown.o)
    0x0800024e   0x0800024e   0x00000000   Code   RO         4058    .ARM.Collect$$libshutdown$$00000002  c_w.l(libshutdown2.o)
    0x0800024e   0x0800024e   0x00000000   Code   RO         4060    .ARM.Collect$$libshutdown$$00000004  c_w.l(libshutdown2.o)
    0x0800024e   0x0800024e   0x00000000   Code   RO         4063    .ARM.Collect$$libshutdown$$00000007  c_w.l(libshutdown2.o)
    0x0800024e   0x0800024e   0x00000000   Code   RO         4066    .ARM.Collect$$libshutdown$$0000000A  c_w.l(libshutdown2.o)
    0x0800024e   0x0800024e   0x00000000   Code   RO         4068    .ARM.Collect$$libshutdown$$0000000C  c_w.l(libshutdown2.o)
    0x0800024e   0x0800024e   0x00000000   Code   RO         4071    .ARM.Collect$$libshutdown$$0000000F  c_w.l(libshutdown2.o)
    0x0800024e   0x0800024e   0x00000002   Code   RO         4072    .ARM.Collect$$libshutdown$$00000010  c_w.l(libshutdown2.o)
    0x08000250   0x08000250   0x00000000   Code   RO         3873    .ARM.Collect$$rtentry$$00000000  c_w.l(__rtentry.o)
    0x08000250   0x08000250   0x00000000   Code   RO         3956    .ARM.Collect$$rtentry$$00000002  c_w.l(__rtentry2.o)
    0x08000250   0x08000250   0x00000006   Code   RO         3968    .ARM.Collect$$rtentry$$00000004  c_w.l(__rtentry4.o)
    0x08000256   0x08000256   0x00000000   Code   RO         3958    .ARM.Collect$$rtentry$$00000009  c_w.l(__rtentry2.o)
    0x08000256   0x08000256   0x00000004   Code   RO         3959    .ARM.Collect$$rtentry$$0000000A  c_w.l(__rtentry2.o)
    0x0800025a   0x0800025a   0x00000000   Code   RO         3961    .ARM.Collect$$rtentry$$0000000C  c_w.l(__rtentry2.o)
    0x0800025a   0x0800025a   0x00000008   Code   RO         3962    .ARM.Collect$$rtentry$$0000000D  c_w.l(__rtentry2.o)
    0x08000262   0x08000262   0x00000002   Code   RO         4004    .ARM.Collect$$rtexit$$00000000  c_w.l(rtexit.o)
    0x08000264   0x08000264   0x00000000   Code   RO         4024    .ARM.Collect$$rtexit$$00000002  c_w.l(rtexit2.o)
    0x08000264   0x08000264   0x00000004   Code   RO         4025    .ARM.Collect$$rtexit$$00000003  c_w.l(rtexit2.o)
    0x08000268   0x08000268   0x00000006   Code   RO         4026    .ARM.Collect$$rtexit$$00000004  c_w.l(rtexit2.o)
    0x0800026e   0x0800026e   0x00000002   PAD
    0x08000270   0x08000270   0x00000040   Code   RO            4    .text               startup_stm32f427xx.o
    0x080002b0   0x080002b0   0x000000ee   Code   RO         3827    .text               c_w.l(lludivv7m.o)
    0x0800039e   0x0800039e   0x0000004e   Code   RO         3829    .text               c_w.l(rt_memclr_w.o)
    0x080003ec   0x080003ec   0x00000080   Code   RO         3831    .text               c_w.l(strcmpv7m.o)
    0x0800046c   0x0800046c   0x00000006   Code   RO         3833    .text               c_w.l(heapauxi.o)
    0x08000472   0x08000472   0x00000002   PAD
    0x08000474   0x08000474   0x00000024   Code   RO         3840    .text               c_w.l(init_aeabi.o)
    0x08000498   0x08000498   0x00000016   Code   RO         3878    .text               c_w.l(_rserrno.o)
    0x080004ae   0x080004ae   0x00000002   PAD
    0x080004b0   0x080004b0   0x00000008   Code   RO         3975    .text               c_w.l(rt_errno_addr_intlibspace.o)
    0x080004b8   0x080004b8   0x00000008   Code   RO         3981    .text               c_w.l(libspace.o)
    0x080004c0   0x080004c0   0x0000004a   Code   RO         3984    .text               c_w.l(sys_stackheap_outer.o)
    0x0800050a   0x0800050a   0x00000012   Code   RO         3986    .text               c_w.l(exit.o)
    0x0800051c   0x0800051c   0x0000000c   Code   RO         4018    .text               c_w.l(sys_exit.o)
    0x08000528   0x08000528   0x00000002   Code   RO         4020    .text               c_w.l(use_no_semi.o)
    0x0800052a   0x0800052a   0x00000000   Code   RO         4022    .text               c_w.l(indicate_semi.o)
    0x0800052a   0x0800052a   0x00000004   Code   RO          253    i.BusFault_Handler  stm32f4xx_it.o
    0x0800052e   0x0800052e   0x00000002   PAD
    0x08000530   0x08000530   0x00000010   Code   RO          254    i.CAN1_RX0_IRQHandler  stm32f4xx_it.o
    0x08000540   0x08000540   0x00000010   Code   RO          255    i.CAN1_RX1_IRQHandler  stm32f4xx_it.o
    0x08000550   0x08000550   0x00000010   Code   RO          256    i.DMA1_Stream5_IRQHandler  stm32f4xx_it.o
    0x08000560   0x08000560   0x00000010   Code   RO          257    i.DMA1_Stream6_IRQHandler  stm32f4xx_it.o
    0x08000570   0x08000570   0x00000002   Code   RO          258    i.DebugMon_Handler  stm32f4xx_it.o
    0x08000572   0x08000572   0x00000006   Code   RO          398    i.Error_Handler     main.o
    0x08000578   0x08000578   0x0000014a   Code   RO          578    i.HAL_CAN_AddTxMessage  stm32f4xx_hal_can.o
    0x080006c2   0x080006c2   0x00000002   PAD
    0x080006c4   0x080006c4   0x00000120   Code   RO          579    i.HAL_CAN_ConfigFilter  stm32f4xx_hal_can.o
    0x080007e4   0x080007e4   0x00000002   Code   RO          582    i.HAL_CAN_ErrorCallback  stm32f4xx_hal_can.o
    0x080007e6   0x080007e6   0x00000194   Code   RO          585    i.HAL_CAN_GetRxMessage  stm32f4xx_hal_can.o
    0x0800097a   0x0800097a   0x0000024e   Code   RO          589    i.HAL_CAN_IRQHandler  stm32f4xx_hal_can.o
    0x08000bc8   0x08000bc8   0x00000174   Code   RO          590    i.HAL_CAN_Init      stm32f4xx_hal_can.o
    0x08000d3c   0x08000d3c   0x000000a8   Code   RO          136    i.HAL_CAN_MspInit   can.o
    0x08000de4   0x08000de4   0x00000002   Code   RO          597    i.HAL_CAN_RxFifo0FullCallback  stm32f4xx_hal_can.o
    0x08000de6   0x08000de6   0x00000002   PAD
    0x08000de8   0x08000de8   0x00000058   Code   RO         3075    i.HAL_CAN_RxFifo0MsgPendingCallback  drv_can.o
    0x08000e40   0x08000e40   0x00000002   Code   RO          599    i.HAL_CAN_RxFifo1FullCallback  stm32f4xx_hal_can.o
    0x08000e42   0x08000e42   0x00000002   PAD
    0x08000e44   0x08000e44   0x00000058   Code   RO         3076    i.HAL_CAN_RxFifo1MsgPendingCallback  drv_can.o
    0x08000e9c   0x08000e9c   0x00000002   Code   RO          601    i.HAL_CAN_SleepCallback  stm32f4xx_hal_can.o
    0x08000e9e   0x08000e9e   0x0000005e   Code   RO          602    i.HAL_CAN_Start     stm32f4xx_hal_can.o
    0x08000efc   0x08000efc   0x00000002   Code   RO          604    i.HAL_CAN_TxMailbox0AbortCallback  stm32f4xx_hal_can.o
    0x08000efe   0x08000efe   0x00000002   Code   RO          605    i.HAL_CAN_TxMailbox0CompleteCallback  stm32f4xx_hal_can.o
    0x08000f00   0x08000f00   0x00000002   Code   RO          606    i.HAL_CAN_TxMailbox1AbortCallback  stm32f4xx_hal_can.o
    0x08000f02   0x08000f02   0x00000002   Code   RO          607    i.HAL_CAN_TxMailbox1CompleteCallback  stm32f4xx_hal_can.o
    0x08000f04   0x08000f04   0x00000002   Code   RO          608    i.HAL_CAN_TxMailbox2AbortCallback  stm32f4xx_hal_can.o
    0x08000f06   0x08000f06   0x00000002   Code   RO          609    i.HAL_CAN_TxMailbox2CompleteCallback  stm32f4xx_hal_can.o
    0x08000f08   0x08000f08   0x00000002   Code   RO          611    i.HAL_CAN_WakeUpFromRxMsgCallback  stm32f4xx_hal_can.o
    0x08000f0a   0x08000f0a   0x000000ac   Code   RO         1482    i.HAL_DMA_Abort     stm32f4xx_hal_dma.o
    0x08000fb6   0x08000fb6   0x00000028   Code   RO         1483    i.HAL_DMA_Abort_IT  stm32f4xx_hal_dma.o
    0x08000fde   0x08000fde   0x00000002   PAD
    0x08000fe0   0x08000fe0   0x00000240   Code   RO         1487    i.HAL_DMA_IRQHandler  stm32f4xx_hal_dma.o
    0x08001220   0x08001220   0x000000ec   Code   RO         1488    i.HAL_DMA_Init      stm32f4xx_hal_dma.o
    0x0800130c   0x0800130c   0x00000092   Code   RO         1491    i.HAL_DMA_Start_IT  stm32f4xx_hal_dma.o
    0x0800139e   0x0800139e   0x00000002   PAD
    0x080013a0   0x080013a0   0x00000028   Code   RO         2009    i.HAL_Delay         stm32f4xx_hal.o
    0x080013c8   0x080013c8   0x00000210   Code   RO         1366    i.HAL_GPIO_Init     stm32f4xx_hal_gpio.o
    0x080015d8   0x080015d8   0x0000000c   Code   RO         2017    i.HAL_GetTick       stm32f4xx_hal.o
    0x080015e4   0x080015e4   0x00000018   Code   RO         2023    i.HAL_IncTick       stm32f4xx_hal.o
    0x080015fc   0x080015fc   0x0000003c   Code   RO         2024    i.HAL_Init          stm32f4xx_hal.o
    0x08001638   0x08001638   0x0000004c   Code   RO         2025    i.HAL_InitTick      stm32f4xx_hal.o
    0x08001684   0x08001684   0x00000048   Code   RO          373    i.HAL_MspInit       stm32f4xx_hal_msp.o
    0x080016cc   0x080016cc   0x00000028   Code   RO         1829    i.HAL_NVIC_EnableIRQ  stm32f4xx_hal_cortex.o
    0x080016f4   0x080016f4   0x0000007c   Code   RO         1835    i.HAL_NVIC_SetPriority  stm32f4xx_hal_cortex.o
    0x08001770   0x08001770   0x00000028   Code   RO         1836    i.HAL_NVIC_SetPriorityGrouping  stm32f4xx_hal_cortex.o
    0x08001798   0x08001798   0x0000008c   Code   RO         1746    i.HAL_PWREx_EnableOverDrive  stm32f4xx_hal_pwr_ex.o
    0x08001824   0x08001824   0x00000184   Code   RO          847    i.HAL_RCC_ClockConfig  stm32f4xx_hal_rcc.o
    0x080019a8   0x080019a8   0x0000000c   Code   RO          852    i.HAL_RCC_GetHCLKFreq  stm32f4xx_hal_rcc.o
    0x080019b4   0x080019b4   0x00000020   Code   RO          854    i.HAL_RCC_GetPCLK1Freq  stm32f4xx_hal_rcc.o
    0x080019d4   0x080019d4   0x00000020   Code   RO          855    i.HAL_RCC_GetPCLK2Freq  stm32f4xx_hal_rcc.o
    0x080019f4   0x080019f4   0x000000b0   Code   RO          856    i.HAL_RCC_GetSysClockFreq  stm32f4xx_hal_rcc.o
    0x08001aa4   0x08001aa4   0x0000049c   Code   RO          859    i.HAL_RCC_OscConfig  stm32f4xx_hal_rcc.o
    0x08001f40   0x08001f40   0x00000034   Code   RO         1840    i.HAL_SYSTICK_Config  stm32f4xx_hal_cortex.o
    0x08001f74   0x08001f74   0x00000070   Code   RO         2356    i.HAL_UARTEx_ReceiveToIdle_DMA  stm32f4xx_hal_uart.o
    0x08001fe4   0x08001fe4   0x00000128   Code   RO         3215    i.HAL_UARTEx_RxEventCallback  drv_uart.o
    0x0800210c   0x0800210c   0x00000002   Code   RO         2372    i.HAL_UART_ErrorCallback  stm32f4xx_hal_uart.o
    0x0800210e   0x0800210e   0x00000002   PAD
    0x08002110   0x08002110   0x00000308   Code   RO         2375    i.HAL_UART_IRQHandler  stm32f4xx_hal_uart.o
    0x08002418   0x08002418   0x00000076   Code   RO         2376    i.HAL_UART_Init     stm32f4xx_hal_uart.o
    0x0800248e   0x0800248e   0x00000002   PAD
    0x08002490   0x08002490   0x0000011c   Code   RO          209    i.HAL_UART_MspInit  usart.o
    0x080025ac   0x080025ac   0x00000002   Code   RO         2382    i.HAL_UART_RxCpltCallback  stm32f4xx_hal_uart.o
    0x080025ae   0x080025ae   0x00000002   Code   RO         2383    i.HAL_UART_RxHalfCpltCallback  stm32f4xx_hal_uart.o
    0x080025b0   0x080025b0   0x00000002   Code   RO         2387    i.HAL_UART_TxCpltCallback  stm32f4xx_hal_uart.o
    0x080025b2   0x080025b2   0x00000004   Code   RO          259    i.HardFault_Handler  stm32f4xx_it.o
    0x080025b6   0x080025b6   0x00000002   PAD
    0x080025b8   0x080025b8   0x00000040   Code   RO          137    i.MX_CAN1_Init      can.o
    0x080025f8   0x080025f8   0x00000048   Code   RO          180    i.MX_DMA_Init       dma.o
    0x08002640   0x08002640   0x000000b0   Code   RO           13    i.MX_GPIO_Init      gpio.o
    0x080026f0   0x080026f0   0x00000038   Code   RO          210    i.MX_USART2_UART_Init  usart.o
    0x08002728   0x08002728   0x00000004   Code   RO          260    i.MemManage_Handler  stm32f4xx_it.o
    0x0800272c   0x0800272c   0x00000004   Code   RO          261    i.NMI_Handler       stm32f4xx_it.o
    0x08002730   0x08002730   0x00000002   Code   RO          262    i.PendSV_Handler    stm32f4xx_it.o
    0x08002732   0x08002732   0x00000002   Code   RO          263    i.SVC_Handler       stm32f4xx_it.o
    0x08002734   0x08002734   0x00000008   Code   RO          264    i.SysTick_Handler   stm32f4xx_it.o
    0x0800273c   0x0800273c   0x00000014   Code   RO         2782    i.SystemInit        system_stm32f4xx.o
    0x08002750   0x08002750   0x000000d8   Code   RO         2389    i.UART_Start_Receive_DMA  stm32f4xx_hal_uart.o
    0x08002828   0x08002828   0x00000010   Code   RO          265    i.USART2_IRQHandler  stm32f4xx_it.o
    0x08002838   0x08002838   0x00000004   Code   RO          266    i.UsageFault_Handler  stm32f4xx_it.o
    0x0800283c   0x0800283c   0x00000024   Code   RO          399    i._Z10move_frontf   main.o
    0x08002860   0x08002860   0x00000024   Code   RO          400    i._Z10move_rightf   main.o
    0x08002884   0x08002884   0x00000024   Code   RO          401    i._Z10turn_rightf   main.o
    0x080028a8   0x080028a8   0x00000028   Code   RO         3077    i._Z13CAN_Send_DataP17CAN_HandleTypeDeftPht  drv_can.o
    0x080028d0   0x080028d0   0x00000010   Code   RO          402    i._Z14Direction_Initv  main.o
    0x080028e0   0x080028e0   0x0000006c   Code   RO         3268    i._Z16allocate_tx_dataP17CAN_HandleTypeDef17Enum_CAN_Motor_ID  dvc_motor.o
    0x0800294c   0x0800294c   0x000000bc   Code   RO          403    i._Z18SystemClock_Configv  main.o
    0x08002a08   0x08002a08   0x00000060   Code   RO          404    i._Z19CAN_Motor_Call_BackP20Struct_CAN_Rx_Buffer  main.o
    0x08002a68   0x08002a68   0x0000006e   Code   RO         3078    i._Z22CAN_Filter_Mask_ConfigP17CAN_HandleTypeDefhjj  drv_can.o
    0x08002ad6   0x08002ad6   0x00000002   PAD
    0x08002ad8   0x08002ad8   0x00000554   Code   RO          405    i._Z25UART_Serialplot_Call_BackPht  main.o
    0x0800302c   0x0800302c   0x00000034   Code   RO         3079    i._Z29TIM_CAN_PeriodElapsedCallbackv  drv_can.o
    0x08003060   0x08003060   0x00000024   Code   RO          406    i._Z4stopf          main.o
    0x08003084   0x08003084   0x00000084   Code   RO         3080    i._Z8CAN_InitP17CAN_HandleTypeDefPFvP20Struct_CAN_Rx_BufferE  drv_can.o
    0x08003108   0x08003108   0x00000110   Code   RO         3218    i._Z9UART_InitP20__UART_HandleTypeDefPFvPhtEt  drv_uart.o
    0x08003218   0x08003218   0x00000024   Code   RO          407    i._Z9move_backf     main.o
    0x0800323c   0x0800323c   0x00000024   Code   RO          408    i._Z9move_leftf     main.o
    0x08003260   0x08003260   0x00000258   Code   RO          409    i._Z9omni_movefff   main.o
    0x080034b8   0x080034b8   0x00000024   Code   RO          410    i._Z9turn_leftf     main.o
    0x080034dc   0x080034dc   0x00000006   Code   RO         3297    i._ZN16Class_Motor_C62016Set_Target_OmegaEf  dvc_motor.o
    0x080034e2   0x080034e2   0x00000002   PAD
    0x080034e4   0x080034e4   0x000000e4   Code   RO         3300    i._ZN16Class_Motor_C62018CAN_RxCpltCallbackEPh  dvc_motor.o
    0x080035c8   0x080035c8   0x00000130   Code   RO         3305    i._ZN16Class_Motor_C62029TIM_PID_PeriodElapsedCallbackEv  dvc_motor.o
    0x080036f8   0x080036f8   0x00000058   Code   RO         3307    i._ZN16Class_Motor_C6204InitEP17CAN_HandleTypeDef17Enum_CAN_Motor_ID19Enum_Control_Methodff  dvc_motor.o
    0x08003750   0x08003750   0x00000028   Code   RO         3308    i._ZN16Class_Motor_C6206OutputEv  dvc_motor.o
    0x08003778   0x08003778   0x00000006   Code   RO         3310    i._ZN16Class_Motor_C6207Set_OutEf  dvc_motor.o
    0x0800377e   0x0800377e   0x00000002   PAD
    0x08003780   0x08003780   0x0000009c   Code   RO          519    i._ZN16Class_Motor_C620C1Ev  main.o
    0x0800381c   0x0800381c   0x00000008   Code   RO         3735    i._ZN16Class_Serialplot18Get_Variable_IndexEv  dvc_serialplot.o
    0x08003824   0x08003824   0x00000018   Code   RO         3736    i._ZN16Class_Serialplot18Get_Variable_ValueEv  dvc_serialplot.o
    0x0800383c   0x0800383c   0x00000060   Code   RO         3737    i._ZN16Class_Serialplot19Judge_Variable_NameEv  dvc_serialplot.o
    0x0800389c   0x0800389c   0x00000018   Code   RO         3738    i._ZN16Class_Serialplot19UART_RxCpltCallbackEPh  dvc_serialplot.o
    0x080038b4   0x080038b4   0x000000dc   Code   RO         3739    i._ZN16Class_Serialplot20Judge_Variable_ValueEi  dvc_serialplot.o
    0x08003990   0x08003990   0x00000098   Code   RO         3741    i._ZN16Class_Serialplot4InitEP20__UART_HandleTypeDefhPPc25Enum_Serialplot_Data_Typeh  dvc_serialplot.o
    0x08003a28   0x08003a28   0x0000002c   Code   RO         1494    i._ZN41_INTERNAL_19_stm32f4xx_hal_dma_c_c25f65ec13DMA_SetConfigEP19__DMA_HandleTypeDefjjj  stm32f4xx_hal_dma.o
    0x08003a54   0x08003a54   0x000000aa   Code   RO         1495    i._ZN41_INTERNAL_19_stm32f4xx_hal_dma_c_c25f65ec18DMA_CheckFifoParamEP19__DMA_HandleTypeDef  stm32f4xx_hal_dma.o
    0x08003afe   0x08003afe   0x00000002   PAD
    0x08003b00   0x08003b00   0x00000034   Code   RO         1496    i._ZN41_INTERNAL_19_stm32f4xx_hal_dma_c_c25f65ec23DMA_CalcBaseAndBitshiftEP19__DMA_HandleTypeDef  stm32f4xx_hal_dma.o
    0x08003b34   0x08003b34   0x00000050   Code   RO         2391    i._ZN42_INTERNAL_20_stm32f4xx_hal_uart_c_d497114f13UART_DMAErrorEP19__DMA_HandleTypeDef  stm32f4xx_hal_uart.o
    0x08003b84   0x08003b84   0x0000022c   Code   RO         2392    i._ZN42_INTERNAL_20_stm32f4xx_hal_uart_c_d497114f14UART_SetConfigEP20__UART_HandleTypeDef  stm32f4xx_hal_uart.o
    0x08003db0   0x08003db0   0x000000fc   Code   RO         2393    i._ZN42_INTERNAL_20_stm32f4xx_hal_uart_c_d497114f15UART_Receive_ITEP20__UART_HandleTypeDef  stm32f4xx_hal_uart.o
    0x08003eac   0x08003eac   0x00000060   Code   RO         2394    i._ZN42_INTERNAL_20_stm32f4xx_hal_uart_c_d497114f16UART_Transmit_ITEP20__UART_HandleTypeDef  stm32f4xx_hal_uart.o
    0x08003f0c   0x08003f0c   0x00000024   Code   RO         2395    i._ZN42_INTERNAL_20_stm32f4xx_hal_uart_c_d497114f18UART_DMARxHalfCpltEP19__DMA_HandleTypeDef  stm32f4xx_hal_uart.o
    0x08003f30   0x08003f30   0x0000006c   Code   RO         2397    i._ZN42_INTERNAL_20_stm32f4xx_hal_uart_c_d497114f18UART_EndRxTransferEP20__UART_HandleTypeDef  stm32f4xx_hal_uart.o
    0x08003f9c   0x08003f9c   0x00000026   Code   RO         2398    i._ZN42_INTERNAL_20_stm32f4xx_hal_uart_c_d497114f18UART_EndTxTransferEP20__UART_HandleTypeDef  stm32f4xx_hal_uart.o
    0x08003fc2   0x08003fc2   0x000000b4   Code   RO         2399    i._ZN42_INTERNAL_20_stm32f4xx_hal_uart_c_d497114f19UART_DMAReceiveCpltEP19__DMA_HandleTypeDef  stm32f4xx_hal_uart.o
    0x08004076   0x08004076   0x00000020   Code   RO         2400    i._ZN42_INTERNAL_20_stm32f4xx_hal_uart_c_d497114f19UART_EndTransmit_ITEP20__UART_HandleTypeDef  stm32f4xx_hal_uart.o
    0x08004096   0x08004096   0x00000012   Code   RO         2401    i._ZN42_INTERNAL_20_stm32f4xx_hal_uart_c_d497114f20UART_DMAAbortOnErrorEP19__DMA_HandleTypeDef  stm32f4xx_hal_uart.o
    0x080040a8   0x080040a8   0x00000028   Code   RO         1842    i._ZN44_INTERNAL_22_stm32f4xx_hal_cortex_c_2992dbc018__NVIC_SetPriorityE9IRQn_Typej  stm32f4xx_hal_cortex.o
    0x080040d0   0x080040d0   0x00000010   Code   RO         1843    i._ZN44_INTERNAL_22_stm32f4xx_hal_cortex_c_2992dbc026__NVIC_GetPriorityGroupingEv  stm32f4xx_hal_cortex.o
    0x080040e0   0x080040e0   0x00000006   Code   RO         2817    i._ZN9Class_PID10Set_TargetEf  alg_pid.o
    0x080040e6   0x080040e6   0x00000002   PAD
    0x080040e8   0x080040e8   0x00000274   Code   RO         2825    i._ZN9Class_PID32TIM_Adjust_PeriodElapsedCallbackEv  alg_pid.o
    0x0800435c   0x0800435c   0x00000030   Code   RO         2826    i._ZN9Class_PID4InitEfffffffffff16Enum_PID_D_First  alg_pid.o
    0x0800438c   0x0800438c   0x00000006   Code   RO         2827    i._ZN9Class_PID7Get_OutEv  alg_pid.o
    0x08004392   0x08004392   0x00000006   Code   RO         2828    i._ZN9Class_PID7Set_K_DEf  alg_pid.o
    0x08004398   0x08004398   0x00000006   Code   RO         2830    i._ZN9Class_PID7Set_K_IEf  alg_pid.o
    0x0800439e   0x0800439e   0x00000006   Code   RO         2831    i._ZN9Class_PID7Set_K_PEf  alg_pid.o
    0x080043a4   0x080043a4   0x00000006   Code   RO         2832    i._ZN9Class_PID7Set_NowEf  alg_pid.o
    0x080043aa   0x080043aa   0x00000002   PAD
    0x080043ac   0x080043ac   0x00000090   Code   RO          516    i._ZN9Class_PIDC1Ev  main.o
    0x0800443c   0x0800443c   0x00000026   Code   RO         3936    i.__ARM_fpclassifyf  m_wm.l(fpclassifyf.o)
    0x08004462   0x08004462   0x00000002   PAD
    0x08004464   0x08004464   0x00000664   Code   RO         3847    i.__hardfp_powf     m_wm.l(powf.o)
    0x08004ac8   0x08004ac8   0x00000014   Code   RO         3938    i.__mathlib_flt_divzero  m_wm.l(funder.o)
    0x08004adc   0x08004adc   0x00000006   Code   RO         3940    i.__mathlib_flt_infnan2  m_wm.l(funder.o)
    0x08004ae2   0x08004ae2   0x00000002   PAD
    0x08004ae4   0x08004ae4   0x00000010   Code   RO         3941    i.__mathlib_flt_invalid  m_wm.l(funder.o)
    0x08004af4   0x08004af4   0x00000010   Code   RO         3942    i.__mathlib_flt_overflow  m_wm.l(funder.o)
    0x08004b04   0x08004b04   0x00000010   Code   RO         3944    i.__mathlib_flt_underflow  m_wm.l(funder.o)
    0x08004b14   0x08004b14   0x00000048   Code   RO          411    i.__sti___6_main_c_18ce1bfb  main.o
    0x08004b5c   0x08004b5c   0x00000210   Code   RO          412    i.main              main.o
    0x08004d6c   0x08004d6c   0x00000028   Code   RO         2923    t._Z14Math_ConstrainIfEvPT_S0_S0_  alg_pid.o
    0x08004d94   0x08004d94   0x0000001a   Code   RO         2916    t._Z8Math_AbsIfET_S0_  alg_pid.o
    0x08004dae   0x08004dae   0x00000002   PAD
    0x08004db0   0x08004db0   0x00000062   Code   RO         3843    x$fpl$d2f           fz_wm.l(d2f.o)
    0x08004e12   0x08004e12   0x0000009c   Code   RO         3925    x$fpl$dnaninf       fz_wm.l(dnaninf.o)
    0x08004eae   0x08004eae   0x0000000c   Code   RO         3927    x$fpl$dretinf       fz_wm.l(dretinf.o)
    0x08004eba   0x08004eba   0x00000002   PAD
    0x08004ebc   0x08004ebc   0x00000056   Code   RO         3845    x$fpl$f2d           fz_wm.l(f2d.o)
    0x08004f12   0x08004f12   0x0000008c   Code   RO         3929    x$fpl$fnaninf       fz_wm.l(fnaninf.o)
    0x08004f9e   0x08004f9e   0x0000000a   Code   RO         3979    x$fpl$fpinit        fz_wm.l(fpinit.o)
    0x08004fa8   0x08004fa8   0x0000000a   Code   RO         3931    x$fpl$fretinf       fz_wm.l(fretinf.o)
    0x08004fb2   0x08004fb2   0x00000000   Code   RO         3935    x$fpl$usenofp       fz_wm.l(usenofp.o)
    0x08004fb2   0x08004fb2   0x00000008   Data   RO         1512    .constdata          stm32f4xx_hal_dma.o
    0x08004fba   0x08004fba   0x00000018   Data   RO         2785    .constdata          system_stm32f4xx.o
    0x08004fd2   0x08004fd2   0x00000002   PAD
    0x08004fd4   0x08004fd4   0x00000140   Data   RO         3850    .constdata          m_wm.l(powf.o)
    0x08005114   0x08005114   0x00000020   Data   RO         4073    Region$$Table       anon$$obj.o
    0x08005134   0x08005134   0x00000004   Data   RO          430    .init_array         main.o
    0x08005138   0x08005134   0x00000000   Data   RO         3838    .init_array         c_w.l(init_aeabi.o)


    Execution Region RW_IRAM2 (Exec base: 0x10000000, Load base: 0x08005168, Size: 0x00000000, Max: 0x00010000, ABSOLUTE)

    **** No section assigned to this execution region ****


    Execution Region RW_IRAM1 (Exec base: 0x20000000, Load base: 0x08005138, Size: 0x00002010, Max: 0x00030000, ABSOLUTE, COMPRESSED[0x00000030])

    Exec Addr    Load Addr    Size         Type   Attr      Idx    E Section Name        Object

    0x20000000   COMPRESSED   0x00000350   Data   RW          429    .data               main.o
    0x20000350   COMPRESSED   0x00000009   Data   RW         2060    .data               stm32f4xx_hal.o
    0x20000359   COMPRESSED   0x00000003   PAD
    0x2000035c   COMPRESSED   0x00000004   Data   RW         2786    .data               system_stm32f4xx.o
    0x20000360   COMPRESSED   0x0000003c   Data   RW         3088    .data               drv_can.o
    0x2000039c        -       0x00000028   Zero   RW          141    .bss                can.o
    0x200003c4        -       0x00000108   Zero   RW          214    .bss                usart.o
    0x200004cc        -       0x00000428   Zero   RW          428    .bss                main.o
    0x200008f4        -       0x00000058   Zero   RW         3087    .bss                drv_can.o
    0x2000094c        -       0x00001060   Zero   RW         3223    .bss                drv_uart.o
    0x200019ac        -       0x00000060   Zero   RW         3982    .bss                c_w.l(libspace.o)
    0x20001a0c   COMPRESSED   0x00000004   PAD
    0x20001a10        -       0x00000200   Zero   RW            2    HEAP                startup_stm32f427xx.o
    0x20001c10        -       0x00000400   Zero   RW            1    STACK               startup_stm32f427xx.o


==============================================================================

Image component sizes


      Code (inc. data)   RO Data    RW Data    ZI Data      Debug   Object Name

       778          6          0          0          0       7152   alg_pid.o
       232         22          0          0         40       1645   can.o
        72          4          0          0          0        766   dma.o
       510         60          0         60         88       5547   drv_can.o
       568         98          0          0       4192       3000   drv_uart.o
       780         60          0          0          0     622768   dvc_motor.o
       524         56          0          0          0       7127   dvc_serialplot.o
       176          8          0          0          0     719183   gpio.o
      3422        312          4        848       1064      19959   main.o
        64         26        428          0       1536        828   startup_stm32f427xx.o
       212         36          0          9          0       9449   stm32f4xx_hal.o
      2100          4          0          0          0      12784   stm32f4xx_hal_can.o
       312         22          0          0          0      34227   stm32f4xx_hal_cortex.o
      1436         16          8          0          0       6926   stm32f4xx_hal_dma.o
       528         54          0          0          0       1464   stm32f4xx_hal_gpio.o
        72          4          0          0          0        854   stm32f4xx_hal_msp.o
       140         12          0          0          0       1272   stm32f4xx_hal_pwr_ex.o
      1820         84          0          0          0       5552   stm32f4xx_hal_rcc.o
      2626         28          0          0          0      14045   stm32f4xx_hal_uart.o
       114         30          0          0          0       6522   stm32f4xx_it.o
        20          6         24          4          0       1107   system_stm32f4xx.o
       340         36          0          0        264       1852   usart.o

    ----------------------------------------------------------------------
     16878        984        498        924       7184    1484029   Object Totals
         0          0         32          0          0          0   (incl. Generated)
        32          0          2          3          0          0   (incl. Padding)

    ----------------------------------------------------------------------

      Code (inc. data)   RO Data    RW Data    ZI Data      Debug   Library Member Name

        58          0          0          0          0          0   __dczerorl.o
         8          0          0          0          0         68   __main.o
         0          0          0          0          0          0   __rtentry.o
        12          0          0          0          0          0   __rtentry2.o
         6          0          0          0          0          0   __rtentry4.o
        52          8          0          0          0          0   __scatter.o
        28          0          0          0          0          0   __scatter_zi.o
        22          0          0          0          0        100   _rserrno.o
        18          0          0          0          0         80   exit.o
         6          0          0          0          0        152   heapauxi.o
         0          0          0          0          0          0   indicate_semi.o
        36         10          0          0          0         80   init_aeabi.o
         2          0          0          0          0          0   libinit.o
        10          0          0          0          0          0   libinit2.o
         2          0          0          0          0          0   libshutdown.o
         2          0          0          0          0          0   libshutdown2.o
         8          4          0          0         96         68   libspace.o
       238          0          0          0          0        100   lludivv7m.o
         8          4          0          0          0         68   rt_errno_addr_intlibspace.o
        78          0          0          0          0         80   rt_memclr_w.o
         2          0          0          0          0          0   rtexit.o
        10          0          0          0          0          0   rtexit2.o
       128          0          0          0          0         68   strcmpv7m.o
        12          4          0          0          0         68   sys_exit.o
        74          0          0          0          0         80   sys_stackheap_outer.o
         2          0          0          0          0         68   use_no_semi.o
        98          4          0          0          0        140   d2f.o
       156          4          0          0          0        140   dnaninf.o
        12          0          0          0          0        116   dretinf.o
        86          4          0          0          0        132   f2d.o
       140          4          0          0          0        132   fnaninf.o
        10          0          0          0          0        116   fpinit.o
        10          0          0          0          0        116   fretinf.o
         0          0          0          0          0          0   usenofp.o
        38          0          0          0          0        116   fpclassifyf.o
        74         24          0          0          0        580   funder.o
      1636        110        320          0          0        372   powf.o

    ----------------------------------------------------------------------
      3096        180        320          0        100       3040   Library Totals
        14          0          0          0          4          0   (incl. Padding)

    ----------------------------------------------------------------------

      Code (inc. data)   RO Data    RW Data    ZI Data      Debug   Library Name

       822         30          0          0         96       1080   c_w.l
       512         16          0          0          0        892   fz_wm.l
      1748        134        320          0          0       1068   m_wm.l

    ----------------------------------------------------------------------
      3096        180        320          0        100       3040   Library Totals

    ----------------------------------------------------------------------

==============================================================================


      Code (inc. data)   RO Data    RW Data    ZI Data      Debug   

     19974       1164        818        924       7284    1473301   Grand Totals
     19974       1164        818         48       7284    1473301   ELF Image Totals (compressed)
     19974       1164        818         48          0          0   ROM Totals

==============================================================================

    Total RO  Size (Code + RO Data)                20792 (  20.30kB)
    Total RW  Size (RW Data + ZI Data)              8208 (   8.02kB)
    Total ROM Size (Code + RO Data + RW Data)      20840 (  20.35kB)

==============================================================================

